03-02 23:03:58.419   487   487 I SystemServerTiming: OnBootPhase_520_com.android.server.autofill.AutofillManagerService
03-02 23:03:58.419   487   487 I SystemServerTiming: OnBootPhase_520_com.android.server.clipboard.ClipboardService
03-02 23:03:58.419   487   487 I SystemServerTiming: OnBootPhase_520_com.android.server.appbinding.AppBindingService$Lifecycle
03-02 23:03:58.419   487   487 I SystemServerTiming: OnBootPhase_520_com.android.server.policy.PermissionPolicyService
03-02 23:03:58.419   487   487 I SystemServerTiming: OnBootPhase_520_com.android.server.pm.StagingManager$Lifecycle
03-02 23:03:58.419   487   487 I SystemServerTiming: PhaseActivityManagerReady
03-02 23:03:58.419   487   487 I SystemServerTiming: controllersReady
03-02 23:03:58.437   487   510 I SystemServerTimingAsync: InitThreadPoolExec:Update app-ops uidState in case package com.example.pim changed
03-02 23:03:58.438   487   538 I SystemServerTimingAsync: InitThreadPoolExec:Update app-ops uidState in case package com.example.day12_login changed
03-02 23:03:58.439   487   510 I SystemServerTimingAsync: InitThreadPoolExec:Update app-ops uidState in case package com.example.flutter_auth changed
03-02 23:03:58.439   487   510 I SystemServerTimingAsync: InitThreadPoolExec:Update app-ops uidState in case package thealphamerc.flutter_login_signup changed
03-02 23:03:58.439   487   510 I SystemServerTimingAsync: InitThreadPoolExec:Update app-ops uidState in case package com.example.best_flutter_ui_templates changed
03-02 23:03:58.439   487   510 I SystemServerTimingAsync: InitThreadPoolExec:Update app-ops uidState in case package com.google.android.cellbroadcastreceiver changed
03-02 23:03:58.439   487   510 I SystemServerTimingAsync: InitThreadPoolExec:Update app-ops uidState in case package com.google.android.providers.media.module changed
03-02 23:03:58.439   487   510 I SystemServerTimingAsync: InitThreadPoolExec:Update app-ops uidState in case package com.android.systemui changed
03-02 23:03:58.439   487   510 I SystemServerTimingAsync: InitThreadPoolExec:Update app-ops uidState in case package com.google.android.apps.wallpaper changed
03-02 23:03:58.440   487   510 I SystemServerTimingAsync: InitThreadPoolExec:Update app-ops uidState in case package com.google.android.deskclock changed
03-02 23:03:58.440   487   510 I SystemServerTimingAsync: InitThreadPoolExec:Update app-ops uidState in case package com.google.android.apps.maps changed
03-02 23:03:58.440   487   510 I SystemServerTimingAsync: InitThreadPoolExec:Update app-ops uidState in case package com.google.android.gm changed
03-02 23:03:58.440   487   510 I SystemServerTimingAsync: InitThreadPoolExec:Update app-ops uidState in case package com.google.android.calendar changed
03-02 23:03:58.440   487   510 I SystemServerTimingAsync: InitThreadPoolExec:Update app-ops uidState in case package com.google.android.youtube changed
03-02 23:03:58.440   487   510 I SystemServerTimingAsync: InitThreadPoolExec:Update app-ops uidState in case package com.google.android.videos changed
03-02 23:03:58.440   487   510 I SystemServerTimingAsync: InitThreadPoolExec:Update app-ops uidState in case package com.google.android.inputmethod.latin changed
03-02 23:03:58.440   487   510 I SystemServerTimingAsync: InitThreadPoolExec:Update app-ops uidState in case package com.google.android.apps.messaging changed
03-02 23:03:58.440   487   510 I SystemServerTimingAsync: InitThreadPoolExec:Update app-ops uidState in case package com.google.android.apps.photos changed
03-02 23:03:58.440   487   510 I SystemServerTimingAsync: InitThreadPoolExec:Update app-ops uidState in case package com.android.chrome changed
03-02 23:03:58.440   487   510 I SystemServerTimingAsync: InitThreadPoolExec:Update app-ops uidState in case package com.google.android.apps.tachyon changed
03-02 23:03:58.440   487   510 I SystemServerTimingAsync: InitThreadPoolExec:Update app-ops uidState in case package com.google.android.apps.docs changed
03-02 23:03:58.440   487   510 I SystemServerTimingAsync: InitThreadPoolExec:Update app-ops uidState in case package com.google.android.apps.youtube.music changed
03-02 23:03:58.440   487   510 I SystemServerTimingAsync: InitThreadPoolExec:Update app-ops uidState in case package com.google.android.googlequicksearchbox changed
03-02 23:03:58.440   487   510 I SystemServerTimingAsync: InitThreadPoolExec:Update app-ops uidState in case package com.google.android.gms changed
03-02 23:03:58.441   487   538 I SystemServerTimingAsync: InitThreadPoolExec:Update app-ops uidState in case package com.google.android.gsf changed
03-02 23:03:58.442   487   487 I SystemServerTiming: killProcesses
03-02 23:03:58.442   487   487 I ActivityManager: System now ready
03-02 23:03:58.442   487   487 I SystemServerTiming: updateTopComponentForFactoryTest
03-02 23:03:58.442   487   487 I SystemServerTiming: registerActivityLaunchObserver
03-02 23:03:58.442   487   487 I SystemServerTiming: watchDeviceProvisioning
03-02 23:03:58.449   487   538 I SystemServerTimingAsync: InitThreadPoolExec:Update app-ops uidState in case package com.google.android.apps.wellbeing changed
03-02 23:03:58.449   487   538 I SystemServerTimingAsync: InitThreadPoolExec:Update app-ops uidState in case package com.google.android.projection.gearhead changed
03-02 23:03:58.449   487   538 I SystemServerTimingAsync: InitThreadPoolExec:Update app-ops uidState in case package com.android.vending changed
03-02 23:03:58.449   487   538 I SystemServerTimingAsync: InitThreadPoolExec:Update app-ops uidState in case package com.android.dialer changed
03-02 23:03:58.449   487   538 I SystemServerTimingAsync: InitThreadPoolExec:Update app-ops uidState in case package com.google.android.ims changed
03-02 23:03:58.449   487   538 I SystemServerTimingAsync: InitThreadPoolExec:Update app-ops uidState in case package com.google.android.setupwizard changed
03-02 23:03:58.449   487   538 I SystemServerTimingAsync: InitThreadPoolExec:Update app-ops uidState in case package com.android.providers.calendar changed
03-02 23:03:58.449   487   538 I SystemServerTimingAsync: InitThreadPoolExec:Update app-ops uidState in case package com.android.providers.blockednumber changed
03-02 23:03:58.449   487   538 I SystemServerTimingAsync: InitThreadPoolExec:Update app-ops uidState in case package com.android.providers.contacts changed
03-02 23:03:58.449   487   538 I SystemServerTimingAsync: InitThreadPoolExec:Update app-ops uidState in case package com.google.android.cellbroadcastservice changed
03-02 23:03:58.449   487   538 I SystemServerTimingAsync: InitThreadPoolExec:Update app-ops uidState in case package com.android.bluetooth changed
03-02 23:03:58.449   487   538 I SystemServerTimingAsync: InitThreadPoolExec:Update app-ops uidState in case package com.android.phone changed
03-02 23:03:58.449   487   538 I SystemServerTimingAsync: InitThreadPoolExec:Update app-ops uidState in case package android changed
03-02 23:03:58.449   487   538 I SystemServerTimingAsync: InitThreadPoolExec:Update app-ops uidState in case package com.android.server.telecom changed
03-02 23:03:58.449   487   538 I SystemServerTimingAsync: InitThreadPoolExec:Update app-ops uidState in case package com.android.settings changed
03-02 23:03:58.456   487   487 I SystemServerTiming: retrieveSettings
03-02 23:03:58.458   487   487 I SystemServerTiming: Ugm.onSystemReady
03-02 23:03:58.459   487   487 I SystemServerTiming: updateForceBackgroundCheck
03-02 23:03:58.459   487   487 I SystemServer: Making services ready
03-02 23:03:58.459   487   487 I SystemServerTiming: StartActivityManagerReadyPhase
03-02 23:03:58.459   487   487 I SystemServiceManager: Starting phase 550
03-02 23:03:58.459   487   487 I SystemServerTiming: OnBootPhase_550
03-02 23:03:58.459   487   487 I SystemServerTiming: OnBootPhase_550_com.android.server.security.FileIntegrityService
03-02 23:03:58.459   487   487 I SystemServerTiming: OnBootPhase_550_com.android.server.pm.Installer
03-02 23:03:58.459   487   487 I SystemServerTiming: OnBootPhase_550_com.android.server.os.DeviceIdentifiersPolicyService
03-02 23:03:58.459   487   487 I SystemServerTiming: OnBootPhase_550_com.android.server.uri.UriGrantsManagerService$Lifecycle
03-02 23:03:58.459   487   487 I SystemServerTiming: OnBootPhase_550_com.android.server.wm.ActivityTaskManagerService$Lifecycle
03-02 23:03:58.459   487   487 I SystemServerTiming: OnBootPhase_550_com.android.server.am.ActivityManagerService$Lifecycle
03-02 23:03:58.459   487   487 I SystemServerTiming: OnBootPhase_550_com.android.server.pm.DataLoaderManagerService
03-02 23:03:58.459   487   487 I SystemServerTiming: OnBootPhase_550_com.android.server.power.PowerManagerService
03-02 23:03:58.459   487   487 I SystemServerTiming: OnBootPhase_550_com.android.server.power.ThermalManagerService
03-02 23:03:58.464   487   487 I ThermalHalWrapper: Thermal HAL 2.0 service connected.
03-02 23:03:58.465   487   487 I SystemServerTiming: OnBootPhase_550_com.android.server.recoverysystem.RecoverySystemService$Lifecycle
03-02 23:03:58.465   487   487 I SystemServerTiming: OnBootPhase_550_com.android.server.lights.LightsService
03-02 23:03:58.465   487   487 I SystemServerTiming: OnBootPhase_550_com.android.server.display.DisplayManagerService
03-02 23:03:58.465   487   487 I SystemServerTiming: OnBootPhase_550_com.android.server.pm.UserManagerService$LifeCycle
03-02 23:03:58.465   487   487 I SystemServerTiming: OnBootPhase_550_com.android.server.om.OverlayManagerService
03-02 23:03:58.465   487   487 I SystemServerTiming: OnBootPhase_550_com.android.server.SensorPrivacyService
03-02 23:03:58.465   487   487 I SystemServerTiming: OnBootPhase_550_com.android.server.SystemConfigService
03-02 23:03:58.466   487   487 I SystemServerTiming: OnBootPhase_550_com.android.server.BatteryService
03-02 23:03:58.466   487   487 I SystemServerTiming: OnBootPhase_550_com.android.server.usage.UsageStatsService
03-02 23:03:58.466   487   487 I SystemServerTiming: OnBootPhase_550_com.android.server.webkit.WebViewUpdateService
03-02 23:03:58.466   487   487 I SystemServerTiming: OnBootPhase_550_com.android.server.CachedDeviceStateService
03-02 23:03:58.466   487   487 I SystemServerTiming: OnBootPhase_550_com.android.server.BinderCallsStatsService$LifeCycle
03-02 23:03:58.466   487   487 I SystemServerTiming: OnBootPhase_550_com.android.server.LooperStatsService$Lifecycle
03-02 23:03:58.466   487   487 I SystemServerTiming: OnBootPhase_550_com.android.server.rollback.RollbackManagerService
03-02 23:03:58.466   487   487 I SystemServerTiming: OnBootPhase_550_com.android.server.os.BugreportManagerService
03-02 23:03:58.466   487   487 I SystemServerTiming: OnBootPhase_550_com.android.server.gpu.GpuService
03-02 23:03:58.466   487   487 I SystemServerTiming: OnBootPhase_550_com.android.server.security.KeyChainSystemService
03-02 23:03:58.466   487   487 I SystemServerTiming: OnBootPhase_550_com.android.server.telecom.TelecomLoaderService
03-02 23:03:58.466   487   487 W ActivityManager: Too early to start/bind service in system_server: Phase=550 ComponentInfo{com.android.server.telecom/com.android.server.telecom.components.TelecomService}
03-02 23:03:58.467   487   487 W ActivityManager: Too early to start/bind service in system_server: Phase=550 ComponentInfo{com.android.server.telecom/com.android.server.telecom.components.TelecomService}
03-02 23:03:58.467   487   487 I SystemServerTiming: OnBootPhase_550_com.android.server.accounts.AccountManagerService$Lifecycle
03-02 23:03:58.467   487   487 I SystemServerTiming: OnBootPhase_550_com.android.server.content.ContentService$Lifecycle
03-02 23:03:58.473   487   487 I SyncManager: No initial accounts
03-02 23:03:58.476   487   487 I SystemServerTiming: OnBootPhase_550_com.android.server.DropBoxManagerService
03-02 23:03:58.476   487   487 I SystemServerTiming: OnBootPhase_550_com.android.server.AlarmManagerService
03-02 23:03:58.476   487   487 I SystemServerTiming: OnBootPhase_550_com.android.server.BluetoothService
03-02 23:03:58.476   487   487 D BluetoothManagerService: Bluetooth boot completed
03-02 23:03:58.477   487   487 D BluetoothManagerService: Auto-enabling Bluetooth.
03-02 23:03:58.478   487   487 I SystemServerTiming: OnBootPhase_550_com.android.server.connectivity.IpConnectivityMetrics
03-02 23:03:58.478   487   487 I SystemServerTiming: OnBootPhase_550_com.android.server.net.watchlist.NetworkWatchlistService$Lifecycle
03-02 23:03:58.480   487   505 D BluetoothManagerService: MESSAGE_ENABLE(0): mBluetooth = null
03-02 23:03:58.480   487   505 D BluetoothManagerService: binding Bluetooth service
03-02 23:03:58.482   487   487 I SystemServerTiming: OnBootPhase_550_com.android.server.PinnerService
03-02 23:03:58.484   487   487 I SystemServerTiming: OnBootPhase_550_com.google.android.startop.iorap.IorapForwardingService
03-02 23:03:58.484   487   487 I SystemServerTiming: OnBootPhase_550_com.android.server.integrity.AppIntegrityManagerService
03-02 23:03:58.484   487   487 I SystemServerTiming: OnBootPhase_550_com.android.server.inputmethod.InputMethodManagerService$Lifecycle
03-02 23:03:58.486   487   505 D CompatibilityChangeReporter: Compat change id reported: 135634846; UID 1002; state: DISABLED
03-02 23:03:58.512   487   512 I DropBoxManagerService: add tag=system_server_wtf isTagEnabled=true flags=0x2
03-02 23:03:58.513   487   513 I ActivityManager: Start proc 622:com.android.bluetooth/1002 for service {com.android.bluetooth/com.android.bluetooth.btservice.AdapterService}
03-02 23:03:58.525   487   487 I SystemServerTiming: OnBootPhase_550_com.android.server.accessibility.AccessibilityManagerService$Lifecycle
03-02 23:03:58.525   487   487 I SystemServerTiming: OnBootPhase_550_com.android.server.StorageManagerService$Lifecycle
03-02 23:03:58.527   487   570 D StorageManagerService: Isolated storage local flag 0 and remote flag 0 resolved to true
03-02 23:03:58.528   487   487 I SystemServerTiming: OnBootPhase_550_com.android.server.usage.StorageStatsService$Lifecycle
03-02 23:03:58.528   487   487 I SystemServerTiming: OnBootPhase_550_com.android.server.UiModeManagerService
03-02 23:03:58.528   487   487 I SystemServerTiming: OnBootPhase_550_com.android.server.locksettings.LockSettingsService$Lifecycle
03-02 23:03:58.531   487   487 I SystemServerTiming: OnBootPhase_550_com.android.server.testharness.TestHarnessModeService
03-02 23:03:58.531   487   487 I SystemServerTiming: OnBootPhase_550_com.android.server.DeviceIdleController
03-02 23:03:58.531   487   487 I SystemServerTiming: OnBootPhase_550_com.android.server.devicepolicy.DevicePolicyManagerService$Lifecycle
03-02 23:03:58.531   487   487 I SystemServerTiming: OnBootPhase_550_com.android.server.contentcapture.ContentCaptureManagerService
03-02 23:03:58.531   487   487 I SystemServerTiming: OnBootPhase_550_com.android.server.systemcaptions.SystemCaptionsManagerService
03-02 23:03:58.531   487   487 I SystemServerTiming: OnBootPhase_550_com.android.server.appprediction.AppPredictionManagerService
03-02 23:03:58.531   487   487 I SystemServerTiming: OnBootPhase_550_com.android.server.contentsuggestions.ContentSuggestionsManagerService
03-02 23:03:58.531   487   487 I SystemServerTiming: OnBootPhase_550_com.android.server.textservices.TextServicesManagerService$Lifecycle
03-02 23:03:58.531   487   487 I SystemServerTiming: OnBootPhase_550_com.android.server.textclassifier.TextClassificationManagerService$Lifecycle
03-02 23:03:58.531   487   487 I SystemServerTiming: OnBootPhase_550_com.android.server.NetworkScoreService$Lifecycle
03-02 23:03:58.531   487   487 I SystemServerTiming: OnBootPhase_550_com.android.server.wifi.WifiService
03-02 23:03:58.531   487   487 I SystemServerTiming: OnBootPhase_550_com.android.server.wifi.scanner.WifiScanningService
03-02 23:03:58.531   487   487 I SystemServerTiming: OnBootPhase_550_com.android.server.wifi.p2p.WifiP2pService
03-02 23:03:58.531   487   487 I SystemServerTiming: OnBootPhase_550_com.android.server.notification.NotificationManagerService
03-02 23:03:58.531   487   487 I SystemServerTiming: OnBootPhase_550_com.android.server.storage.DeviceStorageMonitorService
03-02 23:03:58.531   487   487 I SystemServerTiming: OnBootPhase_550_com.android.server.location.LocationManagerService$Lifecycle
03-02 23:03:58.531   487   487 I SystemServerTiming: OnBootPhase_550_com.android.server.timedetector.TimeDetectorService$Lifecycle
03-02 23:03:58.531   487   487 I SystemServerTiming: OnBootPhase_550_com.android.server.timezonedetector.TimeZoneDetectorService$Lifecycle
03-02 23:03:58.531   487   487 I SystemServerTiming: OnBootPhase_550_com.android.server.search.SearchManagerService$Lifecycle
03-02 23:03:58.531   487   487 I SystemServerTiming: OnBootPhase_550_com.android.server.wallpaper.WallpaperManagerService$Lifecycle
03-02 23:03:58.532   487   487 I WallpaperManagerService: No static wallpaper imagery; defaults will be shown
03-02 23:03:58.532   487   487 V WallpaperManagerService: bindWallpaperComponentLocked: componentName=ComponentInfo{com.android.systemui/com.android.systemui.ImageWallpaper}
03-02 23:03:58.539   393   393 W iorapd  : Tracing disabled by system property
03-02 23:03:58.539   393   393 W iorapd  : Readahead disabled by system property
03-02 23:03:58.539   487   487 D CompatibilityChangeReporter: Compat change id reported: 135634846; UID 10144; state: DISABLED
03-02 23:03:58.540   487   513 D CompatibilityChangeReporter: Compat change id reported: 143937733; UID 10144; state: ENABLED
03-02 23:03:58.543   487   487 W WallpaperManagerService: Invalid wallpaper data
03-02 23:03:58.543   487   487 E WallpaperManagerService: Unable to apply new wallpaper
03-02 23:03:58.544   487   487 I SystemServerTiming: OnBootPhase_550_com.android.server.audio.AudioService$Lifecycle
03-02 23:03:58.546   487   487 I SystemServerTiming: OnBootPhase_550_com.android.server.soundtrigger_middleware.SoundTriggerMiddlewareService$Lifecycle
03-02 23:03:58.546   487   487 I SystemServerTiming: OnBootPhase_550_com.android.server.DockObserver
03-02 23:03:58.546   487   487 I SystemServerTiming: OnBootPhase_550_com.android.server.midi.MidiService$Lifecycle
03-02 23:03:58.546   487   487 I SystemServerTiming: OnBootPhase_550_com.android.server.adb.AdbService$Lifecycle
03-02 23:03:58.546   487   487 I SystemServerTiming: OnBootPhase_550_com.android.server.usb.UsbService$Lifecycle
03-02 23:03:58.546   487   487 I SystemServerTiming: OnBootPhase_550_com.android.server.twilight.TwilightService
03-02 23:03:58.546   487   487 I SystemServerTiming: OnBootPhase_550_com.android.server.display.color.ColorDisplayService
03-02 23:03:58.546   487   487 I SystemServerTiming: OnBootPhase_550_com.android.server.job.JobSchedulerService
03-02 23:03:58.546   487   487 I SystemServerTiming: OnBootPhase_550_com.android.server.soundtrigger.SoundTriggerService
03-02 23:03:58.546   487   487 D SoundTriggerService: onBootPhase: 550 : false
03-02 23:03:58.546   487   487 I SystemServerTiming: OnBootPhase_550_com.android.server.trust.TrustManagerService
03-02 23:03:58.546   487   487 I SystemServerTiming: OnBootPhase_550_com.android.server.backup.BackupManagerService$Lifecycle
03-02 23:03:58.546   487   487 I SystemServerTiming: OnBootPhase_550_com.android.server.appwidget.AppWidgetService
03-02 23:03:58.546   487   487 I SystemServerTiming: OnBootPhase_550_com.android.server.role.RoleManagerService
03-02 23:03:58.546   487   487 I SystemServerTiming: OnBootPhase_550_com.android.server.voiceinteraction.VoiceInteractionManagerService
03-02 23:03:58.546   487   487 I SystemServerTiming: OnBootPhase_550_com.android.server.GestureLauncherService
03-02 23:03:58.546   487   487 I SystemServerTiming: OnBootPhase_550_com.android.server.SensorNotificationService
03-02 23:03:58.546   487   487 I SystemServerTiming: OnBootPhase_550_com.android.server.emergency.EmergencyAffordanceService
03-02 23:03:58.546   487   487 I SystemServerTiming: OnBootPhase_550_com.android.server.dreams.DreamManagerService
03-02 23:03:58.546   487   487 I SystemServerTiming: OnBootPhase_550_com.android.server.print.PrintManagerService
03-02 23:03:58.546   487   487 I SystemServerTiming: OnBootPhase_550_com.android.server.blob.BlobStoreManagerService
03-02 23:03:58.547   487   487 I SystemServerTiming: OnBootPhase_550_com.android.server.companion.CompanionDeviceManagerService
03-02 23:03:58.547   487   487 I SystemServerTiming: OnBootPhase_550_com.android.server.restrictions.RestrictionsManagerService
03-02 23:03:58.547   487   487 I SystemServerTiming: OnBootPhase_550_com.android.server.media.MediaSessionService
03-02 23:03:58.547   487   487 I SystemServerTiming: OnBootPhase_550_com.android.server.media.MediaResourceMonitorService
03-02 23:03:58.547   487   487 I SystemServerTiming: OnBootPhase_550_com.android.server.biometrics.fingerprint.FingerprintService
03-02 23:03:58.547   487   487 I SystemServerTiming: OnBootPhase_550_com.android.server.biometrics.BiometricService
03-02 23:03:58.547   487   487 I SystemServerTiming: OnBootPhase_550_com.android.server.biometrics.AuthService
03-02 23:03:58.547   487   487 I SystemServerTiming: OnBootPhase_550_com.android.server.pm.ShortcutService$Lifecycle
03-02 23:03:58.547   487   487 I SystemServerTiming: OnBootPhase_550_com.android.server.pm.LauncherAppsService
03-02 23:03:58.547   487   487 I SystemServerTiming: OnBootPhase_550_com.android.server.pm.CrossProfileAppsService
03-02 23:03:58.547   487   487 I SystemServerTiming: OnBootPhase_550_com.android.server.people.PeopleService
03-02 23:03:58.547   487   487 I SystemServerTiming: OnBootPhase_550_com.android.server.media.projection.MediaProjectionManagerService
03-02 23:03:58.548   487   487 I SystemServerTiming: OnBootPhase_550_com.android.server.slice.SliceManagerService$Lifecycle
03-02 23:03:58.548   487   487 I SystemServerTiming: OnBootPhase_550_com.android.server.camera.CameraServiceProxy
03-02 23:03:58.548   487   487 I SystemServerTiming: OnBootPhase_550_com.android.server.stats.StatsCompanion$Lifecycle
03-02 23:03:58.548   487   487 I SystemServerTiming: OnBootPhase_550_com.android.server.stats.pull.StatsPullAtomService
03-02 23:03:58.548   487   487 I SystemServerTiming: OnBootPhase_550_com.android.server.incident.IncidentCompanionService
03-02 23:03:58.548   487   487 I SystemServerTiming: OnBootPhase_550_com.android.server.MmsServiceBroker
03-02 23:03:58.548   487   487 I SystemServerTiming: OnBootPhase_550_com.android.server.autofill.AutofillManagerService
03-02 23:03:58.548   487   487 I SystemServerTiming: OnBootPhase_550_com.android.server.clipboard.ClipboardService
03-02 23:03:58.548   487   487 I SystemServerTiming: OnBootPhase_550_com.android.server.appbinding.AppBindingService$Lifecycle
03-02 23:03:58.548   487   487 I AppBindingService: Updating constants with: null
03-02 23:03:58.548   487   487 I SystemServerTiming: OnBootPhase_550_com.android.server.policy.PermissionPolicyService
03-02 23:03:58.554   487   538 I SystemServerTimingAsync: InitThreadPoolExec:UsbService$Lifecycle#onBootPhase
03-02 23:03:58.556   487   566 E UsbPortManager: port status enquiry failed
03-02 23:03:58.557   487   591 D BluetoothManagerService: Creating new ProfileServiceConnections object for profile: 1
03-02 23:03:58.557   487   591 D BluetoothManagerService: Unable to bindService while Bluetooth is disabled
03-02 23:03:58.627   393   393 W iorapd  : Reconnect to package manager service: 1 times
03-02 23:03:58.630   487   513 W ActivityManager: Slow operation: 97ms so far, now at startProcess: returned from zygote!
03-02 23:03:58.705   630   630 D iorap.prefetcherd: Installing minijail
03-02 23:03:58.705   630   630 W iorap.prefetcherd: No seccomp filter defined for this architecture.
03-02 23:03:58.714   487   513 W ActivityManager: Slow operation: 182ms so far, now at startProcess: done updating battery stats
03-02 23:03:58.715   487   513 W ActivityManager: Slow operation: 182ms so far, now at startProcess: building log message
03-02 23:03:58.715   487   513 I ActivityManager: Start proc 640:com.android.systemui/u0a144 for service {com.android.systemui/com.android.systemui.ImageWallpaper}
03-02 23:03:58.715   487   513 W ActivityManager: Slow operation: 182ms so far, now at startProcess: starting to update pids map
03-02 23:03:58.715   487   513 W ActivityManager: Slow operation: 182ms so far, now at startProcess: done updating pids map
03-02 23:03:58.756   487   487 I PackageManager: Permission ownership changed. Updating all permissions.
03-02 23:03:58.833   487   487 W SystemServiceManager: Service com.android.server.policy.PermissionPolicyService took 284 ms in onBootPhase
03-02 23:03:58.833   487   487 I SystemServerTiming: OnBootPhase_550_com.android.server.pm.StagingManager$Lifecycle
03-02 23:03:58.833   487   487 I SystemServerTiming: StartObservingNativeCrashes
03-02 23:03:58.833   487   487 I SystemServerTiming: StartSystemUI
03-02 23:03:58.833   487   510 I SystemServerTimingAsync: InitThreadPoolExec:WebViewFactoryPreparation
03-02 23:03:58.833   487   510 I SystemServer: WebViewFactoryPreparation
03-02 23:03:58.833   487   510 I SystemServerTimingAsync: WebViewFactoryPreparation
03-02 23:03:58.842   487   487 I SystemServerTiming: MakeNetworkManagementServiceReady
03-02 23:03:58.853   487   487 I SystemServerTiming: MakeIpSecServiceReady
03-02 23:03:58.854   487   487 D IpSecService: IpSecService is ready
03-02 23:03:58.854   487   487 I SystemServerTiming: MakeNetworkStatsServiceReady
03-02 23:03:58.911   487   574 W NetworkPolicy: setRestrictBackgroundUL: already false
03-02 23:03:58.949   487   513 W ActivityManager: Slow operation: 110ms so far, now at startProcess: returned from zygote!
03-02 23:03:58.983   487   513 W ActivityManager: Slow operation: 145ms so far, now at startProcess: done updating battery stats
03-02 23:03:58.983   487   513 W ActivityManager: Slow operation: 145ms so far, now at startProcess: building log message
03-02 23:03:58.983   487   513 I ActivityManager: Start proc 670:WebViewLoader-x86/1037 [android.webkit.WebViewLibraryLoader$RelroFileCreator] for null
03-02 23:03:58.984   487   513 W ActivityManager: Slow operation: 145ms so far, now at startProcess: starting to update pids map
03-02 23:03:58.984   487   513 W ActivityManager: Slow operation: 146ms so far, now at startProcess: done updating pids map
03-02 23:03:58.991   487   487 I SystemServerTiming: MakeConnectivityServiceReady
03-02 23:03:59.058   487   487 I SystemServerTiming: MakeNetworkPolicyServiceReady
03-02 23:03:59.059   487   581 D ConnectivityService: NetReassign [no changes]
03-02 23:03:59.073   487   581 D ConnectivityService: NetReassign [no changes]
03-02 23:03:59.307   487   487 I SystemServerTiming: PhaseThirdPartyAppsCanStart
03-02 23:03:59.307   487   487 I SystemServiceManager: Starting phase 600
03-02 23:03:59.307   487   487 I SystemServerTiming: OnBootPhase_600
03-02 23:03:59.307   487   487 I SystemServerTiming: OnBootPhase_600_com.android.server.security.FileIntegrityService
03-02 23:03:59.307   487   487 I SystemServerTiming: OnBootPhase_600_com.android.server.pm.Installer
03-02 23:03:59.307   487   487 I SystemServerTiming: OnBootPhase_600_com.android.server.os.DeviceIdentifiersPolicyService
03-02 23:03:59.307   487   487 I SystemServerTiming: OnBootPhase_600_com.android.server.uri.UriGrantsManagerService$Lifecycle
03-02 23:03:59.307   487   487 I SystemServerTiming: OnBootPhase_600_com.android.server.wm.ActivityTaskManagerService$Lifecycle
03-02 23:03:59.307   487   487 I SystemServerTiming: OnBootPhase_600_com.android.server.am.ActivityManagerService$Lifecycle
03-02 23:03:59.309   487   487 I ExplicitHealthCheckController: Explicit health checks enabled.
03-02 23:03:59.309   487   487 I PackageWatchdog: Syncing state, reason: health check state enabled
03-02 23:03:59.309   487   487 I PackageWatchdog: Not pruning observers, elapsed time: 0ms
03-02 23:03:59.309   487   487 I PackageWatchdog: Cancelling state sync, nothing to sync
03-02 23:03:59.310   487   511 I PackageWatchdog: Saving observer state to file
03-02 23:03:59.311   487   487 I SystemServerTiming: OnBootPhase_600_com.android.server.pm.DataLoaderManagerService
03-02 23:03:59.311   487   487 I SystemServerTiming: OnBootPhase_600_com.android.server.power.PowerManagerService
03-02 23:03:59.312   487   487 I SystemServerTiming: OnBootPhase_600_com.android.server.power.ThermalManagerService
03-02 23:03:59.312   487   487 I SystemServerTiming: OnBootPhase_600_com.android.server.recoverysystem.RecoverySystemService$Lifecycle
03-02 23:03:59.312   487   487 I SystemServerTiming: OnBootPhase_600_com.android.server.lights.LightsService
03-02 23:03:59.312   487   487 I SystemServerTiming: OnBootPhase_600_com.android.server.display.DisplayManagerService
03-02 23:03:59.312   487   487 I SystemServerTiming: OnBootPhase_600_com.android.server.pm.UserManagerService$LifeCycle
03-02 23:03:59.312   487   487 I SystemServerTiming: OnBootPhase_600_com.android.server.om.OverlayManagerService
03-02 23:03:59.312   487   487 I SystemServerTiming: OnBootPhase_600_com.android.server.SensorPrivacyService
03-02 23:03:59.312   487   487 I SystemServerTiming: OnBootPhase_600_com.android.server.SystemConfigService
03-02 23:03:59.312   487   487 I SystemServerTiming: OnBootPhase_600_com.android.server.BatteryService
03-02 23:03:59.312   487   487 I SystemServerTiming: OnBootPhase_600_com.android.server.usage.UsageStatsService
03-02 23:03:59.312   487   487 I SystemServerTiming: OnBootPhase_600_com.android.server.webkit.WebViewUpdateService
03-02 23:03:59.312   487   487 I SystemServerTiming: OnBootPhase_600_com.android.server.CachedDeviceStateService
03-02 23:03:59.312   487   487 I SystemServerTiming: OnBootPhase_600_com.android.server.BinderCallsStatsService$LifeCycle
03-02 23:03:59.312   487   487 I SystemServerTiming: OnBootPhase_600_com.android.server.LooperStatsService$Lifecycle
03-02 23:03:59.312   487   487 I SystemServerTiming: OnBootPhase_600_com.android.server.rollback.RollbackManagerService
03-02 23:03:59.312   487   487 I SystemServerTiming: OnBootPhase_600_com.android.server.os.BugreportManagerService
03-02 23:03:59.312   487   487 I SystemServerTiming: OnBootPhase_600_com.android.server.gpu.GpuService
03-02 23:03:59.312   487   487 I SystemServerTiming: OnBootPhase_600_com.android.server.security.KeyChainSystemService
03-02 23:03:59.312   487   487 I SystemServerTiming: OnBootPhase_600_com.android.server.telecom.TelecomLoaderService
03-02 23:03:59.312   487   487 I SystemServerTiming: OnBootPhase_600_com.android.server.accounts.AccountManagerService$Lifecycle
03-02 23:03:59.312   487   487 I SystemServerTiming: OnBootPhase_600_com.android.server.content.ContentService$Lifecycle
03-02 23:03:59.312   487   487 I SystemServerTiming: OnBootPhase_600_com.android.server.DropBoxManagerService
03-02 23:03:59.312   487   487 I SystemServerTiming: OnBootPhase_600_com.android.server.AlarmManagerService
03-02 23:03:59.312   487   487 I SystemServerTiming: OnBootPhase_600_com.android.server.BluetoothService
03-02 23:03:59.312   487   487 I SystemServerTiming: OnBootPhase_600_com.android.server.connectivity.IpConnectivityMetrics
03-02 23:03:59.312   487   487 I SystemServerTiming: OnBootPhase_600_com.android.server.net.watchlist.NetworkWatchlistService$Lifecycle
03-02 23:03:59.313   487   487 I SystemServerTiming: OnBootPhase_600_com.android.server.PinnerService
03-02 23:03:59.313   487   487 I SystemServerTiming: OnBootPhase_600_com.google.android.startop.iorap.IorapForwardingService
03-02 23:03:59.313   487   487 I SystemServerTiming: OnBootPhase_600_com.android.server.integrity.AppIntegrityManagerService
03-02 23:03:59.313   487   487 I SystemServerTiming: OnBootPhase_600_com.android.server.inputmethod.InputMethodManagerService$Lifecycle
03-02 23:03:59.313   487   487 I SystemServerTiming: OnBootPhase_600_com.android.server.accessibility.AccessibilityManagerService$Lifecycle
03-02 23:03:59.313   487   487 I SystemServerTiming: OnBootPhase_600_com.android.server.StorageManagerService$Lifecycle
03-02 23:03:59.313   487   487 I SystemServerTiming: OnBootPhase_600_com.android.server.usage.StorageStatsService$Lifecycle
03-02 23:03:59.313   487   487 I SystemServerTiming: OnBootPhase_600_com.android.server.UiModeManagerService
03-02 23:03:59.313   487   487 I SystemServerTiming: OnBootPhase_600_com.android.server.locksettings.LockSettingsService$Lifecycle
03-02 23:03:59.313   487   487 I SystemServerTiming: OnBootPhase_600_com.android.server.testharness.TestHarnessModeService
03-02 23:03:59.313   487   487 I SystemServerTiming: OnBootPhase_600_com.android.server.DeviceIdleController
03-02 23:03:59.313   487   487 I SystemServerTiming: OnBootPhase_600_com.android.server.devicepolicy.DevicePolicyManagerService$Lifecycle
03-02 23:03:59.313   487   487 I SystemServerTiming: OnBootPhase_600_com.android.server.contentcapture.ContentCaptureManagerService
03-02 23:03:59.314   487   487 I SystemServerTiming: OnBootPhase_600_com.android.server.systemcaptions.SystemCaptionsManagerService
03-02 23:03:59.315   487   487 I SystemServerTiming: OnBootPhase_600_com.android.server.appprediction.AppPredictionManagerService
03-02 23:03:59.315   487   487 I SystemServerTiming: OnBootPhase_600_com.android.server.contentsuggestions.ContentSuggestionsManagerService
03-02 23:03:59.315   487   487 I SystemServerTiming: OnBootPhase_600_com.android.server.textservices.TextServicesManagerService$Lifecycle
03-02 23:03:59.315   487   487 I SystemServerTiming: OnBootPhase_600_com.android.server.textclassifier.TextClassificationManagerService$Lifecycle
03-02 23:03:59.315   487   487 I SystemServerTiming: OnBootPhase_600_com.android.server.NetworkScoreService$Lifecycle
03-02 23:03:59.315   487   487 I SystemServerTiming: OnBootPhase_600_com.android.server.wifi.WifiService
03-02 23:03:59.315   487   487 I SystemServerTiming: OnBootPhase_600_com.android.server.wifi.scanner.WifiScanningService
03-02 23:03:59.315   487   487 I SystemServerTiming: OnBootPhase_600_com.android.server.wifi.p2p.WifiP2pService
03-02 23:03:59.316   487   487 I SystemServerTiming: OnBootPhase_600_com.android.server.notification.NotificationManagerService
03-02 23:03:59.317   487   487 I SystemServerTiming: OnBootPhase_600_com.android.server.storage.DeviceStorageMonitorService
03-02 23:03:59.317   487   487 I SystemServerTiming: OnBootPhase_600_com.android.server.location.LocationManagerService$Lifecycle
03-02 23:03:59.334   487   501 W StorageManagerService: No primary storage defined yet; hacking together a stub
03-02 23:03:59.340   487   581 D ConnectivityService: NetReassign [no changes]
03-02 23:03:59.528   487   512 I DropBoxManagerService: add tag=system_server_wtf isTagEnabled=true flags=0x2
03-02 23:03:59.633   393   393 I iorapd  : iorapd (the prefetchening) readied up
03-02 23:03:59.767   487   487 W SystemServiceManager: Service com.android.server.location.LocationManagerService$Lifecycle took 451 ms in onBootPhase
03-02 23:03:59.767   487   487 I SystemServerTiming: OnBootPhase_600_com.android.server.timedetector.TimeDetectorService$Lifecycle
03-02 23:03:59.767   487   487 I SystemServerTiming: OnBootPhase_600_com.android.server.timezonedetector.TimeZoneDetectorService$Lifecycle
03-02 23:03:59.767   487   487 I SystemServerTiming: OnBootPhase_600_com.android.server.search.SearchManagerService$Lifecycle
03-02 23:03:59.767   487   487 I SystemServerTiming: OnBootPhase_600_com.android.server.wallpaper.WallpaperManagerService$Lifecycle
03-02 23:03:59.768   487   487 I WallpaperManagerService: switch-user-0
03-02 23:03:59.770   487   487 V WallpaperManagerService: bindWallpaperComponentLocked: componentName=ComponentInfo{com.android.systemui/com.android.systemui.ImageWallpaper}
03-02 23:03:59.798   487   487 I SystemServerTiming: OnBootPhase_600_com.android.server.audio.AudioService$Lifecycle
03-02 23:03:59.798   487   487 I SystemServerTiming: OnBootPhase_600_com.android.server.soundtrigger_middleware.SoundTriggerMiddlewareService$Lifecycle
03-02 23:03:59.798   487   487 I SystemServerTiming: OnBootPhase_600_com.android.server.DockObserver
03-02 23:03:59.798   487   487 I SystemServerTiming: OnBootPhase_600_com.android.server.midi.MidiService$Lifecycle
03-02 23:03:59.798   487   487 I SystemServerTiming: OnBootPhase_600_com.android.server.adb.AdbService$Lifecycle
03-02 23:03:59.798   487   487 I SystemServerTiming: OnBootPhase_600_com.android.server.usb.UsbService$Lifecycle
03-02 23:03:59.798   487   487 I SystemServerTiming: OnBootPhase_600_com.android.server.twilight.TwilightService
03-02 23:03:59.798   487   487 I SystemServerTiming: OnBootPhase_600_com.android.server.display.color.ColorDisplayService
03-02 23:03:59.798   487   487 I SystemServerTiming: OnBootPhase_600_com.android.server.job.JobSchedulerService
03-02 23:03:59.819   487   487 I SystemServerTiming: OnBootPhase_600_com.android.server.soundtrigger.SoundTriggerService
03-02 23:03:59.820   487   487 D SoundTriggerService: onBootPhase: 600 : false
03-02 23:03:59.821   487   487 I SystemServerTiming: OnBootPhase_600_com.android.server.trust.TrustManagerService
03-02 23:03:59.831   487   581 D ConnectivityService: NetReassign [no changes]
03-02 23:03:59.842   487   487 I SystemServerTiming: OnBootPhase_600_com.android.server.backup.BackupManagerService$Lifecycle
03-02 23:03:59.842   487   487 I SystemServerTiming: OnBootPhase_600_com.android.server.appwidget.AppWidgetService
03-02 23:03:59.842   487   487 I SystemServerTiming: OnBootPhase_600_com.android.server.role.RoleManagerService
03-02 23:03:59.842   487   487 I SystemServerTiming: OnBootPhase_600_com.android.server.voiceinteraction.VoiceInteractionManagerService
03-02 23:03:59.853   487   501 I ActivityManager: Process WebViewLoader-x86 (pid 670) has died: psvc PER 
03-02 23:03:59.858   487   487 I SystemServerTiming: OnBootPhase_600_com.android.server.GestureLauncherService
03-02 23:03:59.884   487   487 I SystemServerTiming: OnBootPhase_600_com.android.server.SensorNotificationService
03-02 23:03:59.890   487   487 I SystemServerTiming: OnBootPhase_600_com.android.server.emergency.EmergencyAffordanceService
03-02 23:03:59.898   487   487 I SystemServerTiming: OnBootPhase_600_com.android.server.dreams.DreamManagerService
03-02 23:03:59.900   487   487 I SystemServerTiming: OnBootPhase_600_com.android.server.print.PrintManagerService
03-02 23:03:59.900   487   487 I SystemServerTiming: OnBootPhase_600_com.android.server.blob.BlobStoreManagerService
03-02 23:03:59.922   487   487 I SystemServerTiming: OnBootPhase_600_com.android.server.companion.CompanionDeviceManagerService
03-02 23:03:59.922   487   487 I SystemServerTiming: OnBootPhase_600_com.android.server.restrictions.RestrictionsManagerService
03-02 23:03:59.922   487   487 I SystemServerTiming: OnBootPhase_600_com.android.server.media.MediaSessionService
03-02 23:03:59.922   487   487 I SystemServerTiming: OnBootPhase_600_com.android.server.media.MediaResourceMonitorService
03-02 23:03:59.922   487   487 I SystemServerTiming: OnBootPhase_600_com.android.server.biometrics.fingerprint.FingerprintService
03-02 23:03:59.922   487   487 I SystemServerTiming: OnBootPhase_600_com.android.server.biometrics.BiometricService
03-02 23:03:59.922   487   487 I SystemServerTiming: OnBootPhase_600_com.android.server.biometrics.AuthService
03-02 23:03:59.922   487   487 I SystemServerTiming: OnBootPhase_600_com.android.server.pm.ShortcutService$Lifecycle
03-02 23:03:59.922   487   487 I SystemServerTiming: OnBootPhase_600_com.android.server.pm.LauncherAppsService
03-02 23:03:59.922   487   487 I SystemServerTiming: OnBootPhase_600_com.android.server.pm.CrossProfileAppsService
03-02 23:03:59.922   487   487 I SystemServerTiming: OnBootPhase_600_com.android.server.people.PeopleService
03-02 23:03:59.922   487   487 I SystemServerTiming: OnBootPhase_600_com.android.server.media.projection.MediaProjectionManagerService
03-02 23:03:59.922   487   487 I SystemServerTiming: OnBootPhase_600_com.android.server.slice.SliceManagerService$Lifecycle
03-02 23:03:59.922   487   487 I SystemServerTiming: OnBootPhase_600_com.android.server.camera.CameraServiceProxy
03-02 23:03:59.922   487   487 I SystemServerTiming: OnBootPhase_600_com.android.server.stats.StatsCompanion$Lifecycle
03-02 23:03:59.963   487   487 I SystemServerTiming: OnBootPhase_600_com.android.server.stats.pull.StatsPullAtomService
03-02 23:03:59.963   487   487 I SystemServerTiming: OnBootPhase_600_com.android.server.incident.IncidentCompanionService
03-02 23:03:59.963   487   487 I SystemServerTiming: OnBootPhase_600_com.android.server.MmsServiceBroker
03-02 23:03:59.963   487   487 I SystemServerTiming: OnBootPhase_600_com.android.server.autofill.AutofillManagerService
03-02 23:03:59.964   487   487 I SystemServerTiming: OnBootPhase_600_com.android.server.clipboard.ClipboardService
03-02 23:03:59.964   487   487 I SystemServerTiming: OnBootPhase_600_com.android.server.appbinding.AppBindingService$Lifecycle
03-02 23:03:59.964   487   487 I SystemServerTiming: OnBootPhase_600_com.android.server.policy.PermissionPolicyService
03-02 23:03:59.964   487   487 I SystemServerTiming: OnBootPhase_600_com.android.server.pm.StagingManager$Lifecycle
03-02 23:03:59.965   487   487 I SystemServerTiming: StartNetworkStack
03-02 23:03:59.965   487   487 D ConnectivityModuleConnector: Starting networking module android.net.INetworkStackConnector
03-02 23:03:59.965   487   487 D ConnectivityModuleConnector: Starting networking module in network_stack process
03-02 23:03:59.984   487   487 D CompatibilityChangeReporter: Compat change id reported: 135634846; UID 1073; state: DISABLED
03-02 23:04:00.002   487   487 D ConnectivityModuleConnector: Networking module service start requested
03-02 23:04:00.002   487   487 I SystemServerTiming: StartTethering
03-02 23:04:00.002   487   487 D ConnectivityModuleConnector: Starting networking module android.net.ITetheringConnector
03-02 23:04:00.002   487   487 D ConnectivityModuleConnector: Starting networking module in network_stack process
03-02 23:04:00.003   487   487 D ConnectivityModuleConnector: Networking module service start requested
03-02 23:04:00.003   487   487 I SystemServerTiming: MakeCountryDetectionServiceReady
03-02 23:04:00.003   487   487 I SystemServerTiming: MakeNetworkTimeUpdateReady
03-02 23:04:00.020   487   487 D ConnectivityService: requestNetwork for uid/pid:1000/487 NetworkRequest [ TRACK_DEFAULT id=9, [ Capabilities: INTERNET&NOT_RESTRICTED&TRUSTED Uid: 1000 AdministratorUids: [] RequestorUid: 1000 RequestorPackageName: android] ]
03-02 23:04:00.020   487   581 D ConnectivityService: NetReassign [no changes]
03-02 23:04:00.020   487   487 I SystemServerTiming: MakeInputManagerServiceReady
03-02 23:04:00.022   487   487 I SystemServerTiming: MakeTelephonyRegistryReady
03-02 23:04:00.022   487   487 I SystemServerTiming: MakeMediaRouterServiceReady
03-02 23:04:00.022   487   487 I SystemServerTiming: MakeMmsServiceReady
03-02 23:04:00.022   487   487 I MmsServiceBroker: Delay connecting to MmsService until an API is called
03-02 23:04:00.022   487   487 I SystemServerTiming: IncidentDaemonReady
03-02 23:04:00.023   487   487 I SystemServerTiming: MakeIncrementalServiceReady
03-02 23:04:00.023   487   487 I SystemServerTiming: getCurrentUser
03-02 23:04:00.023   487   487 I ActivityManager: Current user:0
03-02 23:04:00.023   487   487 I SystemServerTiming: ActivityManagerStartApps
03-02 23:04:00.024   487   487 I SystemServerTiming: ssm.StartUser-0
03-02 23:04:00.024   487   487 I SystemServiceManager: Calling onStartUser 0
03-02 23:04:00.024   487   487 I SystemServerTiming: ssm.onStartUser-0_com.android.server.security.FileIntegrityService
03-02 23:04:00.024   487   487 I SystemServerTiming: ssm.onStartUser-0_com.android.server.pm.Installer
03-02 23:04:00.024   487   487 I SystemServerTiming: ssm.onStartUser-0_com.android.server.os.DeviceIdentifiersPolicyService
03-02 23:04:00.024   487   487 I SystemServerTiming: ssm.onStartUser-0_com.android.server.uri.UriGrantsManagerService$Lifecycle
03-02 23:04:00.024   487   487 I SystemServerTiming: ssm.onStartUser-0_com.android.server.wm.ActivityTaskManagerService$Lifecycle
03-02 23:04:00.024   487   487 I SystemServerTiming: ssm.onStartUser-0_com.android.server.am.ActivityManagerService$Lifecycle
03-02 23:04:00.024   487   487 I SystemServerTiming: ssm.onStartUser-0_com.android.server.pm.DataLoaderManagerService
03-02 23:04:00.024   487   487 I SystemServerTiming: ssm.onStartUser-0_com.android.server.power.PowerManagerService
03-02 23:04:00.024   487   487 I SystemServerTiming: ssm.onStartUser-0_com.android.server.power.ThermalManagerService
03-02 23:04:00.024   487   487 I SystemServerTiming: ssm.onStartUser-0_com.android.server.recoverysystem.RecoverySystemService$Lifecycle
03-02 23:04:00.024   487   487 I SystemServerTiming: ssm.onStartUser-0_com.android.server.lights.LightsService
03-02 23:04:00.024   487   487 I SystemServerTiming: ssm.onStartUser-0_com.android.server.display.DisplayManagerService
03-02 23:04:00.024   487   487 I SystemServerTiming: ssm.onStartUser-0_com.android.server.pm.UserManagerService$LifeCycle
03-02 23:04:00.024   487   487 I SystemServerTiming: ssm.onStartUser-0_com.android.server.om.OverlayManagerService
03-02 23:04:00.024   487   487 I SystemServerTiming: ssm.onStartUser-0_com.android.server.SensorPrivacyService
03-02 23:04:00.024   487   487 I SystemServerTiming: ssm.onStartUser-0_com.android.server.SystemConfigService
03-02 23:04:00.024   487   487 I SystemServerTiming: ssm.onStartUser-0_com.android.server.BatteryService
03-02 23:04:00.024   487   487 I SystemServerTiming: ssm.onStartUser-0_com.android.server.usage.UsageStatsService
03-02 23:04:00.025   487   487 I SystemServerTiming: ssm.onStartUser-0_com.android.server.webkit.WebViewUpdateService
03-02 23:04:00.025   487   487 I SystemServerTiming: ssm.onStartUser-0_com.android.server.CachedDeviceStateService
03-02 23:04:00.025   487   487 I SystemServerTiming: ssm.onStartUser-0_com.android.server.BinderCallsStatsService$LifeCycle
03-02 23:04:00.025   487   487 I SystemServerTiming: ssm.onStartUser-0_com.android.server.LooperStatsService$Lifecycle
03-02 23:04:00.025   487   487 I SystemServerTiming: ssm.onStartUser-0_com.android.server.rollback.RollbackManagerService
03-02 23:04:00.027   487   487 I SystemServerTiming: ssm.onStartUser-0_com.android.server.os.BugreportManagerService
03-02 23:04:00.027   487   487 I SystemServerTiming: ssm.onStartUser-0_com.android.server.gpu.GpuService
03-02 23:04:00.027   487   487 I SystemServerTiming: ssm.onStartUser-0_com.android.server.security.KeyChainSystemService
03-02 23:04:00.027   487   487 I SystemServerTiming: ssm.onStartUser-0_com.android.server.telecom.TelecomLoaderService
03-02 23:04:00.027   487   487 I SystemServerTiming: ssm.onStartUser-0_com.android.server.accounts.AccountManagerService$Lifecycle
03-02 23:04:00.027   487   487 I SystemServerTiming: ssm.onStartUser-0_com.android.server.content.ContentService$Lifecycle
03-02 23:04:00.027   487   487 I SystemServerTiming: ssm.onStartUser-0_com.android.server.DropBoxManagerService
03-02 23:04:00.027   487   487 I SystemServerTiming: ssm.onStartUser-0_com.android.server.AlarmManagerService
03-02 23:04:00.027   487   487 I SystemServerTiming: ssm.onStartUser-0_com.android.server.BluetoothService
03-02 23:04:00.027   487   487 I SystemServerTiming: ssm.onStartUser-0_com.android.server.connectivity.IpConnectivityMetrics
03-02 23:04:00.027   487   487 I SystemServerTiming: ssm.onStartUser-0_com.android.server.net.watchlist.NetworkWatchlistService$Lifecycle
03-02 23:04:00.027   487   487 I SystemServerTiming: ssm.onStartUser-0_com.android.server.PinnerService
03-02 23:04:00.027   487   487 I SystemServerTiming: ssm.onStartUser-0_com.google.android.startop.iorap.IorapForwardingService
03-02 23:04:00.027   487   487 I SystemServerTiming: ssm.onStartUser-0_com.android.server.integrity.AppIntegrityManagerService
03-02 23:04:00.027   487   487 I SystemServerTiming: ssm.onStartUser-0_com.android.server.inputmethod.InputMethodManagerService$Lifecycle
03-02 23:04:00.027   487   487 I SystemServerTiming: ssm.onStartUser-0_com.android.server.accessibility.AccessibilityManagerService$Lifecycle
03-02 23:04:00.027   487   487 I SystemServerTiming: ssm.onStartUser-0_com.android.server.StorageManagerService$Lifecycle
03-02 23:04:00.032   487   487 V StorageManagerService: Package com.google.android.networkstack.tethering does not have legacy storage
03-02 23:04:00.032   487   487 V StorageManagerService: Package com.android.cts.priv.ctsshim does not have legacy storage
03-02 23:04:00.032   487   487 V StorageManagerService: Package com.google.android.youtube has legacy storage
03-02 23:04:00.032   487   487 V StorageManagerService: Package com.android.internal.display.cutout.emulation.corner does not have legacy storage
03-02 23:04:00.032   487   487 V StorageManagerService: Package com.google.android.ext.services does not have legacy storage
03-02 23:04:00.033   487   487 V StorageManagerService: Package com.android.internal.display.cutout.emulation.double does not have legacy storage
03-02 23:04:00.033   487   487 V StorageManagerService: Package com.android.providers.telephony does not have legacy storage
03-02 23:04:00.033   487   487 V StorageManagerService: Package com.android.dynsystem does not have legacy storage
03-02 23:04:00.033   487   487 V StorageManagerService: Package com.android.theme.icon.pebble does not have legacy storage
03-02 23:04:00.033   487   487 V StorageManagerService: Package com.google.android.googlequicksearchbox does not have legacy storage
03-02 23:04:00.033   487   487 V StorageManagerService: Package com.google.android.cellbroadcastservice does not have legacy storage
