03-02 23:03:54.321   487   487 D CompatibilityChangeReporter: Compat change id reported: 135549675; UID 10063; state: ENABLED
03-02 23:03:54.335   487   487 D CompatibilityChangeReporter: Compat change id reported: 135549675; UID 10064; state: ENABLED
03-02 23:03:54.339   487   487 D CompatibilityChangeReporter: Compat change id reported: 135549675; UID 10065; state: ENABLED
03-02 23:03:54.361   487   487 D CompatibilityChangeReporter: Compat change id reported: 135549675; UID 1001; state: ENABLED
03-02 23:03:54.381   487   487 D CompatibilityChangeReporter: Compat change id reported: 135549675; UID 2000; state: ENABLED
03-02 23:03:54.388   487   487 D CompatibilityChangeReporter: Compat change id reported: 135549675; UID 10067; state: ENABLED
03-02 23:03:54.398   487   487 D CompatibilityChangeReporter: Compat change id reported: 135549675; UID 10068; state: ENABLED
03-02 23:03:54.399   487   487 D CompatibilityChangeReporter: Compat change id reported: 135549675; UID 10066; state: ENABLED
03-02 23:03:54.403   487   487 D CompatibilityChangeReporter: Compat change id reported: 135549675; UID 10069; state: ENABLED
03-02 23:03:54.412   487   487 D CompatibilityChangeReporter: Compat change id reported: 135549675; UID 10070; state: ENABLED
03-02 23:03:54.422   487   487 D CompatibilityChangeReporter: Compat change id reported: 135549675; UID 10071; state: ENABLED
03-02 23:03:54.433   487   487 D CompatibilityChangeReporter: Compat change id reported: 135549675; UID 10072; state: ENABLED
03-02 23:03:54.443   487   487 D CompatibilityChangeReporter: Compat change id reported: 135549675; UID 10073; state: ENABLED
03-02 23:03:54.457   487   487 D CompatibilityChangeReporter: Compat change id reported: 135549675; UID 10076; state: ENABLED
03-02 23:03:54.465   487   487 D CompatibilityChangeReporter: Compat change id reported: 135549675; UID 10074; state: ENABLED
03-02 23:03:54.471   487   487 D CompatibilityChangeReporter: Compat change id reported: 135549675; UID 10075; state: ENABLED
03-02 23:03:54.510   487   487 D CompatibilityChangeReporter: Compat change id reported: 135549675; UID 1073; state: ENABLED
03-02 23:03:54.531   487   487 D CompatibilityChangeReporter: Compat change id reported: 135549675; UID 10077; state: ENABLED
03-02 23:03:54.540   487   487 D CompatibilityChangeReporter: Compat change id reported: 143539591; UID -1; state: DISABLED
03-02 23:03:54.543   487   487 D CompatibilityChangeReporter: Compat change id reported: 135549675; UID 10078; state: DISABLED
03-02 23:03:54.571   487   487 D CompatibilityChangeReporter: Compat change id reported: 135549675; UID 10079; state: ENABLED
03-02 23:03:54.580   487   487 D CompatibilityChangeReporter: Compat change id reported: 135549675; UID 10080; state: ENABLED
03-02 23:03:54.594   487   532 W PackageParsing: No actions in intent-filter at /system/app/CarrierDefaultApp/CarrierDefaultApp.apk Binary XML file line #43
03-02 23:03:54.597   487   487 D CompatibilityChangeReporter: Compat change id reported: 135549675; UID 10082; state: ENABLED
03-02 23:03:54.599   487   487 D CompatibilityChangeReporter: Compat change id reported: 135549675; UID 10081; state: ENABLED
03-02 23:03:54.604   487   487 D CompatibilityChangeReporter: Compat change id reported: 135549675; UID 1027; state: ENABLED
03-02 23:03:54.613   487   487 D CompatibilityChangeReporter: Compat change id reported: 135549675; UID 10084; state: DISABLED
03-02 23:03:54.615   487   487 D CompatibilityChangeReporter: Compat change id reported: 135549675; UID 10085; state: ENABLED
03-02 23:03:54.616   487   487 D CompatibilityChangeReporter: Compat change id reported: 135549675; UID 10083; state: ENABLED
03-02 23:03:54.633   487   487 D CompatibilityChangeReporter: Compat change id reported: 135549675; UID 1068; state: ENABLED
03-02 23:03:54.652   487   487 D CompatibilityChangeReporter: Compat change id reported: 135549675; UID 10086; state: ENABLED
03-02 23:03:54.656   487   487 D CompatibilityChangeReporter: Compat change id reported: 135549675; UID 1002; state: ENABLED
03-02 23:03:54.673   487   487 D CompatibilityChangeReporter: Compat change id reported: 135549675; UID 10088; state: ENABLED
03-02 23:03:54.680   487   487 D CompatibilityChangeReporter: Compat change id reported: 135549675; UID 10087; state: DISABLED
03-02 23:03:54.683   487   487 D CompatibilityChangeReporter: Compat change id reported: 135549675; UID 10091; state: ENABLED
03-02 23:03:54.690   487   487 D CompatibilityChangeReporter: Compat change id reported: 135549675; UID 10092; state: ENABLED
03-02 23:03:54.695   487   487 D CompatibilityChangeReporter: Compat change id reported: 135549675; UID 10090; state: ENABLED
03-02 23:03:54.698   487   487 D CompatibilityChangeReporter: Compat change id reported: 135549675; UID 10089; state: ENABLED
03-02 23:03:54.699   487   487 D CompatibilityChangeReporter: Compat change id reported: 135549675; UID 10094; state: ENABLED
03-02 23:03:54.714   487   487 D CompatibilityChangeReporter: Compat change id reported: 135549675; UID 10093; state: ENABLED
03-02 23:03:54.717   487   487 D CompatibilityChangeReporter: Compat change id reported: 135549675; UID 10095; state: ENABLED
03-02 23:03:54.745   487   487 D CompatibilityChangeReporter: Compat change id reported: 135549675; UID 10096; state: DISABLED
03-02 23:03:54.770   487   487 D CompatibilityChangeReporter: Compat change id reported: 135549675; UID 10098; state: ENABLED
03-02 23:03:54.781   487   487 D CompatibilityChangeReporter: Compat change id reported: 135549675; UID 10097; state: DISABLED
03-02 23:03:54.788   487   487 D CompatibilityChangeReporter: Compat change id reported: 135549675; UID 10099; state: DISABLED
03-02 23:03:54.803   487   487 D CompatibilityChangeReporter: Compat change id reported: 135549675; UID 10100; state: ENABLED
03-02 23:03:54.813   487   487 D CompatibilityChangeReporter: Compat change id reported: 135549675; UID 10101; state: DISABLED
03-02 23:03:54.831   487   531 W PackageParsing: Unknown element under <manifest>: meta-data at /product/priv-app/Dialer/Dialer.apk Binary XML file line #115
03-02 23:03:54.835   487   487 W PackageManager: Failed to scan /product/priv-app/Phonesky: Package com.android.vending at /product/priv-app/Phonesky ignored: updated version 82413110 better than this 82043300
03-02 23:03:54.846   487   487 D CompatibilityChangeReporter: Compat change id reported: 135549675; UID 10102; state: DISABLED
03-02 23:03:54.857   487   532 W PackageParsing: No actions in intent-filter at /product/priv-app/Contacts/Contacts.apk Binary XML file line #411
03-02 23:03:54.867   487   487 D CompatibilityChangeReporter: Compat change id reported: 135549675; UID 10104; state: DISABLED
03-02 23:03:54.886   487   487 D CompatibilityChangeReporter: Compat change id reported: 135549675; UID 10106; state: DISABLED
03-02 23:03:54.926   487   487 D CompatibilityChangeReporter: Compat change id reported: 135549675; UID 10107; state: DISABLED
03-02 23:03:54.931   487   529 W PackageParsing: No actions in intent-filter at /product/priv-app/AndroidAutoFullPrebuilt/AndroidAutoFullPrebuilt.apk Binary XML file line #834
03-02 23:03:54.944   487   487 D CompatibilityChangeReporter: Compat change id reported: 135549675; UID 10105; state: DISABLED
03-02 23:03:55.048   487   532 W PackageParsing: No actions in intent-filter at /product/priv-app/Velvet/Velvet.apk Binary XML file line #472
03-02 23:03:55.081   487   487 W PackageManager: Failed to scan /product/priv-app/PrebuiltGmsCore: Package com.google.android.gms at /product/priv-app/PrebuiltGmsCore ignored: updated version 210214049 better than this 201817022
03-02 23:03:55.098   487   487 D CompatibilityChangeReporter: Compat change id reported: 135549675; UID 10109; state: DISABLED
03-02 23:03:55.118   487   487 D CompatibilityChangeReporter: Compat change id reported: 135549675; UID 10110; state: DISABLED
03-02 23:03:55.203   487   487 D CompatibilityChangeReporter: Compat change id reported: 135549675; UID 10111; state: DISABLED
03-02 23:03:55.214   487   487 D CompatibilityChangeReporter: Compat change id reported: 135549675; UID 10112; state: DISABLED
03-02 23:03:55.218   487   487 D CompatibilityChangeReporter: Compat change id reported: 135549675; UID 10115; state: DISABLED
03-02 23:03:55.223   487   487 D CompatibilityChangeReporter: Compat change id reported: 135549675; UID 10113; state: DISABLED
03-02 23:03:55.252   487   487 D CompatibilityChangeReporter: Compat change id reported: 135549675; UID 10114; state: ENABLED
03-02 23:03:55.272   487   531 W PackageParsing: No actions in intent-filter at /product/app/Photos/Photos.apk Binary XML file line #1084
03-02 23:03:55.289   487   487 D CompatibilityChangeReporter: Compat change id reported: 135549675; UID 10117; state: ENABLED
03-02 23:03:55.295   487   529 W PackageParsing: No actions in intent-filter at /product/app/PrebuiltBugle/PrebuiltBugle.apk Binary XML file line #638
03-02 23:03:55.321   487   487 D CompatibilityChangeReporter: Compat change id reported: 135549675; UID 10116; state: ENABLED
03-02 23:03:55.326   487   487 D CompatibilityChangeReporter: Compat change id reported: 135549675; UID 10118; state: DISABLED
03-02 23:03:55.348   487   487 D CompatibilityChangeReporter: Compat change id reported: 135549675; UID 10120; state: DISABLED
03-02 23:03:55.355   487   487 D CompatibilityChangeReporter: Compat change id reported: 135549675; UID 10119; state: DISABLED
03-02 23:03:55.361   487   487 D CompatibilityChangeReporter: Compat change id reported: 135549675; UID 10121; state: ENABLED
03-02 23:03:55.372   487   487 D CompatibilityChangeReporter: Compat change id reported: 135549675; UID 10122; state: ENABLED
03-02 23:03:55.401   487   532 W PackageParsing: Unknown element under <manifest>: meta-data at /product/app/YouTube/YouTube.apk Binary XML file line #113
03-02 23:03:55.444   487   487 D CompatibilityChangeReporter: Compat change id reported: 135549675; UID 10123; state: DISABLED
03-02 23:03:55.446   487   531 W PackageParsing: No actions in intent-filter at /product/app/CalendarGooglePrebuilt/CalendarGooglePrebuilt.apk Binary XML file line #626
03-02 23:03:55.448   487   530 W PackageParsing: No actions in intent-filter at /product/app/PrebuiltGmail/PrebuiltGmail.apk Binary XML file line #555
03-02 23:03:55.448   487   530 W PackageParsing: No actions in intent-filter at /product/app/PrebuiltGmail/PrebuiltGmail.apk Binary XML file line #576
03-02 23:03:55.466   487   487 D CompatibilityChangeReporter: Compat change id reported: 135549675; UID 10125; state: DISABLED
03-02 23:03:55.481   487   487 D CompatibilityChangeReporter: Compat change id reported: 135549675; UID 10126; state: ENABLED
03-02 23:03:55.482   487   487 D CompatibilityChangeReporter: Compat change id reported: 135549675; UID 10124; state: DISABLED
03-02 23:03:55.497   487   487 D CompatibilityChangeReporter: Compat change id reported: 135549675; UID 10129; state: ENABLED
03-02 23:03:55.502   487   487 D CompatibilityChangeReporter: Compat change id reported: 135549675; UID 10128; state: DISABLED
03-02 23:03:55.507   487   487 D CompatibilityChangeReporter: Compat change id reported: 135549675; UID 10127; state: DISABLED
03-02 23:03:55.539   487   487 D CompatibilityChangeReporter: Compat change id reported: 135549675; UID 10131; state: DISABLED
03-02 23:03:55.556   487   487 D CompatibilityChangeReporter: Compat change id reported: 135549675; UID 10130; state: ENABLED
03-02 23:03:55.568   487   487 D CompatibilityChangeReporter: Compat change id reported: 135549675; UID 10132; state: ENABLED
03-02 23:03:55.605   487   487 D CompatibilityChangeReporter: Compat change id reported: 135549675; UID 10133; state: DISABLED
03-02 23:03:55.618   487   487 D CompatibilityChangeReporter: Compat change id reported: 135549675; UID 10134; state: DISABLED
03-02 23:03:55.673   487   487 D CompatibilityChangeReporter: Compat change id reported: 135549675; UID 10135; state: DISABLED
03-02 23:03:55.686   487   487 D CompatibilityChangeReporter: Compat change id reported: 135549675; UID 10137; state: ENABLED
03-02 23:03:55.698   487   487 D CompatibilityChangeReporter: Compat change id reported: 135549675; UID 10136; state: DISABLED
03-02 23:03:55.699   487   487 D CompatibilityChangeReporter: Compat change id reported: 135549675; UID 10138; state: ENABLED
03-02 23:03:55.704   487   487 W PackageManager: Skipping provider name com.android.car.ui.CarUiInstaller (in package com.google.android.gsf): name already used by com.android.managedprovisioning
03-02 23:03:55.705   487   487 D CompatibilityChangeReporter: Compat change id reported: 135549675; UID 10108; state: ENABLED
03-02 23:03:55.707   487   487 D CompatibilityChangeReporter: Compat change id reported: 135549675; UID 10139; state: ENABLED
03-02 23:03:55.708   487   487 D CompatibilityChangeReporter: Compat change id reported: 135549675; UID 10140; state: ENABLED
03-02 23:03:55.721   487   487 D CompatibilityChangeReporter: Compat change id reported: 135549675; UID 10141; state: ENABLED
03-02 23:03:55.733   487   487 D CompatibilityChangeReporter: Compat change id reported: 135549675; UID 10143; state: ENABLED
03-02 23:03:55.738   487   487 D CompatibilityChangeReporter: Compat change id reported: 135549675; UID 10142; state: ENABLED
03-02 23:03:55.772   487   530 W PackageParsing: Ignoring duplicate uses-permissions/uses-permissions-sdk-m: android.permission.CONFIGURE_WIFI_DISPLAY in package: com.android.systemui at: Binary XML file line #155
03-02 23:03:55.794   487   487 D CompatibilityChangeReporter: Compat change id reported: 135549675; UID 10144; state: ENABLED
03-02 23:03:55.820   487   532 W PackageParsing: Ignoring duplicate uses-permissions/uses-permissions-sdk-m: android.permission.READ_PRIVILEGED_PHONE_STATE in package: com.android.settings at: Binary XML file line #48
03-02 23:03:55.886   405   535 E storaged: getService package_native failed
03-02 23:03:55.948   487   487 D CompatibilityChangeReporter: Compat change id reported: 135549675; UID 10145; state: ENABLED
03-02 23:03:55.960   487   487 D CompatibilityChangeReporter: Compat change id reported: 135549675; UID 10150; state: ENABLED
03-02 23:03:55.967   487   487 D CompatibilityChangeReporter: Compat change id reported: 135549675; UID 10151; state: ENABLED
03-02 23:03:55.975   487   487 D CompatibilityChangeReporter: Compat change id reported: 135549675; UID 10146; state: DISABLED
03-02 23:03:55.982   487   487 D CompatibilityChangeReporter: Compat change id reported: 135549675; UID 10147; state: DISABLED
03-02 23:03:55.990   487   487 D CompatibilityChangeReporter: Compat change id reported: 135549675; UID 1073; state: DISABLED
03-02 23:03:56.005   487   487 D CompatibilityChangeReporter: Compat change id reported: 135549675; UID 10149; state: ENABLED
03-02 23:03:56.028   487   487 D CompatibilityChangeReporter: Compat change id reported: 135549675; UID 10153; state: ENABLED
03-02 23:03:56.056   487   487 D CompatibilityChangeReporter: Compat change id reported: 135549675; UID 10148; state: DISABLED
03-02 23:03:56.067   487   487 D CompatibilityChangeReporter: Compat change id reported: 135549675; UID 10152; state: ENABLED
03-02 23:03:56.083   487   487 I PackageManager: Finished scanning system apps. Time: 6194 ms, packageCount: 186 , timePerPackage: 33 , cached: 0
03-02 23:03:56.098   487   487 W android.permission.PermissionManager: Missing ActivityManager; assuming 1000 holds android.permission.READ_COMPAT_CHANGE_CONFIG
03-02 23:03:56.099   487   487 W android.permission.PermissionManager: Missing ActivityManager; assuming 1000 holds android.permission.LOG_COMPAT_CHANGE
03-02 23:03:56.099   487   487 D CompatibilityChangeReporter: Compat change id reported: 133396946; UID -1; state: DISABLED
03-02 23:03:56.101   487   487 D CompatibilityChangeReporter: Compat change id reported: 135549675; UID 10154; state: DISABLED
03-02 23:03:56.104   487   487 W android.permission.PermissionManager: Missing ActivityManager; assuming 1000 holds android.permission.READ_COMPAT_CHANGE_CONFIG
03-02 23:03:56.104   487   487 W android.permission.PermissionManager: Missing ActivityManager; assuming 1000 holds android.permission.LOG_COMPAT_CHANGE
03-02 23:03:56.106   487   487 D CompatibilityChangeReporter: Compat change id reported: 135549675; UID 10156; state: DISABLED
03-02 23:03:56.113   487   487 W android.permission.PermissionManager: Missing ActivityManager; assuming 1000 holds android.permission.READ_COMPAT_CHANGE_CONFIG
03-02 23:03:56.114   487   487 W android.permission.PermissionManager: Missing ActivityManager; assuming 1000 holds android.permission.LOG_COMPAT_CHANGE
03-02 23:03:56.115   487   487 D CompatibilityChangeReporter: Compat change id reported: 133396946; UID -1; state: ENABLED
03-02 23:03:56.116   487   487 D CompatibilityChangeReporter: Compat change id reported: 135549675; UID 10159; state: ENABLED
03-02 23:03:56.137   487   487 W android.permission.PermissionManager: Missing ActivityManager; assuming 1000 holds android.permission.READ_COMPAT_CHANGE_CONFIG
03-02 23:03:56.137   487   487 W android.permission.PermissionManager: Missing ActivityManager; assuming 1000 holds android.permission.LOG_COMPAT_CHANGE
03-02 23:03:56.138   487   487 D CompatibilityChangeReporter: Compat change id reported: 135549675; UID 10155; state: DISABLED
03-02 23:03:56.138   487   487 W android.permission.PermissionManager: Missing ActivityManager; assuming 1000 holds android.permission.READ_COMPAT_CHANGE_CONFIG
03-02 23:03:56.139   487   487 W android.permission.PermissionManager: Missing ActivityManager; assuming 1000 holds android.permission.LOG_COMPAT_CHANGE
03-02 23:03:56.139   487   487 D CompatibilityChangeReporter: Compat change id reported: 135549675; UID 10157; state: DISABLED
03-02 23:03:56.189   487   487 W PackageManager: Relax SCAN_REQUIRE_KNOWN requirement for package com.android.vending
03-02 23:03:56.193   487   487 D CompatibilityChangeReporter: Compat change id reported: 135549675; UID 10103; state: DISABLED
03-02 23:03:56.266   487   487 W PackageManager: Relax SCAN_REQUIRE_KNOWN requirement for package com.google.android.gms
03-02 23:03:56.271   393   393 E iorapd  : Cannot get package manager service!
03-02 23:03:56.272   487   487 I PackageManager: Finished scanning non-system apps. Time: 190 ms, packageCount: 7 , timePerPackage: 27 , cached: 0
03-02 23:03:56.279   487   487 E PackageManager: Shared lib without setting: SharedLibraryInfo{name:com.google.android.trichromelibrary, type:static, version:410410681}
03-02 23:03:56.283   487   487 E PackageManager: Shared lib without setting: SharedLibraryInfo{name:com.google.android.trichromelibrary, type:static, version:410410681}
03-02 23:03:56.285   487   487 I PackageManager: Time to scan packages: 6.396 seconds
03-02 23:03:56.285   487   487 I PackageManager: Permission ownership changed. Updating all permissions.
03-02 23:03:56.302   487   487 V PackageManager: reconcileAppsData for null u0 0x1 migrateAppData=true
03-02 23:03:56.357   487   487 V PackageManager: reconcileAppsData finished 22 packages
03-02 23:03:56.357   487   487 I PackageManagerTiming: write settings
03-02 23:03:56.357   487   538 I SystemServerTimingAsync: InitThreadPoolExec:prepareAppData
03-02 23:03:56.434   487   487 I PackageManagerTiming: GC
03-02 23:03:56.640   487   487 V UserManagerService: Checking that all system packages are whitelisted.
03-02 23:03:56.640   487   487 W UserManagerService: checkWhitelistedSystemPackages(mode=ENFORCE|IMPLICIT_WHITELIST|IMPLICIT_WHITELIST_SYSTEM) has 2 warnings:
03-02 23:03:56.640   487   487 W UserManagerService: com.android.wallpapercropper is whitelisted but not present.
03-02 23:03:56.640   487   487 W UserManagerService: com.android.wallpaperpicker is whitelisted but not present.
03-02 23:03:56.667   487   487 I Watchdog: Resuming HandlerChecker: main thread for reason: packagemanagermain. Pause count: 0
03-02 23:03:56.667   487   487 I SystemServerDexLoadReporter: Configuring system server dex reporter
03-02 23:03:56.670   487   487 I SystemServerTiming: StartOtaDexOptService
03-02 23:03:56.670   487   487 I Watchdog: Pausing HandlerChecker: main thread for reason: moveab. Pause count: 1
03-02 23:03:56.670   487   487 D OTADexopt: No upgrade, skipping A/B artifacts check.
03-02 23:03:56.670   487   487 I Watchdog: Resuming HandlerChecker: main thread for reason: moveab. Pause count: 0
03-02 23:03:56.671   487   487 I SystemServerTiming: StartUserManagerService
03-02 23:03:56.671   487   487 I SystemServiceManager: Starting com.android.server.pm.UserManagerService$LifeCycle
03-02 23:03:56.671   487   487 I SystemServerTiming: InitAttributerCache
03-02 23:03:56.673   487   487 I SystemServerTiming: SetSystemProcess
03-02 23:03:56.696   487   501 E HistoricalRegistry: Interaction before persistence initialized
03-02 23:03:56.704   487   500 E HistoricalRegistry: Interaction before persistence initialized
03-02 23:03:56.706   487   514 I ActivityManager: Connection with lmkd established
03-02 23:03:56.711   487   487 I SystemServerTiming: InitWatchdog
03-02 23:03:56.727   487   487 I SystemServerTiming: StartOverlayManagerService
03-02 23:03:56.932   487   487 I SystemServerTiming: StartSensorPrivacyService
03-02 23:03:56.933   487   487 I SystemServerTiming: startCoreServices
03-02 23:03:56.933   487   487 I SystemServerTiming: StartSystemConfigService
03-02 23:03:56.933   487   487 I SystemServiceManager: Starting com.android.server.SystemConfigService
03-02 23:03:56.933   487   510 I SystemServerTimingAsync: InitThreadPoolExec:StartSensorService
03-02 23:03:56.933   487   510 I SystemServerTimingAsync: StartSensorService
03-02 23:03:56.934   487   487 I SystemServerTiming: StartBatteryService
03-02 23:03:56.934   487   487 I SystemServiceManager: Starting com.android.server.BatteryService
03-02 23:03:56.949   487   510 E HistoricalRegistry: Interaction before persistence initialized
03-02 23:03:56.961   487   518 E KernelCpuSpeedReader: Failed to read cpu-freq: /sys/devices/system/cpu/cpu1/cpufreq/stats/time_in_state: open failed: ENOENT (No such file or directory)
03-02 23:03:56.962   487   487 I HealthServiceWrapper: health: HealthServiceWrapper listening to instance default
03-02 23:03:56.962   487   487 I BatteryService: health: Waited 0ms and received the update.
03-02 23:03:56.962   487   518 E KernelCpuSpeedReader: Failed to read cpu-freq: /sys/devices/system/cpu/cpu0/cpufreq/stats/time_in_state: open failed: ENOENT (No such file or directory)
03-02 23:03:56.967   487   487 I SystemServerTiming: StartUsageService
03-02 23:03:56.967   487   487 I SystemServiceManager: Starting com.android.server.usage.UsageStatsService
03-02 23:03:57.003   487   518 I BatteryStatsImpl: Resetting battery stats: level=100 status=4 dischargeLevel=100 lowAmount=0 highAmount=0
03-02 23:03:57.015   487   487 I SystemServerTiming: StartWebViewUpdateService
03-02 23:03:57.015   487   487 I SystemServiceManager: Starting com.android.server.webkit.WebViewUpdateService
03-02 23:03:57.018   487   487 I SystemServerTiming: StartCachedDeviceStateService
03-02 23:03:57.019   487   487 I SystemServiceManager: Starting com.android.server.CachedDeviceStateService
03-02 23:03:57.019   487   487 I SystemServerTiming: StartBinderCallsStatsService
03-02 23:03:57.019   487   487 I SystemServiceManager: Starting com.android.server.BinderCallsStatsService$LifeCycle
03-02 23:03:57.019   487   487 I SystemServerTiming: StartLooperStatsService
03-02 23:03:57.019   487   487 I SystemServiceManager: Starting com.android.server.LooperStatsService$Lifecycle
03-02 23:03:57.021   487   487 I SystemServerTiming: StartRollbackManagerService
03-02 23:03:57.021   487   487 I SystemServiceManager: Starting com.android.server.rollback.RollbackManagerService
03-02 23:03:57.028   487   487 I PackageWatchdog: Syncing state, reason: added new observer
03-02 23:03:57.028   487   487 I PackageWatchdog: Not pruning observers, elapsed time: 0ms
03-02 23:03:57.028   487   487 I PackageWatchdog: Cancelling state sync, nothing to sync
03-02 23:03:57.035   487   518 E KernelCpuSpeedReader: Failed to read cpu-freq: /sys/devices/system/cpu/cpu0/cpufreq/stats/time_in_state: open failed: ENOENT (No such file or directory)
03-02 23:03:57.035   487   518 E KernelCpuSpeedReader: Failed to read cpu-freq: /sys/devices/system/cpu/cpu1/cpufreq/stats/time_in_state: open failed: ENOENT (No such file or directory)
03-02 23:03:57.044   487   487 I SystemServerTiming: StartBugreportManagerService
03-02 23:03:57.044   487   487 I SystemServiceManager: Starting com.android.server.os.BugreportManagerService
03-02 23:03:57.044   487   487 I SystemServerTiming: GpuService
03-02 23:03:57.044   487   487 I SystemServiceManager: Starting com.android.server.gpu.GpuService
03-02 23:03:57.044   487   487 I SystemServerTiming: startOtherServices
03-02 23:03:57.044   487   487 I SystemServerTiming: StartKeyAttestationApplicationIdProviderService
03-02 23:03:57.045   487   510 I SystemServerTimingAsync: InitThreadPoolExec:SecondaryZygotePreload
03-02 23:03:57.045   487   510 I SystemServer: SecondaryZygotePreload
03-02 23:03:57.045   487   510 I SystemServerTimingAsync: SecondaryZygotePreload
03-02 23:03:57.047   487   487 I SystemServerTiming: StartKeyChainSystemService
03-02 23:03:57.047   487   487 I SystemServiceManager: Starting com.android.server.security.KeyChainSystemService
03-02 23:03:57.047   487   487 I SystemServerTiming: StartSchedulingPolicyService
03-02 23:03:57.047   487   518 E KernelCpuSpeedReader: Failed to read cpu-freq: /sys/devices/system/cpu/cpu0/cpufreq/stats/time_in_state: open failed: ENOENT (No such file or directory)
03-02 23:03:57.047   487   518 E KernelCpuSpeedReader: Failed to read cpu-freq: /sys/devices/system/cpu/cpu1/cpufreq/stats/time_in_state: open failed: ENOENT (No such file or directory)
03-02 23:03:57.049   487   510 E SystemServer: Unable to preload default resources
03-02 23:03:57.049   487   510 I SystemServerTimingAsync: InitThreadPoolExec:SchedulingPolicyService.<init>
03-02 23:03:57.051   487   487 I SystemServerTiming: StartTelecomLoaderService
03-02 23:03:57.051   487   487 I SystemServiceManager: Starting com.android.server.telecom.TelecomLoaderService
03-02 23:03:57.051   487   487 I SystemServerTiming: StartTelephonyRegistry
03-02 23:03:57.056   487   487 I SystemServerTiming: StartEntropyMixer
03-02 23:03:57.070   487   511 I PackageWatchdog: Saving observer state to file
03-02 23:03:57.078   487   487 I EntropyMixer: Added HW RNG output to entropy pool
03-02 23:03:57.078   487   487 I EntropyMixer: Writing entropy...
03-02 23:03:57.082   487   487 I SystemServerTiming: StartAccountManagerService
03-02 23:03:57.082   487   487 I SystemServiceManager: Starting com.android.server.accounts.AccountManagerService$Lifecycle
03-02 23:03:57.086   487   487 I SystemServerTiming: StartContentService
03-02 23:03:57.086   487   487 I SystemServiceManager: Starting com.android.server.content.ContentService$Lifecycle
03-02 23:03:57.089   487   487 I SystemServerTiming: InstallSystemProviders
03-02 23:03:57.227   487   487 I SystemServerTiming: StartDropBoxManager
03-02 23:03:57.227   487   487 I SystemServiceManager: Starting com.android.server.DropBoxManagerService
03-02 23:03:57.228   487   487 I SystemServerTiming: StartVibratorService
03-02 23:03:57.234   487   487 I SystemServerTiming: StartDynamicSystemService
03-02 23:03:57.235   487   487 I SystemServerTiming: StartConsumerIrService
03-02 23:03:57.236   487   487 I SystemServerTiming: StartAlarmManagerService
03-02 23:03:57.246   487   487 E HistoricalRegistry: Interaction before persistence initialized
03-02 23:03:57.248   487   487 I SystemServerTiming: StartInputManagerService
03-02 23:03:57.252   487   487 I InputManager: Initializing input manager, mUseDevInputEventForAudioJack=true
03-02 23:03:57.273   393   393 W iorapd  : Reconnect to package manager service: 3 times
03-02 23:03:57.333   487   487 I SystemServerTiming: StartWindowManagerService
03-02 23:03:57.365   487   506 I WindowManager: No existing display settings, starting empty
03-02 23:03:57.387   487   487 I SystemServerTiming: SetWindowManagerService
03-02 23:03:57.417   487   538 I PackageManager: Deferred reconcileAppsData finished 171 packages
03-02 23:03:57.424   487   487 I ActivityTaskManager: Loaded persisted task ids for user 0
03-02 23:03:57.434   487   487 I SystemServerTiming: WindowManagerServiceOnInitReady
03-02 23:03:57.452   487   487 I SystemServerTiming: StartInputManager
03-02 23:03:57.452   487   510 I SystemServerTimingAsync: InitThreadPoolExec:StartHidlServices
03-02 23:03:57.452   487   487 I InputManager: Starting input manager
03-02 23:03:57.452   487   510 I SystemServerTimingAsync: StartHidlServices
03-02 23:03:57.454   487   487 I SystemServerTiming: DisplayManagerWindowManagerAndInputReady
03-02 23:03:57.454   487   487 I SystemServerTiming: StartBluetoothService
03-02 23:03:57.454   487   487 I SystemServiceManager: Starting com.android.server.BluetoothService
03-02 23:03:57.465   487   487 D BluetoothManagerService: Loading stored name and address
03-02 23:03:57.465   487   487 D BluetoothManagerService: Stored bluetooth Name=sdk_gphone_x86,Address=3C:5A:B4:01:02:03
03-02 23:03:57.466   487   487 D BluetoothManagerService: Bluetooth persisted state: 1
03-02 23:03:57.466   487   487 D BluetoothManagerService: Startup: Bluetooth persisted state is ON.
03-02 23:03:57.466   487   487 D BluetoothManagerService: Detected SystemUiUid: 10144
03-02 23:03:57.466   487   487 I SystemServerTiming: IpConnectivityMetrics
03-02 23:03:57.466   487   487 I SystemServiceManager: Starting com.android.server.connectivity.IpConnectivityMetrics
03-02 23:03:57.478   487   487 I SystemServerTiming: NetworkWatchlistService
03-02 23:03:57.478   487   487 I SystemServiceManager: Starting com.android.server.net.watchlist.NetworkWatchlistService$Lifecycle
03-02 23:03:57.500   487   487 I WatchlistSettings: Reload watchlist settings done
03-02 23:03:57.501   487   487 I SystemServerTiming: PinnerService
03-02 23:03:57.501   487   487 I SystemServiceManager: Starting com.android.server.PinnerService
03-02 23:03:57.502   487   487 E HistoricalRegistry: Interaction before persistence initialized
03-02 23:03:57.504   487   487 I SystemServerTiming: IorapForwardingService
03-02 23:03:57.504   487   487 I SystemServiceManager: Starting com.google.android.startop.iorap.IorapForwardingService
03-02 23:03:57.508   487   512 I DropBoxManagerService: add tag=system_server_wtf isTagEnabled=true flags=0x2
03-02 23:03:57.510   487   487 I SystemServerTiming: SignedConfigService
03-02 23:03:57.510   487   487 I SystemServerTiming: AppIntegrityService
03-02 23:03:57.510   487   487 I SystemServiceManager: Starting com.android.server.integrity.AppIntegrityManagerService
03-02 23:03:57.523   487   565 I WatchlistLoggingHandler: No need to aggregate record yet.
03-02 23:03:57.523   487   565 I WatchlistLoggingHandler: Milliseconds spent on tryAggregateRecords(): 0
03-02 23:03:57.526   487   487 E IntegrityFileManager: Error creating staging and rules directory
03-02 23:03:57.533   487   487 I WindowManager: SAFE MODE not enabled
03-02 23:03:57.533   487   487 I SystemServerTiming: StartInputMethodManagerLifecycle
03-02 23:03:57.533   487   487 I SystemServiceManager: Starting com.android.server.inputmethod.InputMethodManagerService$Lifecycle
03-02 23:03:57.535   487   487 I SystemServerTiming: StartAccessibilityManagerService
03-02 23:03:57.535   487   487 I SystemServiceManager: Starting com.android.server.accessibility.AccessibilityManagerService$Lifecycle
03-02 23:03:57.538   487   487 I SystemServerTiming: MakeDisplayReady
03-02 23:03:57.561   487   487 I ActivityTaskManager: Config changes=20005df8 {1.0 ?mcc?mnc [en_US] ldltr sw392dp w392dp h757dp 440dpi nrml long port ?uimode ?night -touch qwerty/v/v dpad/v winConfig={ mBounds=Rect(0, 0 - 1080, 2280) mAppBounds=Rect(0, 0 - 1080, 2148) mWindowingMode=fullscreen mDisplayWindowingMode=fullscreen mActivityType=undefined mAlwaysOnTop=undefined mRotation=ROTATION_0} s.2}
03-02 23:03:57.574   487   487 I WindowManager: Override config changes=60007dfc {1.0 ?mcc?mnc [en_US] ldltr sw392dp w392dp h757dp 440dpi nrml long port ?uimode ?night -touch qwerty/v/v dpad/v winConfig={ mBounds=Rect(0, 0 - 1080, 2280) mAppBounds=Rect(0, 0 - 1080, 2148) mWindowingMode=fullscreen mDisplayWindowingMode=fullscreen mActivityType=undefined mAlwaysOnTop=undefined mRotation=ROTATION_0} s.2} for displayId=0
03-02 23:03:57.578   487   487 I ActivityTaskManager: Config changes=8 {1.0 ?mcc?mnc [en_US] ldltr sw392dp w392dp h757dp 440dpi nrml long port ?uimode ?night finger qwerty/v/v dpad/v winConfig={ mBounds=Rect(0, 0 - 1080, 2280) mAppBounds=Rect(0, 0 - 1080, 2148) mWindowingMode=fullscreen mDisplayWindowingMode=fullscreen mActivityType=undefined mAlwaysOnTop=undefined mRotation=ROTATION_0} s.4}
03-02 23:03:57.583   487   487 I WindowManager: Override config changes=8 {1.0 ?mcc?mnc [en_US] ldltr sw392dp w392dp h757dp 440dpi nrml long port ?uimode ?night finger qwerty/v/v dpad/v winConfig={ mBounds=Rect(0, 0 - 1080, 2280) mAppBounds=Rect(0, 0 - 1080, 2148) mWindowingMode=fullscreen mDisplayWindowingMode=fullscreen mActivityType=undefined mAlwaysOnTop=undefined mRotation=ROTATION_0} s.4} for displayId=0
03-02 23:03:57.584   487   487 I SystemServerTiming: StartStorageManagerService
03-02 23:03:57.584   487   487 I SystemServiceManager: Starting com.android.server.StorageManagerService$Lifecycle
03-02 23:03:57.603   487   570 D StorageManagerService: Thinking about init, mBootCompleted=false, mDaemonConnected=true
03-02 23:03:57.603   487   570 D StorageManagerService: Thinking about reset, mBootCompleted=false, mDaemonConnected=true
03-02 23:03:57.603   487   570 D StorageManagerService: Thinking about init, mBootCompleted=false, mDaemonConnected=true
03-02 23:03:57.603   487   570 D StorageManagerService: Thinking about reset, mBootCompleted=false, mDaemonConnected=true
03-02 23:03:57.604   487   487 I SystemServerTiming: StartStorageStatsService
03-02 23:03:57.604   487   487 I SystemServiceManager: Starting com.android.server.usage.StorageStatsService$Lifecycle
03-02 23:03:57.611   487   487 I SystemServerTiming: StartUiModeManager
03-02 23:03:57.611   487   487 I SystemServiceManager: Starting com.android.server.UiModeManagerService
03-02 23:03:57.611   487   538 I SystemServerTimingAsync: InitThreadPoolExec:UiModeManager.onStart
03-02 23:03:57.613   487   487 I SystemServerTiming: UpdatePackagesIfNeeded
03-02 23:03:57.613   487   487 I Watchdog: Pausing HandlerChecker: main thread for reason: dexopt. Pause count: 1
03-02 23:03:57.613   487   487 I Watchdog: Resuming HandlerChecker: main thread for reason: dexopt. Pause count: 0
03-02 23:03:57.613   487   487 I SystemServerTiming: PerformFstrimIfNeeded
03-02 23:03:57.614   487   487 I SystemServerTiming: StartLockSettingsService
03-02 23:03:57.614   487   487 I SystemServiceManager: Starting com.android.server.locksettings.LockSettingsService$Lifecycle
03-02 23:03:57.636   487   487 I SystemServerTiming: StartTestHarnessMode
03-02 23:03:57.636   487   487 I SystemServiceManager: Starting com.android.server.testharness.TestHarnessModeService
03-02 23:03:57.637   487   487 I OemLock : OemLock HAL not present on device
03-02 23:03:57.637   487   487 I SystemServerTiming: StartDeviceIdleController
03-02 23:03:57.638   487   487 I SystemServiceManager: Starting com.android.server.DeviceIdleController
03-02 23:03:57.639   487   487 I SystemServerTiming: StartDevicePolicyManager
03-02 23:03:57.643   487   487 I SystemServiceManager: Starting com.android.server.devicepolicy.DevicePolicyManagerService$Lifecycle
03-02 23:03:57.675   487   487 I DevicePolicyManager: Set ro.organization_owned property to false
03-02 23:03:57.679   487   487 I SystemServerTiming: StartStatusBarManagerService
03-02 23:03:57.680   487   487 I SystemServerTiming: StartContentCaptureService
03-02 23:03:57.683   487   487 I SystemServiceManager: Starting com.android.server.contentcapture.ContentCaptureManagerService
03-02 23:03:57.685   487   487 D SystemServer: AttentionService is not configured on this device
03-02 23:03:57.685   487   487 I SystemServerTiming: StartSystemCaptionsManagerService
03-02 23:03:57.685   487   487 I SystemServiceManager: Starting com.android.server.systemcaptions.SystemCaptionsManagerService
03-02 23:03:57.686   487   487 I SystemServerTiming: StartAppPredictionService
03-02 23:03:57.686   487   487 I SystemServiceManager: Starting com.android.server.appprediction.AppPredictionManagerService
03-02 23:03:57.686   487   487 I SystemServerTiming: StartContentSuggestionsService
03-02 23:03:57.687   487   487 I SystemServiceManager: Starting com.android.server.contentsuggestions.ContentSuggestionsManagerService
03-02 23:03:57.687   487   487 I SystemServerTiming: InitConnectivityModuleConnector
03-02 23:03:57.687   487   487 D ConnectivityModuleConnector: Network stack init
03-02 23:03:57.689   487   487 I SystemServerTiming: InitNetworkStackClient
03-02 23:03:57.691   487   487 I SystemServerTiming: StartNetworkManagementService
03-02 23:03:57.702   487   487 I SystemServerTiming: StartIpSecService
03-02 23:03:57.703   487   487 I SystemServerTiming: StartTextServicesManager
03-02 23:03:57.703   487   487 I SystemServiceManager: Starting com.android.server.textservices.TextServicesManagerService$Lifecycle
03-02 23:03:57.703   487   487 I SystemServerTiming: StartTextClassificationManagerService
03-02 23:03:57.703   487   487 I SystemServiceManager: Starting com.android.server.textclassifier.TextClassificationManagerService$Lifecycle
03-02 23:03:57.704   487   487 I SystemServerTiming: StartNetworkScoreService
03-02 23:03:57.704   487   487 I SystemServiceManager: Starting com.android.server.NetworkScoreService$Lifecycle
03-02 23:03:57.705   487   487 I SystemServerTiming: StartNetworkStatsService
03-02 23:03:57.706   487   487 I SystemServerTiming: StartNetworkPolicyManagerService
03-02 23:03:57.713   487   487 I SystemServerTiming: StartWifi
03-02 23:03:57.732   487   487 I SystemServiceManager: Starting com.android.server.wifi.WifiService
03-02 23:03:57.852   487   487 E HistoricalRegistry: Interaction before persistence initialized
03-02 23:03:57.863   487   487 I SystemServerTiming: StartWifiScanning
03-02 23:03:57.864   487   487 I SystemServiceManager: Starting com.android.server.wifi.scanner.WifiScanningService
03-02 23:03:57.866   487   487 I SystemServerTiming: StartWifiP2P
03-02 23:03:57.867   487   487 I SystemServiceManager: Starting com.android.server.wifi.p2p.WifiP2pService
03-02 23:03:57.875   487   487 I SystemServerTiming: StartConnectivityService
03-02 23:03:57.894   487   487 D ConnectivityService: ConnectivityService starting up
03-02 23:03:57.897   487   487 D ConnectivityService: wifiOnly=false
03-02 23:03:57.903   487   487 I SystemServerTiming: StartNsdService
03-02 23:03:57.904   487   487 D NsdService: Network service discovery is enabled
03-02 23:03:57.905   487   487 I SystemServerTiming: StartSystemUpdateManagerService
03-02 23:03:57.905   487   487 I SystemUpdateManagerService: No existing info file /data/system/system-update-info.xml
03-02 23:03:57.905   487   487 I SystemServerTiming: StartUpdateLockService
03-02 23:03:57.906   487   487 I SystemServerTiming: StartNotificationManager
03-02 23:03:57.906   487   487 I SystemServiceManager: Starting com.android.server.notification.NotificationManagerService
03-02 23:03:57.928   487   487 D ConditionProviders.SCP: new ScheduleConditionProvider()
03-02 23:03:57.935   487   487 I NotificationListeners: Read notification listener permissions from xml
03-02 23:03:57.935   487   487 I NotificationAssistants: Read notification assistant permissions from xml
03-02 23:03:57.935   487   487 I ConditionProviders: Read condition provider permissions from xml
03-02 23:03:57.935   487   487 I ConditionProviders: Read condition provider permissions from xml
03-02 23:03:57.936   487   487 D NotificationAssistants: Approving default notification assistant for user 0
03-02 23:03:57.936   487   487 I ConditionProviders:  Allowing condition provider com.google.android.ext.services/android.ext.services.notification.Assistant
03-02 23:03:57.936   487   487 V ConditionProviders: enabling condition provider for 0: ComponentInfo{com.google.android.apps.wellbeing/com.google.android.apps.wellbeing.dnd.impl.DndConditionProviderService}
03-02 23:03:57.936   487   487 V ConditionProviders: binding: Intent { act=android.service.notification.ConditionProviderService cmp=com.google.android.apps.wellbeing/.dnd.impl.DndConditionProviderService (has extras) }
03-02 23:03:57.945   487   487 I SystemServerTiming: StartDeviceMonitor
03-02 23:03:57.945   487   487 I SystemServiceManager: Starting com.android.server.storage.DeviceStorageMonitorService
03-02 23:03:57.947   487   487 I SystemServerTiming: StartLocationManagerService
03-02 23:03:57.947   487   487 I SystemServiceManager: Starting com.android.server.location.LocationManagerService$Lifecycle
03-02 23:03:57.953   487   487 I SystemServerTiming: StartCountryDetectorService
03-02 23:03:57.954   487   487 I SystemServerTiming: StartTimeDetectorService
03-02 23:03:57.954   487   487 I SystemServiceManager: Starting com.android.server.timedetector.TimeDetectorService$Lifecycle
03-02 23:03:57.954   487   487 I SystemServerTiming: StartTimeZoneDetectorService
03-02 23:03:57.954   487   487 I SystemServiceManager: Starting com.android.server.timezonedetector.TimeZoneDetectorService$Lifecycle
03-02 23:03:57.955   487   487 I SystemServerTiming: StartSearchManagerService
03-02 23:03:57.955   487   487 I SystemServiceManager: Starting com.android.server.search.SearchManagerService$Lifecycle
03-02 23:03:57.955   487   487 I SystemServerTiming: StartWallpaperManagerService
03-02 23:03:57.955   487   487 I SystemServiceManager: Starting com.android.server.wallpaper.WallpaperManagerService$Lifecycle
03-02 23:03:57.956   487   487 I SystemServerTiming: StartAudioService
03-02 23:03:57.956   487   487 I SystemServiceManager: Starting com.android.server.audio.AudioService$Lifecycle
03-02 23:03:58.022   487   487 I SystemServerTiming: StartSoundTriggerMiddlewareService
03-02 23:03:58.022   487   487 I SystemServiceManager: Starting com.android.server.soundtrigger_middleware.SoundTriggerMiddlewareService$Lifecycle
03-02 23:03:58.029   487   487 I SystemServerTiming: StartDockObserver
03-02 23:03:58.029   487   487 I SystemServiceManager: Starting com.android.server.DockObserver
03-02 23:03:58.029   487   487 W DockObserver: This kernel does not have dock station support
03-02 23:03:58.030   487   487 I SystemServerTiming: StartWiredAccessoryManager
03-02 23:03:58.030   487   487 W WiredAccessoryManager: This kernel does not have usb audio support
03-02 23:03:58.031   487   487 W WiredAccessoryManager: This kernel does not have HDMI audio support
03-02 23:03:58.031   487   487 I SystemServerTiming: StartMidiManager
03-02 23:03:58.031   487   487 I SystemServiceManager: Starting com.android.server.midi.MidiService$Lifecycle
03-02 23:03:58.031   487   487 I SystemServerTiming: StartAdbService
03-02 23:03:58.031   487   487 I SystemServiceManager: Starting com.android.server.adb.AdbService$Lifecycle
03-02 23:03:58.032   487   487 I SystemServerTiming: StartUsbService
03-02 23:03:58.032   487   487 I SystemServiceManager: Starting com.android.server.usb.UsbService$Lifecycle
03-02 23:03:58.033   487   487 I SystemServerTiming: StartSerialService
03-02 23:03:58.033   487   510 I SystemServerTimingAsync: InitThreadPoolExec:UsbService$Lifecycle#onStart
03-02 23:03:58.033   487   487 I SystemServerTiming: StartHardwarePropertiesManagerService
03-02 23:03:58.035   487   510 E UsbDeviceManager: failed to write to /sys/class/android_usb/android0/f_rndis/ethaddr
03-02 23:03:58.036   487   487 I SystemServerTiming: StartTwilightService
03-02 23:03:58.036   487   487 I SystemServiceManager: Starting com.android.server.twilight.TwilightService
03-02 23:03:58.036   487   487 I SystemServerTiming: StartColorDisplay
03-02 23:03:58.036   487   487 I SystemServiceManager: Starting com.android.server.display.color.ColorDisplayService
03-02 23:03:58.038   487   487 I SystemServerTiming: StartJobScheduler
03-02 23:03:58.039   487   487 I SystemServiceManager: Starting com.android.server.job.JobSchedulerService
03-02 23:03:58.040   487   510 I UsbDeviceManager: USB GADGET HAL not present in the device
03-02 23:03:58.040   487   510 I UsbDeviceManager: java.util.NoSuchElementException
03-02 23:03:58.040   487   510 I UsbDeviceManager: 	at android.os.HwBinder.getService(Native Method)
03-02 23:03:58.040   487   510 I UsbDeviceManager: 	at android.hardware.usb.gadget.V1_0.IUsbGadget.getService(IUsbGadget.java:55)
03-02 23:03:58.040   487   510 I UsbDeviceManager: 	at android.hardware.usb.gadget.V1_0.IUsbGadget.getService(IUsbGadget.java:62)
03-02 23:03:58.040   487   510 I UsbDeviceManager: 	at com.android.server.usb.UsbDeviceManager.<init>(UsbDeviceManager.java:265)
03-02 23:03:58.040   487   510 I UsbDeviceManager: 	at com.android.server.usb.UsbService.<init>(UsbService.java:178)
03-02 23:03:58.040   487   510 I UsbDeviceManager: 	at com.android.server.usb.UsbService$Lifecycle.lambda$onStart$0$UsbService$Lifecycle(UsbService.java:92)
03-02 23:03:58.040   487   510 I UsbDeviceManager: 	at com.android.server.usb.-$$Lambda$UsbService$Lifecycle$KjOG0MXO3C0J-L5Ymrj6FnSwXwQ.run(Unknown Source:2)
03-02 23:03:58.040   487   510 I UsbDeviceManager: 	at com.android.server.SystemServerInitThreadPool.lambda$submitTask$0$SystemServerInitThreadPool(SystemServerInitThreadPool.java:103)
03-02 23:03:58.040   487   510 I UsbDeviceManager: 	at com.android.server.-$$Lambda$SystemServerInitThreadPool$o2_GLo0lnkotYmRdTfg66UETEwQ.run(Unknown Source:6)
03-02 23:03:58.040   487   510 I UsbDeviceManager: 	at java.util.concurrent.Executors$RunnableAdapter.call(Executors.java:462)
03-02 23:03:58.040   487   510 I UsbDeviceManager: 	at java.util.concurrent.FutureTask.run(FutureTask.java:266)
03-02 23:03:58.040   487   510 I UsbDeviceManager: 	at java.util.concurrent.ThreadPoolExecutor.runWorker(ThreadPoolExecutor.java:1167)
03-02 23:03:58.040   487   510 I UsbDeviceManager: 	at java.util.concurrent.ThreadPoolExecutor$Worker.run(ThreadPoolExecutor.java:641)
03-02 23:03:58.040   487   510 I UsbDeviceManager: 	at com.android.internal.util.ConcurrentUtils$1$1.run(ConcurrentUtils.java:65)
03-02 23:03:58.040   487   510 E UsbDeviceManager: Failed to open control for mtp
03-02 23:03:58.040   487   510 E UsbDeviceManager: Failed to open control for ptp
03-02 23:03:58.048   487   510 W StorageManagerService: No primary storage defined yet; hacking together a stub
03-02 23:03:58.050   487   566 I UsbPortManager: Usb hal service started android.hardware.usb@1.0::IUsb default
03-02 23:03:58.051   487   487 D JobStore: Start tag: job-info
03-02 23:03:58.055   487   487 I JobStore: Read 70 jobs
03-02 23:03:58.060   487   581 D ConnectivityService: NetReassign [no changes]
03-02 23:03:58.063   487   487 E HistoricalRegistry: Interaction before persistence initialized
03-02 23:03:58.063   487   487 I SystemServerTiming: StartSoundTrigger
03-02 23:03:58.063   487   487 I SystemServiceManager: Starting com.android.server.soundtrigger.SoundTriggerService
03-02 23:03:58.064   487   487 I SystemServerTiming: StartTrustManager
03-02 23:03:58.064   487   487 I SystemServiceManager: Starting com.android.server.trust.TrustManagerService
03-02 23:03:58.065   487   487 I SystemServerTiming: StartBackupManager
03-02 23:03:58.065   487   487 I SystemServiceManager: Starting com.android.server.backup.BackupManagerService$Lifecycle
03-02 23:03:58.068   487   487 I SystemServerTiming: StartAppWidgetService
03-02 23:03:58.068   487   487 I SystemServiceManager: Starting com.android.server.appwidget.AppWidgetService
03-02 23:03:58.072   487   487 I SystemServerTiming: StartRoleManagerService
03-02 23:03:58.073   487   487 I SystemServerTiming: StartVoiceRecognitionManager
03-02 23:03:58.073   487   487 I SystemServiceManager: Starting com.android.server.voiceinteraction.VoiceInteractionManagerService
03-02 23:03:58.084   487   487 I SystemServerTiming: StartGestureLauncher
03-02 23:03:58.084   487   487 I SystemServiceManager: Starting com.android.server.GestureLauncherService
03-02 23:03:58.084   487   487 I SystemServerTiming: StartSensorNotification
03-02 23:03:58.084   487   487 I SystemServiceManager: Starting com.android.server.SensorNotificationService
03-02 23:03:58.084   487   487 I SystemServerTiming: StartDiskStatsService
03-02 23:03:58.086   487   487 I SystemServerTiming: RuntimeService
03-02 23:03:58.086   487   487 I SystemServerTiming: StartNetworkTimeUpdateService
03-02 23:03:58.086   487   487 I SystemServerTiming: CertBlacklister
03-02 23:03:58.087   487   487 I SystemServerTiming: StartEmergencyAffordanceService
03-02 23:03:58.087   487   487 I SystemServiceManager: Starting com.android.server.emergency.EmergencyAffordanceService
03-02 23:03:58.087   487   487 I SystemServerTiming: StartDreamManager
03-02 23:03:58.087   487   487 I SystemServiceManager: Starting com.android.server.dreams.DreamManagerService
03-02 23:03:58.087   487   538 I SystemServerTimingAsync: InitThreadPoolExec:startBlobStoreManagerService
03-02 23:03:58.087   487   538 I SystemServerTimingAsync: startBlobStoreManagerService
03-02 23:03:58.090   487   538 I SystemServiceManager: Starting com.android.server.blob.BlobStoreManagerService
03-02 23:03:58.090   487   487 I SystemServerTiming: AddGraphicsStatsService
03-02 23:03:58.093   487   487 I SystemServerTiming: StartPrintManager
03-02 23:03:58.093   487   487 I SystemServiceManager: Starting com.android.server.print.PrintManagerService
