03-02 23:04:57.517   487   648 W ActivityManager: Slow operation: 269ms so far, now at getContentProviderImpl: after updateOomAdj
03-02 23:04:57.517   487   648 W ActivityManager: Slow operation: 269ms so far, now at getContentProviderImpl: done!
03-02 23:04:58.056   487   504 W Looper  : Slow dispatch took 106ms android.ui h=com.android.server.wm.DisplayPolicy$PolicyHandler c=com.android.server.wm.-$$Lambda$DisplayPolicy$HbdRZfPpJ53Wnk7_Ueb0ycyz_AQ@b080049 m=0
03-02 23:04:59.193   487   504 W Looper  : Slow dispatch took 129ms android.ui h=com.android.server.wm.DisplayPolicy$PolicyHandler c=com.android.server.wm.-$$Lambda$DisplayPolicy$HbdRZfPpJ53Wnk7_Ueb0ycyz_AQ@124ba14 m=0
03-02 23:05:00.304   487   504 W Looper  : Slow dispatch took 130ms android.ui h=com.android.server.am.ActivityManagerService$UiHandler c=null m=31
03-02 23:05:00.335   487   487 W Looper  : Slow dispatch took 259ms main h=com.android.server.AlarmManagerService$AlarmHandler c=com.android.server.-$$Lambda$AlarmManagerService$3$jIkPWjqS66vG6aFVQoHxR2w4HPE@c8470b2 m=0
03-02 23:05:02.137   487   620 W ActivityManager: Slow operation: 322ms so far, now at getContentProviderImpl: before checkContentProviderPermission
03-02 23:05:02.138   487   620 W ActivityManager: Slow operation: 351ms so far, now at getContentProviderImpl: after checkContentProviderPermission
03-02 23:05:02.138   487   620 W ActivityManager: Slow operation: 352ms so far, now at getContentProviderImpl: incProviderCountLocked
03-02 23:05:02.191   487   620 W ActivityManager: Slow operation: 404ms so far, now at getContentProviderImpl: before updateOomAdj
03-02 23:05:03.002   487   620 W ActivityManager: Slow operation: 1215ms so far, now at getContentProviderImpl: after updateOomAdj
03-02 23:05:03.044   487   620 W ActivityManager: Slow operation: 1258ms so far, now at getContentProviderImpl: done!
03-02 23:05:03.329   487   504 W Looper  : Slow dispatch took 251ms android.ui h=com.android.server.am.ActivityManagerService$UiHandler c=null m=31
03-02 23:05:09.719   487   504 W Looper  : Slow dispatch took 181ms android.ui h=com.android.server.am.ActivityManagerService$UiHandler c=null m=53
03-02 23:05:09.874   487   487 W Looper  : Slow dispatch took 171ms main h=com.android.server.job.JobSchedulerService$JobHandler c=null m=1
03-02 23:05:10.034   487   487 W Looper  : Slow dispatch took 160ms main h=com.android.server.job.JobSchedulerService$JobHandler c=null m=0
03-02 23:05:10.138   487   487 W Looper  : Slow dispatch took 105ms main h=com.android.server.job.JobSchedulerService$JobHandler c=null m=1
03-02 23:05:10.650   487   487 W Looper  : Slow dispatch took 474ms main h=android.app.job.JobServiceEngine$JobHandler c=null m=0
03-02 23:05:10.671   487   487 W Looper  : Slow delivery took 485ms main h=com.android.server.AlarmManagerService$AlarmHandler c=null m=8
03-02 23:05:10.807   487   948 D ConnectivityService: requestNetwork for uid/pid:10109/2384 NetworkRequest [ TRACK_DEFAULT id=32, [ Capabilities: INTERNET&NOT_RESTRICTED&TRUSTED Uid: 10109 AdministratorUids: [] RequestorUid: 10109 RequestorPackageName: com.google.android.googlequicksearchbox] ]
03-02 23:05:10.861   487   581 D ConnectivityService: NetReassign [32 : null  101]
03-02 23:05:11.041   487   581 D ConnectivityService: NetReassign [no changes]
03-02 23:05:11.709   487   487 W Looper  : Drained
03-02 23:05:11.949   487   504 W Looper  : Slow dispatch took 113ms android.ui h=com.android.server.am.ActivityManagerService$UiHandler c=null m=53
03-02 23:05:11.956   487   487 W Looper  : Slow dispatch took 247ms main h=com.android.server.job.JobSchedulerService$JobHandler c=null m=1
03-02 23:05:14.217   487   487 W Looper  : Slow dispatch took 125ms main h=com.android.server.job.JobSchedulerService$JobHandler c=null m=3
03-02 23:05:17.165   487   581 D ConnectivityService: [100 CELLULAR] validation failed
03-02 23:05:18.754   487   504 W Looper  : Slow dispatch took 138ms android.ui h=com.android.server.am.ActivityManagerService$UiHandler c=null m=53
03-02 23:05:18.844   487   487 W Looper  : Slow dispatch took 118ms main h=com.android.server.job.JobSchedulerService$JobHandler c=null m=1
03-02 23:05:19.351   487   503 W Looper  : Slow dispatch took 249ms android.fg h=android.os.Handler c=com.android.server.Watchdog$HandlerChecker@7857aa8 m=0
03-02 23:05:20.585   487   581 D ConnectivityService: [101 WIFI] validation failed
03-02 23:05:21.453   487   503 W Looper  : Slow dispatch took 140ms android.fg h=com.android.server.location.gnss.GnssLocationProvider$ProviderHandler c=com.android.server.location.RemoteListenerHelper$1@7638f4e m=0
03-02 23:05:21.756   487  1965 D ConnectivityService: requestNetwork for uid/pid:10111/1581 NetworkRequest [ TRACK_DEFAULT id=34, [ Capabilities: INTERNET&NOT_RESTRICTED&TRUSTED Uid: 10111 AdministratorUids: [] RequestorUid: 10111 RequestorPackageName: com.google.android.apps.youtube.music] ]
03-02 23:05:21.761   487   581 D ConnectivityService: NetReassign [34 : null  101]
03-02 23:05:23.742   487   487 W Looper  : Slow dispatch took 110ms main h=com.android.server.job.JobSchedulerService$JobHandler c=null m=3
03-02 23:05:24.108   487   512 W BroadcastQueue: Timeout of broadcast BroadcastRecord{624999 u-1 android.intent.action.SIM_STATE_CHANGED} - receiver=android.os.BinderProxy@2364c6b, started 60015ms ago
03-02 23:05:24.108   487   512 W BroadcastQueue: Receiver during timeout of BroadcastRecord{624999 u-1 android.intent.action.SIM_STATE_CHANGED} : ResolveInfo{22953c8 com.google.android.apps.tachyon/.simdetection.SimStateBroadcastReceiver m=0x108000}
03-02 23:05:24.210   487   503 W Looper  : Slow dispatch took 365ms android.fg h=com.android.server.AppStateTracker$MyHandler c=null m=0
03-02 23:05:24.211   487   487 W Looper  : Slow dispatch took 468ms main h=com.android.server.job.JobSchedulerService$JobHandler c=null m=1
03-02 23:05:24.297   487   487 W Looper  : Slow delivery took 512ms main h=android.app.ActivityThread$H c=android.app.LoadedApk$ServiceDispatcher$RunConnection@7cfcc61 m=0
03-02 23:05:24.571   487   487 W Looper  : Drained
03-02 23:05:24.897   487   948 I ActivityManager: Force stopping com.example.pim appid=10159 user=0: from pid 2582
03-02 23:05:25.326   487   487 W Looper  : Slow dispatch took 150ms main h=com.android.server.media.MediaRouterService$UserHandler c=null m=8
03-02 23:05:25.420   487   487 W Looper  : Slow delivery took 208ms main h=com.android.server.media.MediaRouter2ServiceImpl$UserHandler c=com.android.server.media.-$$Lambda$MediaRoute2ProviderWatcher$3cuM1Rvi-5yUvcYL_p9NxdTvpDk@a603a0e m=0
03-02 23:05:25.566   487   487 W Looper  : Drained
03-02 23:05:26.126   487  2606 I DropBoxManagerService: add tag=SYSTEM_BOOT isTagEnabled=true flags=0x2
03-02 23:05:26.159   487  2606 I BootReceiver: Copying /sys/fs/pstore/console-ramoops-0 to DropBox (SYSTEM_LAST_KMSG)
03-02 23:05:26.160   487  2606 I DropBoxManagerService: add tag=SYSTEM_LAST_KMSG isTagEnabled=true flags=0x2
03-02 23:05:26.184   487  2606 I BootReceiver: Copying audit failures to DropBox
03-02 23:05:26.185   487  2606 I BootReceiver: Copied 3800 worth of audits to DropBox
03-02 23:05:26.186   487  2606 I DropBoxManagerService: add tag=SYSTEM_AUDIT isTagEnabled=true flags=0x2
03-02 23:05:26.212   487  2606 I BootReceiver: Checking for fsck errors
03-02 23:05:26.242   487  2606 D CompatibilityChangeReporter: Compat change id reported: 135634846; UID 10071; state: DISABLED
03-02 23:05:26.245   487   513 D CompatibilityChangeReporter: Compat change id reported: 143937733; UID 10071; state: ENABLED
03-02 23:05:27.349   487   487 W Looper  : Slow delivery took 464ms main h=android.app.PropertyInvalidatedCache$AutoCorker$1 c=null m=0
03-02 23:05:27.715   487   504 W Looper  : Slow delivery took 862ms android.ui h=com.android.server.am.ActivityManagerService$UiHandler c=null m=31
03-02 23:05:27.715   487   504 W Looper  : Slow dispatch took 371ms android.ui h=com.android.server.am.ActivityManagerService$UiHandler c=null m=31
03-02 23:05:27.799   487   487 W Looper  : Drained
03-02 23:05:27.845   487   504 W Looper  : Slow dispatch took 130ms android.ui h=com.android.server.am.ActivityManagerService$UiHandler c=null m=53
03-02 23:05:28.757   487   504 W Looper  : Drained
03-02 23:05:28.946   487  2349 D CompatibilityChangeReporter: Compat change id reported: 135634846; UID 10101; state: DISABLED
03-02 23:05:29.083   487   513 W ActivityManager: Slow operation: 2852ms so far, now at startProcess: returned from zygote!
03-02 23:05:29.083   487   513 W ActivityManager: Slow operation: 2853ms so far, now at startProcess: done updating battery stats
03-02 23:05:29.083   487   513 W ActivityManager: Slow operation: 2853ms so far, now at startProcess: building log message
03-02 23:05:29.083   487   513 I ActivityManager: Start proc 2628:android.process.media/u0a71 for content provider {com.android.providers.downloads/com.android.providers.downloads.DownloadProvider}
03-02 23:05:29.083   487   513 W ActivityManager: Slow operation: 2853ms so far, now at startProcess: starting to update pids map
03-02 23:05:29.087   487   513 W ActivityManager: Slow operation: 2856ms so far, now at startProcess: done updating pids map
03-02 23:05:29.087   487   513 W ActivityManager: Slow operation: 141ms so far, now at startProcess: asking zygote to start proc
03-02 23:05:29.087   487   513 D CompatibilityChangeReporter: Compat change id reported: 143937733; UID 10101; state: DISABLED
03-02 23:05:29.314   487   513 W ActivityManager: Slow operation: 369ms so far, now at startProcess: returned from zygote!
03-02 23:05:29.314   487   513 W ActivityManager: Slow operation: 369ms so far, now at startProcess: done updating battery stats
03-02 23:05:29.314   487   513 W ActivityManager: Slow operation: 369ms so far, now at startProcess: building log message
03-02 23:05:29.314   487   513 I ActivityManager: Start proc 2650:com.google.android.ims/u0a101 for service {com.google.android.ims/com.google.android.ims.services.MessagingService}
03-02 23:05:29.314   487   513 W ActivityManager: Slow operation: 369ms so far, now at startProcess: starting to update pids map
03-02 23:05:29.314   487   513 W ActivityManager: Slow operation: 369ms so far, now at startProcess: done updating pids map
03-02 23:05:29.428   487  2579 I ActivityManager: dumpStackTraces pids=null nativepids=null
03-02 23:05:29.471   487  2579 I ActivityManager: Dumping to /data/anr/anr_2021-03-02-23-05-29-455
03-02 23:05:29.471   487  2579 I ActivityManager: Collecting stacks for pid 2205
03-02 23:05:31.727   487  1522 D CompatibilityChangeReporter: Compat change id reported: 136219221; UID 10107; state: DISABLED
03-02 23:05:32.038   487   487 D NotificationService: 0|com.google.android.apps.wellbeing|174344743|null|10107: granting content://settings/system/notification_sound
03-02 23:05:32.052   487   487 I chatty  : uid=1000(system) Binder:487_3 identical 2 lines
03-02 23:05:32.053   487   487 D NotificationService: 0|com.google.android.apps.wellbeing|174344743|null|10107: granting content://settings/system/notification_sound
03-02 23:05:32.327   487   487 W NotificationHistory: Attempted to add notif for locked/gone/disabled user 0
03-02 23:05:32.400   487   487 W Looper  : Slow dispatch took 446ms main h=com.android.server.notification.NotificationManagerService$WorkerHandler c=com.android.server.notification.NotificationManagerService$PostNotificationRunnable@1085c42 m=0
03-02 23:05:32.451   487   487 W Looper  : Slow delivery took 351ms main h=com.android.server.notification.NotificationManagerService$WorkerHandler c=com.android.server.notification.NotificationManagerService$NotificationListeners$2@9b79453 m=0
03-02 23:05:32.636   487   487 W Looper  : Drained
03-02 23:05:32.769   487  2579 I ActivityManager: Done dumping
03-02 23:05:32.777   487  2579 E ActivityManager: ANR in com.google.android.apps.tachyon
03-02 23:05:32.777   487  2579 E ActivityManager: PID: 2205
03-02 23:05:32.777   487  2579 E ActivityManager: Reason: Broadcast of Intent { act=android.intent.action.SIM_STATE_CHANGED flg=0x5000010 cmp=com.google.android.apps.tachyon/.simdetection.SimStateBroadcastReceiver (has extras) }
03-02 23:05:32.777   487  2579 E ActivityManager: Load: 0.0 / 0.0 / 0.0
03-02 23:05:32.777   487  2579 E ActivityManager: ----- Output from /proc/pressure/memory -----
03-02 23:05:32.777   487  2579 E ActivityManager: some avg10=57.18 avg60=37.10 avg300=11.13 total=37163172
03-02 23:05:32.777   487  2579 E ActivityManager: full avg10=1.37 avg60=1.40 avg300=0.49 total=1898139
03-02 23:05:32.777   487  2579 E ActivityManager: ----- End output from /proc/pressure/memory -----
03-02 23:05:32.777   487  2579 E ActivityManager: 
03-02 23:05:32.777   487  2579 E ActivityManager: CPU usage from 49474ms to -4655ms ago (2021-03-02 23:04:34.833 to 2021-03-02 23:05:28.961):
03-02 23:05:32.777   487  2579 E ActivityManager:   28% 487/system_server: 19% user + 8.4% kernel / faults: 4816 minor 215 major
03-02 23:05:32.777   487  2579 E ActivityManager:   21% 1067/com.google.android.gms.persistent: 15% user + 6.3% kernel / faults: 13568 minor 2 major
03-02 23:05:32.777   487  2579 E ActivityManager:   13% 1581/com.google.android.apps.youtube.music: 9.4% user + 3.8% kernel / faults: 2923 minor 3 major
03-02 23:05:32.777   487  2579 E ActivityManager:   11% 1987/com.android.vending: 7.7% user + 3.3% kernel / faults: 6141 minor 3 major
03-02 23:05:32.777   487  2579 E ActivityManager:   10% 1537/com.google.android.gms: 7.5% user + 3% kernel / faults: 4202 minor 40 major
03-02 23:05:32.777   487  2579 E ActivityManager:   7.2% 640/com.android.systemui: 6.2% user + 0.9% kernel / faults: 473 minor
03-02 23:05:32.777   487  2579 E ActivityManager:   5.7% 1203/com.google.android.apps.wellbeing: 4.5% user + 1.2% kernel / faults: 1730 minor 7 major
03-02 23:05:32.777   487  2579 E ActivityManager:   4.7% 956/com.google.android.apps.nexuslauncher: 3.9% user + 0.8% kernel / faults: 857 minor 3 major
03-02 23:05:32.777   487  2579 E ActivityManager:   4.4% 1181/com.google.android.inputmethod.latin: 3.1% user + 1.3% kernel / faults: 598 minor 1 major
03-02 23:05:32.777   487  2579 E ActivityManager:   3.9% 821/com.android.phone: 3% user + 0.9% kernel / faults: 1891 minor 1 major
03-02 23:05:32.777   487  2579 E ActivityManager:   3.3% 80/kswapd0: 0% user + 3.3% kernel
03-02 23:05:32.777   487  2579 E ActivityManager:   3.4% 779/com.android.networkstack.process: 2.8% user + 0.6% kernel / faults: 275 minor
03-02 23:05:32.777   487  2579 E ActivityManager:   3.2% 1608/com.google.android.youtube: 2.8% user + 0.4% kernel / faults: 237 minor
03-02 23:05:32.777   487  2579 E ActivityManager:   2.9% 622/com.android.bluetooth: 2.4% user + 0.5% kernel / faults: 263 minor 3 major
03-02 23:05:32.777   487  2579 E ActivityManager:   2.7% 337/surfaceflinger: 1.8% user + 0.8% kernel / faults: 8 minor
03-02 23:05:32.777   487  2579 E ActivityManager:   2.3% 284/android.hardware.graphics.composer@2.3-service: 0.8% user + 1.4% kernel
03-02 23:05:32.777   487  2579 E ActivityManager:   2.2% 1275/com.google.process.gservices: 1.6% user + 0.6% kernel / faults: 613 minor
03-02 23:05:32.777   487  2579 E ActivityManager:   2.1% 263/netd: 0.7% user + 1.3% kernel / faults: 393 minor
03-02 23:05:32.777   487  2579 E ActivityManager:   1.8% 264/zygote: 0.4% user + 1.3% kernel / faults: 452 minor
03-02 23:05:32.777   487  2579 E ActivityManager:   1.5% 268/android.hardware.bluetooth@1.1-service.sim: 1% user + 0.4% kernel / faults: 1 minor
03-02 23:05:32.777   487  2579 E ActivityManager:   1.1% 1148/android.process.acore: 0.8% user + 0.2% kernel / faults: 103 minor
03-02 23:05:32.777   487  2579 E ActivityManager:   0.9% 152/lmkd: 0.2% user + 0.6% kernel
03-02 23:05:32.777   487  2579 E ActivityManager:   0.8% 10/rcu_preempt: 0% user + 0.8% kernel
03-02 23:05:32.777   487  2579 E ActivityManager:   0.8% 151/logd: 0.4% user + 0.3% kernel / faults: 92 minor
03-02 23:05:32.777   487  2579 E ActivityManager:   0.8% 2205/com.google.android.apps.tachyon: 0.1% user + 0.6% kernel / faults: 49 minor 17 major
03-02 23:05:32.777   487  2579 E ActivityManager:   0.8% 358/adbd: 0.2% user + 0.5% kernel / faults: 1073 minor
03-02 23:05:32.777   487  2579 E ActivityManager:   0.7% 180/jbd2/dm-5-8: 0% user + 0.7% kernel
03-02 23:05:32.777   487  2579 E ActivityManager:   0.7% 25/kcompactd0: 0% user + 0.7% kernel
03-02 23:05:32.777   487  2579 E ActivityManager:   0.7% 1314/com.google.android.googlequicksearchbox:interactor: 0.6% user + 0% kernel / faults: 161 minor
03-02 23:05:32.777   487  2579 E ActivityManager:   0.6% 7/kworker/u4:0-kverityd: 0% user + 0.6% kernel
03-02 23:05:32.777   487  2579 E ActivityManager:   0.6% 1776/com.google.process.gapps: 0.5% user + 0.1% kernel / faults: 159 minor
03-02 23:05:32.777   487  2579 E ActivityManager:   0.5% 153/servicemanager: 0.3% user + 0.2% kernel
03-02 23:05:32.777   487  2579 E ActivityManager:   0.5% 333/audioserver: 0.3% user + 0.1% kernel / faults: 1 minor
03-02 23:05:32.777   487  2579 E ActivityManager:   0.5% 313/android.hardware.sensors@2.1-service.multihal: 0.1% user + 0.3% kernel
03-02 23:05:32.777   487  2579 E ActivityManager:   0.4% 22/kworker/1:1-events_power_efficient: 0% user + 0.4% kernel
03-02 23:05:32.777   487  2579 E ActivityManager:   0.4% 154/hwservicemanager: 0.3% user + 0% kernel
03-02 23:05:32.777   487  2579 E ActivityManager:   0.3% 391/installd: 0% user + 0.2% kernel / faults: 56 minor 1 major
03-02 23:05:32.777   487  2579 E ActivityManager:   0.3% 411/libgoldfish-rild: 0.2% user + 0.1% kernel / faults: 6 minor
03-02 23:05:32.777   487  2579 E ActivityManager:   0.3% 316/android.hardware.wifi@1.0-service: 0.2% user + 0.1% kernel
03-02 23:05:32.777   487  2579 E ActivityManager:   0.3% 262/statsd: 0.2% user + 0% kernel / faults: 1 minor
03-02 23:05:32.777   487  2579 E ActivityManager:   0.2% 461/hostapd_nohidl: 0.1% user + 0% kernel
03-02 23:05:32.777   487  2579 E ActivityManager:   0.2% 618/wpa_supplicant: 0.1% user + 0% kernel
03-02 23:05:32.777   487  2579 E ActivityManager:   0.2% 1/init: 0.2% user + 0% kernel / faults: 9 minor
03-02 23:05:32.777   487  2579 E ActivityManager:   0.2% 406/wificond: 0.1% user + 0.1% kernel
03-02 23:05:32.777   487  2579 E ActivityManager:   0.2% 1248/com.google.android.setupwizard: 0.2% user + 0% kernel / faults: 7 minor
03-02 23:05:32.777   487  2579 E ActivityManager:   0.2% 348/logcat: 0.1% user + 0.1% kernel / faults: 4 minor
03-02 23:05:32.777   487  2579 E ActivityManager:   0.1% 1112/com.android.dialer: 0.1% user + 0% kernel / faults: 142 minor 1 major
03-02 23:05:32.777   487  2579 E ActivityManager:   0.2% 9/ksoftirqd/0: 0% user + 0.2% kernel
03-02 23:05:32.777   487  2579 E ActivityManager:   0.1% 184/android.system.suspend@1.0-service: 0.1% user + 0% kernel
03-02 23:05:32.777   487  2579 E ActivityManager:   0.1% 385/cameraserver: 0.1% user + 0% kernel
03-02 23:05:32.777   487  2579 E ActivityManager:   0.1% 283/android.hardware.graphics.allocator@3.0-service: 0% user + 0% kernel
03-02 23:05:32.777   487  2579 E ActivityManager:   0.1% 379/mdnsd: 0% user + 0% kernel
03-02 23:05:32.777   487  2579 E ActivityManager:   0% 422/android.hardware.biometrics.fingerprint@2.1-service: 0% user + 0% kernel
03-02 23:05:32.777   487  2579 E ActivityManager:   0.1% 472/kworker/u4:3-kverityd: 0% user + 0.1% kernel
03-02 23:05:32.777   487  2579 E ActivityManager:   0.1% 105/kworker/0:2-cgroup_pidlist_destroy: 0% user + 0.1% kernel
03-02 23:05:32.777   487  2579 E ActivityManager:   0.1% 155/psimon: 0% user + 0.1% kernel
03-02 23:05:32.777   487  2579 E ActivityManager:   0.1% 16/ksoftirqd/1: 0% user + 0.1% kernel
03-02 23:05:32.777   487  2579 E ActivityManager:   0.1% 1486/com.google.android.deskclock: 0.1% user + 0% kernel
03-02 23:05:32.777   487  2579 E ActivityManager:   0% 463/dhcpclient: 0% user + 0% kernel
03-02 23:05:32.777   487  2579 E ActivityManager:   0% 71/kworker/u5:0-blk_crypto_wq: 0% user + 0% kernel
03-02 23:05:32.777   487  2579 E ActivityManager:   0% 111/kworker/1:1H-kblockd: 0% user + 0% kernel
03-02 23:05:32.777   487  2579 E ActivityManager:   0% 175/kworker/u5:1-fscrypt_read_queue: 0% user + 0% kernel
03-02 23:05:32.777   487  2579 E ActivityManager:   0% 405/storaged: 0% user + 0% kernel
03-02 23:05:32.777   487  2579 E ActivityManager:   0% 866/com.google.android.ext.services: 0% user + 0% kernel / faults: 5 minor
03-02 23:05:32.777   487  2579 E ActivityManager:   0% 161/vold: 0% user + 0% kernel
03-02 23:05:32.777   487  2579 E ActivityManager:   0% 382/traced: 0% user + 0% kernel / faults: 1 minor
03-02 23:05:32.777   487  2579 E ActivityManager:   0% 843/com.android.settings: 0% user + 0% kernel
03-02 23:05:32.777   487  2579 E ActivityManager:   0% 229/loop21: 0% user + 0% kernel
03-02 23:05:32.777   487  2579 E ActivityManager:   0% 266/android.hardware.audio.service.ranchu: 0% user + 0% kernel
03-02 23:05:32.777   487  2579 E ActivityManager:   0% 381/traced_probes: 0% user + 0% kernel
03-02 23:05:32.777   487  2579 E ActivityManager:   0% 452/netmgr: 0% user + 0% kernel
03-02 23:05:32.777   487  2579 E ActivityManager:   0% 457/wifi_forwarder: 0% user + 0% kernel
03-02 23:05:32.777   487  2579 E ActivityManager:   0% 720/android.hardware.gnss@2.0-service.ranchu: 0% user + 0% kernel
03-02 23:05:32.777   487  2579 E ActivityManager:   0% 1561/com.android.keychain: 0% user + 0% kernel
03-02 23:05:32.777   487  2579 E ActivityManager:   0% 15/migration/1: 0% user + 0% kernel
03-02 23:05:32.777   487  2579 E ActivityManager:   0% 112/kworker/0:1H-kblockd: 0% user + 0% kernel
03-02 23:05:32.777   487  2579 E ActivityManager:   0% 156/qemu-props: 0% user + 0% kernel
03-02 23:05:32.777   487  2579 E ActivityManager:   0% 205/loop9: 0% user + 0% kernel
03-02 23:05:32.777   487  2579 E ActivityManager:   0% 285/android.hardware.health@2.1-service: 0% user + 0% kernel
03-02 23:05:32.777   487  2579 E ActivityManager:  +0% 2384/com.google.android.googlequicksearchbox:search: 0% user + 0% kernel
03-02 23:05:32.777   487  2579 E ActivityManager:  +0% 2564/dex2oat32: 0% user + 0% kernel
03-02 23:05:32.777   487  2579 E ActivityManager:  +0% 2607/abb: 0% user + 0% kernel
03-02 23:05:32.777   487  2579 E ActivityManager: 100% TOTAL: 64% user + 32% kernel + 2.5% irq + 1% softirq
03-02 23:05:32.777   487  2579 E ActivityManager: CPU usage from 114098ms to 114098ms ago (1970-01-01 01:00:00.000 to 1970-01-01 01:00:00.000) with 0% awake:
03-02 23:05:32.777   487  2579 E ActivityManager: 0% TOTAL: 0% user + 0% kernel
03-02 23:05:32.812   487  2579 I ActivityManager: Killing 2205:com.google.android.apps.tachyon/u0a115 (adj 905): bg anr
03-02 23:05:32.823   487  2579 D ActivityManager: Completed ANR of com.google.android.apps.tachyon in 8527ms, latency 186ms
03-02 23:05:32.837   487  2704 I DropBoxManagerService: add tag=system_app_anr isTagEnabled=true flags=0x2
03-02 23:05:33.456   487   487 I Telecom : DefaultDialerCache: Refreshing default dialer for user 0: now com.android.dialer: DDC.oR@AEg
03-02 23:05:33.464   487   487 I Telecom : MissedCallNotifierImpl: reloadAfterBootComplete: user=0: TSBCR.oR@AEk
03-02 23:05:33.515   487   487 I Telecom : MissedCallNotifierImpl: reloadAfterBootComplete: user=0: TSBCR.oR@AEk
03-02 23:05:33.555   487  1328 D ConnectivityService: requestNetwork for uid/pid:10101/2650 NetworkRequest [ TRACK_DEFAULT id=35, [ Capabilities: INTERNET&NOT_RESTRICTED&TRUSTED Uid: 10101 AdministratorUids: [] RequestorUid: 10101 RequestorPackageName: com.google.android.ims] ]
03-02 23:05:33.560   487   581 D ConnectivityService: NetReassign [35 : null  101]
03-02 23:05:33.583   487   500 D CompatibilityChangeReporter: Compat change id reported: 135634846; UID 10134; state: DISABLED
03-02 23:05:33.583   487   513 D CompatibilityChangeReporter: Compat change id reported: 143937733; UID 10134; state: DISABLED
03-02 23:05:34.360   487   487 W Looper  : Slow dispatch took 205ms main h=android.app.ActivityThread$H c=android.app.-$$Lambda$LoadedApk$ReceiverDispatcher$Args$_BumDX2UKsnxLVrE6UJsJZkotuA@9eebe30 m=0
03-02 23:05:34.379   487   487 W Looper  : Slow delivery took 208ms main h=android.app.ActivityThread$H c=android.app.-$$Lambda$LoadedApk$ReceiverDispatcher$Args$_BumDX2UKsnxLVrE6UJsJZkotuA@debdfcf m=0
03-02 23:05:34.398   487   487 I Telecom : PhoneAccountRegistrar: getSimCallManager: SimCallManager for subId 1 queried, returning: null: TSI.gSCMFU@AEo
03-02 23:05:34.451   487   487 W Looper  : Drained
03-02 23:05:34.463   487   503 W Looper  : Slow dispatch took 305ms android.fg h=com.android.server.location.gnss.GnssLocationProvider$ProviderHandler c=android.app.-$$Lambda$LoadedApk$ReceiverDispatcher$Args$_BumDX2UKsnxLVrE6UJsJZkotuA@c002348 m=0
03-02 23:05:34.510   487   513 W ActivityManager: Slow operation: 928ms so far, now at startProcess: returned from zygote!
03-02 23:05:34.511   487   513 W ActivityManager: Slow operation: 928ms so far, now at startProcess: done updating battery stats
03-02 23:05:34.511   487   513 W ActivityManager: Slow operation: 928ms so far, now at startProcess: building log message
03-02 23:05:34.511   487   513 I ActivityManager: Start proc 2716:com.android.camera2/u0a134 for broadcast {com.android.camera2/com.android.camera.SetActivitiesCameraReceiver}
03-02 23:05:34.511   487   513 W ActivityManager: Slow operation: 928ms so far, now at startProcess: starting to update pids map
03-02 23:05:34.512   487   513 W ActivityManager: Slow operation: 929ms so far, now at startProcess: done updating pids map
03-02 23:05:34.729   487  1328 W ActivityManager: Slow operation: 65ms so far, now at attachApplicationLocked: immediately before bindApplication
03-02 23:05:34.795   487  1328 W ActivityManager: Slow operation: 131ms so far, now at attachApplicationLocked: immediately after bindApplication
03-02 23:05:34.795   487  1328 W ActivityManager: Slow operation: 131ms so far, now at attachApplicationLocked: after updateLruProcessLocked
03-02 23:05:34.818   487  1328 W ActivityManager: Slow operation: 154ms so far, now at attachApplicationLocked: after mServices.attachApplicationLocked
03-02 23:05:34.831   487  1328 W ActivityManager: Slow operation: 167ms so far, now at attachApplicationLocked: after sendPendingBroadcastsLocked
03-02 23:05:35.707   487   503 W Looper  : Slow dispatch took 142ms android.fg h=android.os.Handler c=com.android.server.-$$Lambda$NetworkManagementService$NetdUnsolicitedEventListener$0xWa9DGxTnoGVHppsM-nng2PygE@b18f353 m=0
03-02 23:05:36.731   487  1522 D CompatibilityChangeReporter: Compat change id reported: 135634846; UID 10118; state: DISABLED
03-02 23:05:36.746   487   513 D CompatibilityChangeReporter: Compat change id reported: 143937733; UID 10118; state: DISABLED
03-02 23:05:36.843   487  2349 D CompatibilityChangeReporter: Compat change id reported: 135634846; UID 10104; state: DISABLED
03-02 23:05:37.470   487   513 W ActivityManager: Slow operation: 748ms so far, now at startProcess: returned from zygote!
03-02 23:05:37.470   487   513 W ActivityManager: Slow operation: 749ms so far, now at startProcess: done updating battery stats
03-02 23:05:37.472   487   513 W ActivityManager: Slow operation: 751ms so far, now at startProcess: building log message
03-02 23:05:37.472   487   513 I ActivityManager: Start proc 2746:com.google.android.apps.messaging/u0a118 for service {com.google.android.apps.messaging/com.google.android.apps.messaging.rcsmigration.RcsMigrationService}
03-02 23:05:37.473   487   513 W ActivityManager: Slow operation: 751ms so far, now at startProcess: starting to update pids map
03-02 23:05:37.487   487   513 W ActivityManager: Slow operation: 765ms so far, now at startProcess: done updating pids map
03-02 23:05:37.487   487   513 W ActivityManager: Slow operation: 682ms so far, now at startProcess: asking zygote to start proc
03-02 23:05:37.487   487   513 D CompatibilityChangeReporter: Compat change id reported: 143937733; UID 10104; state: DISABLED
03-02 23:05:37.508   487  1522 D CompatibilityChangeReporter: Compat change id reported: 124107808; UID 1001; state: ENABLED
03-02 23:05:37.542   487   487 W Looper  : Slow dispatch took 225ms main h=com.android.server.job.JobSchedulerService$JobHandler c=null m=1
03-02 23:05:37.812   487   513 W ActivityManager: Slow operation: 1007ms so far, now at startProcess: returned from zygote!
03-02 23:05:37.812   487   513 W ActivityManager: Slow operation: 1008ms so far, now at startProcess: done updating battery stats
03-02 23:05:37.812   487   513 W ActivityManager: Slow operation: 1008ms so far, now at startProcess: building log message
03-02 23:05:37.813   487   513 I ActivityManager: Start proc 2761:com.android.contacts/u0a104 for broadcast {com.android.contacts/com.android.contacts.interactions.OnBootOrUpgradeReceiver}
03-02 23:05:37.813   487   513 W ActivityManager: Slow operation: 1008ms so far, now at startProcess: starting to update pids map
03-02 23:05:37.818   487   513 W ActivityManager: Slow operation: 1011ms so far, now at startProcess: done updating pids map
03-02 23:05:37.911   487   540 W ActivityManager: Slow operation: 52ms so far, now at attachApplicationLocked: after sendPendingBroadcastsLocked
03-02 23:05:39.854   487   540 W ActivityManager: Slow operation: 89ms so far, now at getContentProviderImpl: after updateOomAdj
03-02 23:05:39.855   487   540 W ActivityManager: Slow operation: 89ms so far, now at getContentProviderImpl: done!
03-02 23:05:41.700   487  2349 D CompatibilityChangeReporter: Compat change id reported: 135634846; UID 1000; state: DISABLED
03-02 23:05:42.238   487   513 W ActivityManager: Slow operation: 538ms so far, now at startProcess: returned from zygote!
03-02 23:05:42.239   487   513 W ActivityManager: Slow operation: 540ms so far, now at startProcess: done updating battery stats
03-02 23:05:42.239   487   513 W ActivityManager: Slow operation: 540ms so far, now at startProcess: building log message
03-02 23:05:42.239   487   513 I ActivityManager: Start proc 2789:com.android.dynsystem/1000 for broadcast {com.android.dynsystem/com.android.dynsystem.BootCompletedReceiver}
03-02 23:05:42.239   487   513 W ActivityManager: Slow operation: 540ms so far, now at startProcess: starting to update pids map
03-02 23:05:42.239   487   513 W ActivityManager: Slow operation: 540ms so far, now at startProcess: done updating pids map
03-02 23:05:44.540   487   504 W Looper  : Slow delivery took 1424ms android.ui h=com.android.server.am.ActivityManagerService$UiHandler c=null m=31
03-02 23:05:44.557   487   504 W Looper  : Drained
03-02 23:05:44.666   487  2349 D CompatibilityChangeReporter: Compat change id reported: 135634846; UID 10074; state: DISABLED
03-02 23:05:44.669   487   513 D CompatibilityChangeReporter: Compat change id reported: 143937733; UID 10074; state: ENABLED
03-02 23:05:44.691   487  2349 I ActivityManager: Killing 1486:com.google.android.deskclock/u0a133 (adj 985): empty #17
03-02 23:05:45.276   487   513 W ActivityManager: Slow operation: 610ms so far, now at startProcess: returned from zygote!
03-02 23:05:45.276   487   513 W ActivityManager: Slow operation: 611ms so far, now at startProcess: done updating battery stats
03-02 23:05:45.277   487   513 W ActivityManager: Slow operation: 611ms so far, now at startProcess: building log message
03-02 23:05:45.277   487   513 I ActivityManager: Start proc 2814:com.android.managedprovisioning/u0a74 for broadcast {com.android.managedprovisioning/com.android.managedprovisioning.BootReminder}
03-02 23:05:45.277   487   513 W ActivityManager: Slow operation: 611ms so far, now at startProcess: starting to update pids map
03-02 23:05:45.281   487   513 W ActivityManager: Slow operation: 615ms so far, now at startProcess: done updating pids map
03-02 23:05:45.723   487  2349 W ActivityManager: Slow operation: 83ms so far, now at attachApplicationLocked: before bindApplication
03-02 23:05:45.723   487  2349 W ActivityManager: Slow operation: 84ms so far, now at attachApplicationLocked: immediately before bindApplication
03-02 23:05:45.758   487  2349 W ActivityManager: Slow operation: 119ms so far, now at attachApplicationLocked: immediately after bindApplication
03-02 23:05:45.759   487  2349 W ActivityManager: Slow operation: 120ms so far, now at attachApplicationLocked: after updateLruProcessLocked
03-02 23:05:45.759   487  2349 W ActivityManager: Slow operation: 120ms so far, now at attachApplicationLocked: after mServices.attachApplicationLocked
03-02 23:05:45.765   487  2349 W ActivityManager: Slow operation: 125ms so far, now at attachApplicationLocked: after sendPendingBroadcastsLocked
03-02 23:05:45.888   487   540 E IntervalStats: Unable to parse usage stats package 192
03-02 23:05:46.540   487   540 I ActivityManager: Killing 843:com.android.settings/1000 (adj 985): empty #17
03-02 23:05:46.880   487   512 W BroadcastQueue: Timeout of broadcast BroadcastRecord{eebf73 u-1 android.telephony.action.CARRIER_CONFIG_CHANGED} - receiver=android.os.BinderProxy@8aea35b, started 10007ms ago
03-02 23:05:46.880   487   512 W BroadcastQueue: Receiver during timeout of BroadcastRecord{eebf73 u-1 android.telephony.action.CARRIER_CONFIG_CHANGED} : ResolveInfo{b8377f8 com.google.android.apps.messaging/.shared.receiver.RestoreReceiver m=0x108000}
03-02 23:05:46.984   487   540 D CompatibilityChangeReporter: Compat change id reported: 135634846; UID 10072; state: DISABLED
03-02 23:05:46.994   487   513 D CompatibilityChangeReporter: Compat change id reported: 143937733; UID 10072; state: ENABLED
03-02 23:05:47.535   487   513 W ActivityManager: Slow operation: 573ms so far, now at startProcess: returned from zygote!
03-02 23:05:47.535   487   513 W ActivityManager: Slow operation: 574ms so far, now at startProcess: done updating battery stats
03-02 23:05:47.535   487   513 W ActivityManager: Slow operation: 574ms so far, now at startProcess: building log message
03-02 23:05:47.535   487   513 I ActivityManager: Start proc 2842:com.android.providers.calendar/u0a72 for broadcast {com.android.providers.calendar/com.android.providers.calendar.CalendarReceiver}
03-02 23:05:47.535   487   513 W ActivityManager: Slow operation: 574ms so far, now at startProcess: starting to update pids map
03-02 23:05:47.536   487   513 W ActivityManager: Slow operation: 574ms so far, now at startProcess: done updating pids map
03-02 23:05:48.335   487  2840 I ActivityManager: dumpStackTraces pids=null nativepids=null
03-02 23:05:48.811   487  2840 I ActivityManager: Dumping to /data/anr/anr_2021-03-02-23-05-48-755
03-02 23:05:48.812   487  2840 I ActivityManager: Collecting stacks for pid 2746
03-02 23:05:49.019   487   503 W Looper  : Slow dispatch took 239ms android.fg h=android.os.Handler c=com.android.server.-$$Lambda$NetworkManagementService$NetdUnsolicitedEventListener$praKgcnQG9FTHNMGfCVPTVY8mK8@593e719 m=0
03-02 23:05:49.124   487   503 W Looper  : Slow delivery took 249ms android.fg h=android.os.Handler c=com.android.server.-$$Lambda$NetworkManagementService$NetdUnsolicitedEventListener$0xWa9DGxTnoGVHppsM-nng2PygE@6b933de m=0
03-02 23:05:49.124   487   503 W Looper  : Slow dispatch took 104ms android.fg h=android.os.Handler c=com.android.server.-$$Lambda$NetworkManagementService$NetdUnsolicitedEventListener$0xWa9DGxTnoGVHppsM-nng2PygE@6b933de m=0
03-02 23:05:49.363   487   503 W Looper  : Drained
03-02 23:05:49.963   487  2867 D CompatibilityChangeReporter: Compat change id reported: 135634846; UID 1000; state: DISABLED
03-02 23:05:50.029   487   513 W ActivityManager: Slow operation: 67ms so far, now at startProcess: returned from zygote!
03-02 23:05:50.029   487   513 W ActivityManager: Slow operation: 67ms so far, now at startProcess: done updating battery stats
03-02 23:05:50.029   487   513 W ActivityManager: Slow operation: 67ms so far, now at startProcess: building log message
03-02 23:05:50.029   487   513 I ActivityManager: Start proc 2882:com.android.settings/1000 for broadcast {com.android.settings/com.android.settings.fuelgauge.batterytip.AnomalyConfigReceiver}
03-02 23:05:50.029   487   513 W ActivityManager: Slow operation: 67ms so far, now at startProcess: starting to update pids map
03-02 23:05:50.031   487   513 W ActivityManager: Slow operation: 68ms so far, now at startProcess: done updating pids map
03-02 23:05:50.774   487  2840 I ActivityManager: Done dumping
03-02 23:05:50.777   487  2840 E ActivityManager: ANR in com.google.android.apps.messaging
03-02 23:05:50.777   487  2840 E ActivityManager: PID: 2746
03-02 23:05:50.777   487  2840 E ActivityManager: Reason: Broadcast of Intent { act=android.telephony.action.CARRIER_CONFIG_CHANGED flg=0x15000010 cmp=com.google.android.apps.messaging/.shared.receiver.RestoreReceiver (has extras) }
03-02 23:05:50.777   487  2840 E ActivityManager: Load: 0.0 / 0.0 / 0.0
03-02 23:05:50.777   487  2840 E ActivityManager: ----- Output from /proc/pressure/memory -----
03-02 23:05:50.777   487  2840 E ActivityManager: some avg10=45.55 avg60=38.77 avg300=13.07 total=45103226
03-02 23:05:50.777   487  2840 E ActivityManager: full avg10=4.56 avg60=2.32 avg300=0.75 total=2922354
03-02 23:05:50.777   487  2840 E ActivityManager: ----- End output from /proc/pressure/memory -----
03-02 23:05:50.777   487  2840 E ActivityManager: 
03-02 23:05:50.777   487  2840 E ActivityManager: CPU usage from 17960ms to 0ms ago (2021-03-02 23:05:28.961 to 2021-03-02 23:05:46.921):
03-02 23:05:50.777   487  2840 E ActivityManager:   40% 487/system_server: 20% user + 19% kernel / faults: 1879 minor 7 major
03-02 23:05:50.777   487  2840 E ActivityManager:   14% 80/kswapd0: 0% user + 14% kernel
03-02 23:05:50.777   487  2840 E ActivityManager:   12% 1067/com.google.android.gms.persistent: 8.6% user + 4% kernel / faults: 2200 minor 3 major
03-02 23:05:50.777   487  2840 E ActivityManager:   8.4% 1537/com.google.android.gms: 6.1% user + 2.2% kernel / faults: 1108 minor 1 major
03-02 23:05:50.777   487  2840 E ActivityManager:   7.5% 2384/com.google.android.googlequicksearchbox:search: 5.9% user + 1.6% kernel / faults: 1264 minor 13 major
03-02 23:05:50.777   487  2840 E ActivityManager:   6.8% 2205/com.google.android.apps.tachyon: 3.7% user + 3.1% kernel / faults: 3575 minor 27 major
03-02 23:05:50.777   487  2840 E ActivityManager:   6.7% 821/com.android.phone: 4.7% user + 2% kernel / faults: 803 minor 5 major
03-02 23:05:50.777   487  2840 E ActivityManager:   5.9% 1203/com.google.android.apps.wellbeing: 4.6% user + 1.2% kernel / faults: 1085 minor 5 major
03-02 23:05:50.777   487  2840 E ActivityManager:   4% 640/com.android.systemui: 3.4% user + 0.5% kernel / faults: 290 minor 2 major
03-02 23:05:50.777   487  2840 E ActivityManager:   2.8% 358/adbd: 0% user + 2.8% kernel / faults: 1582 minor
03-02 23:05:50.777   487  2840 E ActivityManager:   2.7% 264/zygote: 0.1% user + 2.6% kernel / faults: 1004 minor
03-02 23:05:50.777   487  2840 E ActivityManager:   0.5% 83/kworker/u4:1-kverityd: 0% user + 0.5% kernel
03-02 23:05:50.777   487  2840 E ActivityManager:   2.4% 268/android.hardware.bluetooth@1.1-service.sim: 0.6% user + 1.8% kernel
03-02 23:05:50.777   487  2840 E ActivityManager:   2.3% 956/com.google.android.apps.nexuslauncher: 2.2% user + 0.1% kernel / faults: 123 minor
03-02 23:05:50.777   487  2840 E ActivityManager:   2% 1581/com.google.android.apps.youtube.music: 1.4% user + 0.5% kernel / faults: 46 minor
03-02 23:05:50.777   487  2840 E ActivityManager:   1.9% 10/rcu_preempt: 0% user + 1.9% kernel
03-02 23:05:50.777   487  2840 E ActivityManager:   1.8% 2564/dex2oat32: 0.3% user + 1.4% kernel
03-02 23:05:50.777   487  2840 E ActivityManager:   1.6% 1112/com.android.dialer: 1.2% user + 0.4% kernel / faults: 399 minor
03-02 23:05:50.777   487  2840 E ActivityManager:   1.5% 1148/android.process.acore: 1.1% user + 0.3% kernel / faults: 354 minor
03-02 23:05:50.777   487  2840 E ActivityManager:   1.4% 333/audioserver: 0.8% user + 0.6% kernel / faults: 1 minor 4 major
03-02 23:05:50.777   487  2840 E ActivityManager:   1.4% 622/com.android.bluetooth: 1.1% user + 0.3% kernel / faults: 46 minor
03-02 23:05:50.777   487  2840 E ActivityManager:   1.4% 1275/com.google.process.gservices: 0.7% user + 0.6% kernel / faults: 134 minor
03-02 23:05:50.777   487  2840 E ActivityManager:   1.3% 152/lmkd: 0.5% user + 0.7% kernel
03-02 23:05:50.777   487  2840 E ActivityManager:   1.1% 284/android.hardware.graphics.composer@2.3-service: 0.1% user + 0.9% kernel
03-02 23:05:50.777   487  2840 E ActivityManager:   1% 184/android.system.suspend@1.0-service: 0.2% user + 0.8% kernel / faults: 1 major
03-02 23:05:50.777   487  2840 E ActivityManager:   1% 779/com.android.networkstack.process: 1% user + 0% kernel / faults: 10 minor
03-02 23:05:50.777   487  2840 E ActivityManager:   0.9% 151/logd: 0.5% user + 0.3% kernel / faults: 28 minor
03-02 23:05:50.777   487  2840 E ActivityManager:   0.9% 313/android.hardware.sensors@2.1-service.multihal: 0.2% user + 0.6% kernel
03-02 23:05:50.777   487  2840 E ActivityManager:   0.1% 122/kworker/u4:2-kverityd: 0% user + 0.1% kernel
03-02 23:05:50.777   487  2840 E ActivityManager:   0.7% 843/com.android.settings: 0% user + 0.7% kernel
03-02 23:05:50.777   487  2840 E ActivityManager:   0.7% 1181/com.google.android.inputmethod.latin: 0.7% user + 0% kernel / faults: 1 minor
03-02 23:05:50.777   487  2840 E ActivityManager:   0.5% 1987/com.android.vending: 0.5% user + 0% kernel / faults: 2 minor
03-02 23:05:50.777   487  2840 E ActivityManager:   0.5% 1608/com.google.android.youtube: 0.4% user + 0% kernel / faults: 24 minor
03-02 23:05:50.777   487  2840 E ActivityManager:   0.4% 22/kworker/1:1-events_power_efficient: 0% user + 0.4% kernel
03-02 23:05:50.777   487  2840 E ActivityManager:   0.4% 153/servicemanager: 0.2% user + 0.2% kernel
03-02 23:05:50.777   487  2840 E ActivityManager:   0.4% 180/jbd2/dm-5-8: 0% user + 0.4% kernel
03-02 23:05:50.777   487  2840 E ActivityManager:   0.4% 2274/com.android.vending:download_service: 0.4% user + 0% kernel / faults: 8 minor
03-02 23:05:50.777   487  2840 E ActivityManager:   0.3% 866/com.google.android.ext.services: 0.3% user + 0% kernel / faults: 43 minor
03-02 23:05:50.777   487  2840 E ActivityManager:   0.3% 7/kworker/u4:0-kverityd: 0% user + 0.3% kernel
03-02 23:05:50.777   487  2840 E ActivityManager:   0.3% 155/psimon: 0% user + 0.3% kernel
03-02 23:05:50.777   487  2840 E ActivityManager:   0.3% 262/statsd: 0.2% user + 0.1% kernel / faults: 3 minor
03-02 23:05:50.777   487  2840 E ActivityManager:   0.3% 348/logcat: 0.1% user + 0.1% kernel
03-02 23:05:50.777   487  2840 E ActivityManager:   0% 1131/com.google.android.cellbroadcastreceiver: 0% user + 0% kernel / faults: 1 minor
03-02 23:05:50.777   487  2840 E ActivityManager:   0.2% 263/netd: 0.1% user + 0.1% kernel
03-02 23:05:50.777   487  2840 E ActivityManager:   0.2% 266/android.hardware.audio.service.ranchu: 0.1% user + 0.1% kernel / faults: 1 minor 3 major
03-02 23:05:50.777   487  2840 E ActivityManager:   0.2% 16/ksoftirqd/1: 0% user + 0.2% kernel
03-02 23:05:50.777   487  2840 E ActivityManager:   0% 280/ip6tables-restore: 0% user + 0% kernel
03-02 23:05:50.777   487  2840 E ActivityManager:   0.2% 316/android.hardware.wifi@1.0-service: 0.1% user + 0.1% kernel
03-02 23:05:50.777   487  2840 E ActivityManager:   0.2% 618/wpa_supplicant: 0.1% user + 0% kernel
03-02 23:05:50.777   487  2840 E ActivityManager:   0.1% 9/ksoftirqd/0: 0% user + 0.1% kernel
03-02 23:05:50.777   487  2840 E ActivityManager:   0% 130/ueventd: 0% user + 0% kernel / faults: 2 major
03-02 23:05:50.777   487  2840 E ActivityManager:   0% 279/iptables-restore: 0% user + 0% kernel
03-02 23:05:50.777   487  2840 E ActivityManager:   0.1% 406/wificond: 0% user + 0.1% kernel
03-02 23:05:50.777   487  2840 E ActivityManager:   0.1% 411/libgoldfish-rild: 0% user + 0.1% kernel / faults: 13 minor
03-02 23:05:50.777   487  2840 E ActivityManager:   0.1% 720/android.hardware.gnss@2.0-service.ranchu: 0% user + 0.1% kernel
03-02 23:05:50.777   487  2840 E ActivityManager:   0% 1336/com.android.ims.rcsservice: 0% user + 0% kernel / faults: 10 minor 1 major
03-02 23:05:50.777   487  2840 E ActivityManager:   0.1% 1776/com.google.process.gapps: 0.1% user + 0% kernel / faults: 3 minor
03-02 23:05:50.777   487  2840 E ActivityManager:   0.1% 1/init: 0.1% user + 0% kernel / faults: 17 minor
03-02 23:05:50.777   487  2840 E ActivityManager:   0.1% 71/kworker/u5:0-blk_crypto_wq: 0% user + 0.1% kernel
03-02 23:05:50.777   487  2840 E ActivityManager:   0.1% 156/qemu-props: 0% user + 0.1% kernel
03-02 23:05:50.777   487  2840 E ActivityManager:   0.1% 161/vold: 0.1% user + 0% kernel
03-02 23:05:50.777   487  2840 E ActivityManager:   0.1% 175/kworker/u5:1-fscrypt_read_queue: 0% user + 0.1% kernel
03-02 23:05:50.777   487  2840 E ActivityManager:   0.1% 385/cameraserver: 0.1% user + 0% kernel
03-02 23:05:50.777   487  2840 E ActivityManager:   0.1% 452/netmgr: 0% user + 0% kernel / faults: 1 major
03-02 23:05:50.777   487  2840 E ActivityManager:   0.1% 457/wifi_forwarder: 0% user + 0% kernel / faults: 1 major
03-02 23:05:50.777   487  2840 E ActivityManager:   0% 105/kworker/0:2-cgroup_pidlist_destroy: 0% user + 0% kernel
03-02 23:05:50.777   487  2840 E ActivityManager:   0% 111/kworker/1:1H-kblockd: 0% user + 0% kernel
03-02 23:05:50.777   487  2840 E ActivityManager:   0% 112/kworker/0:1H-kblockd: 0% user + 0% kernel
03-02 23:05:50.777   487  2840 E ActivityManager:   0% 285/android.hardware.health@2.1-service: 0% user + 0% kernel / faults: 1 major
03-02 23:05:50.777   487  2840 E ActivityManager:   0% 315/android.hardware.usb@1.0-service: 0% user + 0% kernel / faults: 3 minor 1 major
03-02 23:05:50.777   487  2840 E ActivityManager:   0% 461/hostapd_nohidl: 0% user + 0% kernel
03-02 23:05:50.777   487  2840 E ActivityManager:   0% 472/kworker/u4:3-kverityd: 0% user + 0% kernel
03-02 23:05:50.777   487  2840 E ActivityManager:   0% 1248/com.google.android.setupwizard: 0% user + 0% kernel / faults: 4 minor
03-02 23:05:50.777   487  2840 E ActivityManager:  +0% 2628/android.process.media: 0% user + 0% kernel
03-02 23:05:50.777   487  2840 E ActivityManager:  +0% 2650/com.google.android.ims: 0% user + 0% kernel
03-02 23:05:50.777   487  2840 E ActivityManager:  +0% 2716/com.android.camera2: 0% user + 0% kernel
03-02 23:05:50.777   487  2840 E ActivityManager:  +0% 2746/com.google.android.apps.messaging: 0% user + 0% kernel
03-02 23:05:50.777   487  2840 E ActivityManager:  +0% 2761/com.android.contacts: 0% user + 0% kernel
03-02 23:05:50.777   487  2840 E ActivityManager:  +0% 2789/com.android.dynsystem: 0% user + 0% kernel
03-02 23:05:50.777   487  2840 E ActivityManager:  +0% 2814/com.android.managedprovisioning: 0% user + 0% kernel
03-02 23:05:50.777   487  2840 E ActivityManager:  +0% 2842/com.android.providers.calendar: 0% user + 0% kernel
03-02 23:05:50.777   487  2840 E ActivityManager: 100% TOTAL: 46% user + 49% kernel + 3.2% irq + 1% softirq
03-02 23:05:50.777   487  2840 E ActivityManager: CPU usage from 136713ms to 136713ms ago (1970-01-01 01:00:00.000 to 1970-01-01 01:00:00.000) with 0% awake:
03-02 23:05:50.777   487  2840 E ActivityManager: 0% TOTAL: 0% user + 0% kernel
03-02 23:05:50.792   487  2840 I ActivityManager: Killing 2746:com.google.android.apps.messaging/u0a118 (adj 100): bg anr
03-02 23:05:50.795   487  2840 D ActivityManager: Completed ANR of com.google.android.apps.messaging in 3881ms, latency 30ms
03-02 23:05:50.824   487  2903 I DropBoxManagerService: add tag=system_app_anr isTagEnabled=true flags=0x2
03-02 23:05:51.125   487   936 D CompatibilityChangeReporter: Compat change id reported: 135634846; UID 2000; state: DISABLED
03-02 23:05:51.137   487   936 I ActivityManager: Killing 1753:com.android.localtransport/1000 (adj 985): empty #17
03-02 23:05:51.419   487   513 W ActivityManager: Slow operation: 295ms so far, now at startProcess: returned from zygote!
03-02 23:05:51.420   487   513 W ActivityManager: Slow operation: 295ms so far, now at startProcess: done updating battery stats
03-02 23:05:51.420   487   513 W ActivityManager: Slow operation: 295ms so far, now at startProcess: building log message
03-02 23:05:51.420   487   513 I ActivityManager: Start proc 2904:com.android.shell/2000 for broadcast {com.android.shell/com.android.shell.HeapDumpReceiver}
03-02 23:05:51.420   487   513 W ActivityManager: Slow operation: 295ms so far, now at startProcess: starting to update pids map
03-02 23:05:51.420   487   513 W ActivityManager: Slow operation: 296ms so far, now at startProcess: done updating pids map
03-02 23:05:52.052   487   936 I ActivityManager: Killing 1608:com.google.android.youtube/u0a123 (adj 985): empty #17
03-02 23:05:52.148   487   936 I ActivityManager: Killing 1561:com.android.keychain/1000 (adj 985): empty #18
03-02 23:05:52.205   487   504 W Looper  : Slow dispatch took 201ms android.ui h=com.android.server.am.ActivityManagerService$UiHandler c=null m=31
03-02 23:05:53.205   487  1965 D CompatibilityChangeReporter: Compat change id reported: 135634846; UID 10087; state: DISABLED
03-02 23:05:53.206   487   513 D CompatibilityChangeReporter: Compat change id reported: 143937733; UID 10087; state: DISABLED
03-02 23:05:53.400   487   513 W ActivityManager: Slow operation: 195ms so far, now at startProcess: returned from zygote!
03-02 23:05:54.097   487   513 W ActivityManager: Slow operation: 892ms so far, now at startProcess: done updating battery stats
03-02 23:05:54.097   487   513 W ActivityManager: Slow operation: 893ms so far, now at startProcess: building log message
03-02 23:05:54.097   487   513 I ActivityManager: Start proc 2927:com.android.traceur/u0a87 for broadcast {com.android.traceur/com.android.traceur.Receiver}
03-02 23:05:54.098   487   513 W ActivityManager: Slow operation: 893ms so far, now at startProcess: starting to update pids map
