--------- beginning of system
03-02 23:03:41.502   161   161 I vold    : Vold 3.0 (the awakening) firing up
03-02 23:03:41.502   161   161 D vold    : Detected support for: ext4 f2fs vfat
03-02 23:03:41.504   161   161 D vold    : Found unmanaged dm device named product
03-02 23:03:41.504   161   161 D vold    : Found unmanaged dm device named vendor
03-02 23:03:41.504   161   161 D vold    : Found unmanaged dm device named system
03-02 23:03:41.504   161   161 D vold    : Found unmanaged dm device named system_ext
03-02 23:03:41.504   161   161 D vold    : Found unmanaged dm device named system-verity
03-02 23:03:41.504   161   161 W vold    : Failed to LOOP_GET_STATUS64 /dev/block/loop27: No such device or address
03-02 23:03:41.504   161   161 W vold    : Failed to LOOP_GET_STATUS64 /dev/block/loop26: No such device or address
03-02 23:03:41.504   161   161 W vold    : Failed to LOOP_GET_STATUS64 /dev/block/loop25: No such device or address
03-02 23:03:41.504   161   161 W vold    : Failed to LOOP_GET_STATUS64 /dev/block/loop24: No such device or address
03-02 23:03:41.504   161   161 W vold    : Failed to LOOP_GET_STATUS64 /dev/block/loop23: No such device or address
03-02 23:03:41.504   161   161 W vold    : Failed to LOOP_GET_STATUS64 /dev/block/loop22: No such device or address
03-02 23:03:41.504   161   161 W vold    : Failed to LOOP_GET_STATUS64 /dev/block/loop21: No such device or address
03-02 23:03:41.504   161   161 W vold    : Failed to LOOP_GET_STATUS64 /dev/block/loop20: No such device or address
03-02 23:03:41.504   161   161 W vold    : Failed to LOOP_GET_STATUS64 /dev/block/loop19: No such device or address
03-02 23:03:41.504   161   161 W vold    : Failed to LOOP_GET_STATUS64 /dev/block/loop18: No such device or address
03-02 23:03:41.504   161   161 W vold    : Failed to LOOP_GET_STATUS64 /dev/block/loop17: No such device or address
03-02 23:03:41.504   161   161 W vold    : Failed to LOOP_GET_STATUS64 /dev/block/loop16: No such device or address
03-02 23:03:41.504   161   161 W vold    : Failed to LOOP_GET_STATUS64 /dev/block/loop10: No such device or address
03-02 23:03:41.504   161   161 D vold    : Found unmanaged loop device at /dev/block/loop3 named apex:
03-02 23:03:41.504   161   161 D vold    : Found unmanaged loop device at /dev/block/loop5 named apex:
03-02 23:03:41.504   161   161 W vold    : Failed to LOOP_GET_STATUS64 /dev/block/loop14: No such device or address
03-02 23:03:41.504   161   161 W vold    : Failed to LOOP_GET_STATUS64 /dev/block/loop9: No such device or address
03-02 23:03:41.504   161   161 W vold    : Failed to LOOP_GET_STATUS64 /dev/block/loop11: No such device or address
03-02 23:03:41.504   161   161 D vold    : Found unmanaged loop device at /dev/block/loop4 named apex:
03-02 23:03:41.504   161   161 W vold    : Failed to LOOP_GET_STATUS64 /dev/block/loop6: No such device or address
03-02 23:03:41.504   161   161 W vold    : Failed to LOOP_GET_STATUS64 /dev/block/loop12: No such device or address
03-02 23:03:41.505   161   161 W vold    : Failed to LOOP_GET_STATUS64 /dev/block/loop7: No such device or address
03-02 23:03:41.505   161   161 D vold    : Found unmanaged loop device at /dev/block/loop0 named apex:
03-02 23:03:41.505   161   161 D vold    : Found unmanaged loop device at /dev/block/loop2 named apex:
03-02 23:03:41.505   161   161 W vold    : Failed to LOOP_GET_STATUS64 /dev/block/loop13: No such device or address
03-02 23:03:41.505   161   161 W vold    : Failed to LOOP_GET_STATUS64 /dev/block/loop15: No such device or address
03-02 23:03:41.505   161   161 W vold    : Failed to LOOP_GET_STATUS64 /dev/block/loop8: No such device or address
03-02 23:03:41.505   161   161 D vold    : Found unmanaged loop device at /dev/block/loop1 named apex:
03-02 23:03:41.507   161   161 D vold    : VoldNativeService::start() completed OK
03-02 23:03:41.512   161   168 I vold    : Found disk at /devices/pci0000:00/0000:00:08.0/virtio5/block/vdf but delaying scan due to secure keyguard
03-02 23:03:41.620   161   161 D vold    : fscrypt_mount_metadata_encrypted: /data 0
03-02 23:03:41.621   161   161 D vold    : metadata_key_dir/key: /metadata/vold/metadata_encryption/key
03-02 23:03:41.623   161   161 I vold    : List of Keymaster HALs found:
03-02 23:03:41.623   161   161 I vold    : Keymaster HAL #1: SoftwareKeymasterDevice from Google SecurityLevel: SOFTWARE HAL: android.hardware.keymaster@4.1::IKeymasterDevice/default
03-02 23:03:41.623   161   161 D vold    : Computing HMAC with params { (seed: , nonce: ee16d3cf4ead1239e9dafb4d66655b7ba5f695d4cd7483a8b3465b19a0b46d) }
03-02 23:03:41.623   161   161 D vold    : Computing HMAC for SoftwareKeymasterDevice from Google SecurityLevel: SOFTWARE HAL: android.hardware.keymaster@4.1::IKeymasterDevice/default
03-02 23:03:41.623   161   161 I vold    : Using SoftwareKeymasterDevice from Google for encryption.  Security level: SOFTWARE, HAL: android.hardware.keymaster@4.1::IKeymasterDevice/default
03-02 23:03:41.624   161   161 D vold    : Key exists, using: /metadata/vold/metadata_encryption/key
03-02 23:03:41.628   161   161 I vold    : List of Keymaster HALs found:
03-02 23:03:41.628   161   161 I vold    : Keymaster HAL #1: SoftwareKeymasterDevice from Google SecurityLevel: SOFTWARE HAL: android.hardware.keymaster@4.1::IKeymasterDevice/default
03-02 23:03:41.628   161   161 I vold    : Using SoftwareKeymasterDevice from Google for encryption.  Security level: SOFTWARE, HAL: android.hardware.keymaster@4.1::IKeymasterDevice/default
03-02 23:03:41.630   161   161 D vold    : Mounting metadata-encrypted filesystem:/data
03-02 23:03:41.631   161   161 I vold    : List of Keymaster HALs found:
03-02 23:03:41.631   161   161 I vold    : Keymaster HAL #1: SoftwareKeymasterDevice from Google SecurityLevel: SOFTWARE HAL: android.hardware.keymaster@4.1::IKeymasterDevice/default
03-02 23:03:41.632   161   161 I vold    : [libfs_mgr]superblock s_max_mnt_count:65535,/dev/block/dm-5
03-02 23:03:41.632   161   161 I vold    : [libfs_mgr]Filesystem on /dev/block/dm-5 was not cleanly shutdown; state flags: 0x1, incompat feature flags: 0x30046
03-02 23:03:41.726   161   161 I vold    : [libfs_mgr]check_fs(): mount(/dev/block/dm-5,/data,ext4)=0: Success
03-02 23:03:41.736   161   161 I vold    : [libfs_mgr]check_fs(): unmount(/data) succeeded
03-02 23:03:41.736   161   161 I vold    : [libfs_mgr]Running /system/bin/e2fsck on /dev/block/dm-5
03-02 23:03:42.020   161   161 I vold    : [libfs_mgr]superblock s_max_mnt_count:65535,/dev/block/dm-5
03-02 23:03:42.020   161   161 W vold    : [libfs_mgr]Reserved blocks 32768 is too large; capping to 31457
03-02 23:03:42.024   161   161 I vold    : [libfs_mgr]__mount(source=/dev/block/dm-5,target=/data,type=ext4)=0: Success
03-02 23:03:42.024   161   161 D vold    : Mounted /data
03-02 23:03:42.024   161   168 D vold    : Disk at 253:5 changed
03-02 23:03:42.084   161   161 I Checkpoint: cp_prepareCheckpoint called
03-02 23:03:42.094   161   161 I vold    : fscrypt_initialize_systemwide_keys
03-02 23:03:42.095   161   161 D vold    : Key exists, using: /data/unencrypted/key
03-02 23:03:42.098   161   161 I vold    : List of Keymaster HALs found:
03-02 23:03:42.098   161   161 I vold    : Keymaster HAL #1: SoftwareKeymasterDevice from Google SecurityLevel: SOFTWARE HAL: android.hardware.keymaster@4.1::IKeymasterDevice/default
03-02 23:03:42.098   161   161 I vold    : Using SoftwareKeymasterDevice from Google for encryption.  Security level: SOFTWARE, HAL: android.hardware.keymaster@4.1::IKeymasterDevice/default
03-02 23:03:42.099   161   161 D vold    : Installed fscrypt key with ref 2719a13518979997b738fd93d3441d54 to /data
03-02 23:03:42.099   161   161 D vold    : Added fscrypt-provisioning key for 2719a13518979997b738fd93d3441d54 to session keyring
03-02 23:03:42.102   161   161 I vold    : Wrote system DE key reference to:/data/unencrypted/ref
03-02 23:03:42.102   161   161 D vold    : Installed fscrypt key with ref 0eaba0f47697e8f936dcebad15344a1e to /data
03-02 23:03:42.102   161   161 D vold    : Added fscrypt-provisioning key for 0eaba0f47697e8f936dcebad15344a1e to session keyring
03-02 23:03:42.103   161   161 I vold    : Wrote per boot key reference to:/data/unencrypted/per_boot_ref
03-02 23:03:42.177   161   168 D vold    : Disk at 7:48 changed
03-02 23:03:42.191   161   168 D vold    : Disk at 7:48 changed
03-02 23:03:42.200   161   168 D vold    : Disk at 7:56 changed
03-02 23:03:42.231   161   168 D vold    : Disk at 7:56 changed
03-02 23:03:42.238   161   168 D vold    : Disk at 7:64 changed
03-02 23:03:42.263   161   168 D vold    : Disk at 7:64 changed
03-02 23:03:42.275   161   168 D vold    : Disk at 7:72 changed
03-02 23:03:42.295   161   168 D vold    : Disk at 7:72 changed
03-02 23:03:42.306   161   168 D vold    : Disk at 7:80 changed
03-02 23:03:42.327   161   168 D vold    : Disk at 7:80 changed
03-02 23:03:42.334   161   168 D vold    : Disk at 7:88 changed
03-02 23:03:42.359   161   168 D vold    : Disk at 7:88 changed
03-02 23:03:42.383   161   168 D vold    : Disk at 7:96 changed
03-02 23:03:42.423   161   168 D vold    : Disk at 7:96 changed
03-02 23:03:42.442   161   168 D vold    : Disk at 7:104 changed
03-02 23:03:42.487   161   168 D vold    : Disk at 7:104 changed
03-02 23:03:42.510   161   168 D vold    : Disk at 7:112 changed
03-02 23:03:42.551   161   168 D vold    : Disk at 7:112 changed
03-02 23:03:42.584   161   168 D vold    : Disk at 7:120 changed
03-02 23:03:42.607   161   168 D vold    : Disk at 7:120 changed
03-02 23:03:42.638   161   168 D vold    : Disk at 7:128 changed
03-02 23:03:42.663   161   168 D vold    : Disk at 7:128 changed
03-02 23:03:42.690   161   168 D vold    : Disk at 7:136 changed
03-02 23:03:42.715   161   168 D vold    : Disk at 7:136 changed
03-02 23:03:42.738   161   168 D vold    : Disk at 7:144 changed
03-02 23:03:42.776   161   168 D vold    : Disk at 7:144 changed
03-02 23:03:42.801   161   168 D vold    : Disk at 7:152 changed
03-02 23:03:42.823   161   168 D vold    : Disk at 7:152 changed
03-02 23:03:42.845   161   168 D vold    : Disk at 7:160 changed
03-02 23:03:42.887   161   168 D vold    : Disk at 7:160 changed
03-02 23:03:42.912   161   168 D vold    : Disk at 7:168 changed
03-02 23:03:42.939   161   168 D vold    : Disk at 7:168 changed
03-02 23:03:42.960   161   168 D vold    : Disk at 7:176 changed
03-02 23:03:42.999   161   168 D vold    : Disk at 7:176 changed
03-02 23:03:43.022   161   168 D vold    : Disk at 7:184 changed
03-02 23:03:43.047   161   168 D vold    : Disk at 7:184 changed
03-02 23:03:43.069   161   168 D vold    : Disk at 7:192 changed
03-02 23:03:43.095   161   168 D vold    : Disk at 7:192 changed
03-02 23:03:43.117   161   168 D vold    : Disk at 7:200 changed
03-02 23:03:43.143   161   168 D vold    : Disk at 7:200 changed
03-02 23:03:43.166   161   168 D vold    : Disk at 7:208 changed
03-02 23:03:43.207   161   168 D vold    : Disk at 7:208 changed
03-02 23:03:43.230   161   168 D vold    : Disk at 7:216 changed
03-02 23:03:43.271   161   168 D vold    : Disk at 7:216 changed
03-02 23:03:43.414   161   161 D vold    : fscrypt_init_user0
03-02 23:03:43.414   161   161 D vold    : Preparing: /data/misc/vold/user_keys
03-02 23:03:43.415   161   161 D vold    : Preparing: /data/misc/vold/user_keys/ce
03-02 23:03:43.415   161   161 D vold    : Preparing: /data/misc/vold/user_keys/de
03-02 23:03:43.415   161   161 D vold    : Skipping non-de-key .
03-02 23:03:43.415   161   161 D vold    : Skipping non-de-key ..
03-02 23:03:43.418   161   161 I vold    : List of Keymaster HALs found:
03-02 23:03:43.418   161   161 I vold    : Keymaster HAL #1: SoftwareKeymasterDevice from Google SecurityLevel: SOFTWARE HAL: android.hardware.keymaster@4.1::IKeymasterDevice/default
03-02 23:03:43.418   161   161 I vold    : Using SoftwareKeymasterDevice from Google for encryption.  Security level: SOFTWARE, HAL: android.hardware.keymaster@4.1::IKeymasterDevice/default
03-02 23:03:43.419   161   161 D vold    : Installed fscrypt key with ref 326d18ac65bd44a37843ad41506c9953 to /data
03-02 23:03:43.419   161   161 D vold    : Added fscrypt-provisioning key for 326d18ac65bd44a37843ad41506c9953 to session keyring
03-02 23:03:43.419   161   161 D vold    : Installed de key for user 0
03-02 23:03:43.419   161   161 D vold    : fscrypt_prepare_user_storage for volume null, user 0, serial 0, flags 1
03-02 23:03:43.419   161   161 D vold    : Preparing: /data/system/users/0
03-02 23:03:43.419   161   161 D vold    : Preparing: /data/misc/profiles/cur/0
03-02 23:03:43.419   161   161 D vold    : Preparing: /data/system_de/0
03-02 23:03:43.420   161   161 D vold    : Preparing: /data/misc_de/0
03-02 23:03:43.420   161   161 D vold    : Preparing: /data/vendor_de/0
03-02 23:03:43.420   161   161 D vold    : Preparing: /data/user_de/0
03-02 23:03:43.420   161   161 I vold    : Verified that /data/system_de/0 has the encryption policy 326d18ac65bd44a37843ad41506c9953 v2 modes 1/4 flags 0x2
03-02 23:03:43.421   161   161 I vold    : Verified that /data/misc_de/0 has the encryption policy 326d18ac65bd44a37843ad41506c9953 v2 modes 1/4 flags 0x2
03-02 23:03:43.421   161   161 I vold    : Verified that /data/vendor_de/0 has the encryption policy 326d18ac65bd44a37843ad41506c9953 v2 modes 1/4 flags 0x2
03-02 23:03:43.421   161   161 I vold    : Verified that /data/user_de/0 has the encryption policy 326d18ac65bd44a37843ad41506c9953 v2 modes 1/4 flags 0x2
03-02 23:03:43.421   161   161 D vold    : /system/bin/vold_prepare_subdirs
03-02 23:03:43.421   161   161 D vold    :     prepare
03-02 23:03:43.421   161   161 D vold    :     
03-02 23:03:43.421   161   161 D vold    :     0
03-02 23:03:43.421   161   161 D vold    :     1
03-02 23:03:43.436   161   161 D vold    : Detected support for FS_IOC_ADD_ENCRYPTION_KEY
03-02 23:03:44.240   316   316 I android.hardware.wifi@1.0-service: Wifi Hal is booting up...
03-02 23:03:44.242   316   316 I HidlServiceManagement: Registered android.hardware.wifi@1.4::IWifi/default (start delay of 233ms)
03-02 23:03:44.408   349   349 I gsid    : no DSU: No such file or directory
03-02 23:03:45.014   391   391 I installd: installd firing up
03-02 23:03:45.174   393   393 I iorapd  : iorapd (the prefetchening) firing up
03-02 23:03:45.185   393   393 I iorapd  : Opened existing database at '/data/misc/iorapd/sqlite.db'
03-02 23:03:45.201   393   393 W iorapd  : Reconnect to package manager service: 1 times
03-02 23:03:45.203   406   406 I wificond: wificond is starting up...
03-02 23:03:45.204   406   406 I HidlServiceManagement: Registered android.system.wifi.keystore@1.0::IKeystore/default (start delay of 136ms)
03-02 23:03:46.228   414   481 D BootAnimation: BootAnimationShownTiming start time: 16019ms
03-02 23:03:46.229   414   483 E BootAnimation: Could not add watch for /data/system: Permission denied
03-02 23:03:48.785   487   487 I SystemServerTiming: InitBeforeStartServices
03-02 23:03:48.787   487   487 I SystemServer: Entered the Android system server!
03-02 23:03:49.043   487   487 I SystemServerInitThreadPool: Creating instance with 2 threads
03-02 23:03:49.045   487   487 I SystemServerTiming: StartServices
03-02 23:03:49.045   487   487 I SystemServerTiming: startBootstrapServices
03-02 23:03:49.045   487   487 I SystemServerTiming: StartWatchdog
03-02 23:03:49.071   487   487 I SystemServer: Reading configuration...
03-02 23:03:49.071   487   487 I SystemServerTiming: ReadingSystemConfig
03-02 23:03:49.071   487   487 I SystemServerTiming: PlatformCompat
03-02 23:03:49.072   487   510 I SystemServerTimingAsync: InitThreadPoolExec:ReadingSystemConfig
03-02 23:03:49.073   487   510 I SystemConfig: Reading permissions from /system/etc/sysconfig/framework-sysconfig.xml
03-02 23:03:49.074   487   510 I SystemConfig: Reading permissions from /system/etc/sysconfig/preinstalled-packages-platform.xml
03-02 23:03:49.076   487   510 I SystemConfig: Reading permissions from /system/etc/sysconfig/hiddenapi-package-whitelist.xml
03-02 23:03:49.077   487   510 I SystemConfig: Reading permissions from /system/etc/permissions/com.android.media.remotedisplay.xml
03-02 23:03:49.079   487   510 I SystemConfig: Reading permissions from /system/etc/permissions/android.test.base.xml
03-02 23:03:49.081   487   510 I SystemConfig: Reading permissions from /system/etc/permissions/android.test.runner.xml
03-02 23:03:49.081   487   487 D CompatConfig: Found a config file: /system/etc/compatconfig/services-platform-compat-config.xml
03-02 23:03:49.082   487   510 I SystemConfig: Reading permissions from /system/etc/permissions/org.apache.http.legacy.xml
03-02 23:03:49.083   487   510 I SystemConfig: Reading permissions from /system/etc/permissions/privapp-permissions-google.xml
03-02 23:03:49.084   487   487 D CompatConfig: Adding: com.android.server.compat.config.Change@c118ca3
03-02 23:03:49.086   487   510 I SystemConfig: Reading permissions from /system/etc/permissions/com.android.mediadrm.signer.xml
03-02 23:03:49.087   487   487 D CompatConfig: Adding: com.android.server.compat.config.Change@aced359
03-02 23:03:49.087   487   510 I SystemConfig: Reading permissions from /system/etc/permissions/javax.obex.xml
03-02 23:03:49.088   487   487 D CompatConfig: Adding: com.android.server.compat.config.Change@e264fff
03-02 23:03:49.088   487   487 D CompatConfig: Adding: com.android.server.compat.config.Change@e9f1cc
03-02 23:03:49.088   487   487 D CompatConfig: Adding: com.android.server.compat.config.Change@b104c15
03-02 23:03:49.089   487   487 D CompatConfig: Adding: com.android.server.compat.config.Change@a5cfb2a
03-02 23:03:49.089   487   487 D CompatConfig: Adding: com.android.server.compat.config.Change@7aa5eb8
03-02 23:03:49.089   487   510 I SystemConfig: Reading permissions from /system/etc/permissions/com.android.timezone.updater.xml
03-02 23:03:49.089   487   487 D CompatConfig: Adding: com.android.server.compat.config.Change@6b69491
03-02 23:03:49.090   487   487 D CompatConfig: Adding: com.android.server.compat.config.Change@6279ff6
03-02 23:03:49.090   487   487 D CompatConfig: Adding: com.android.server.compat.config.Change@fe03ff7
03-02 23:03:49.091   487   487 D CompatConfig: Adding: com.android.server.compat.config.Change@602ae64
03-02 23:03:49.091   487   487 D CompatConfig: Adding: com.android.server.compat.config.Change@59ee8cd
03-02 23:03:49.093   487   487 D CompatConfig: Adding: com.android.server.compat.config.Change@b25c582
03-02 23:03:49.093   487   487 D CompatConfig: Found a config file: /system/etc/compatconfig/framework-platform-compat-config.xml
03-02 23:03:49.094   487   510 I SystemConfig: Reading permissions from /system/etc/permissions/com.android.future.usb.accessory.xml
03-02 23:03:49.095   487   487 D CompatConfig: Adding: com.android.server.compat.config.Change@63e44c9
03-02 23:03:49.095   487   487 D CompatConfig: Adding: com.android.server.compat.config.Change@deeb7ce
03-02 23:03:49.096   487   487 D CompatConfig: Adding: com.android.server.compat.config.Change@1f936ef
03-02 23:03:49.096   487   510 I SystemConfig: Reading permissions from /system/etc/permissions/android.software.webview.xml
03-02 23:03:49.097   487   487 D CompatConfig: Adding: com.android.server.compat.config.Change@f5d6485
03-02 23:03:49.098   487   487 D CompatConfig: Adding: com.android.server.compat.config.Change@34282da
03-02 23:03:49.098   487   487 D CompatConfig: Adding: com.android.server.compat.config.Change@5cc530b
03-02 23:03:49.098   487   487 D CompatConfig: Adding: com.android.server.compat.config.Change@ecee5e8
03-02 23:03:49.099   487   487 D CompatConfig: Adding: com.android.server.compat.config.Change@194c401
03-02 23:03:49.099   487   487 D CompatConfig: Adding: com.android.server.compat.config.Change@9d5f2a6
03-02 23:03:49.100   487   487 D CompatConfig: Adding: com.android.server.compat.config.Change@26b14e7
03-02 23:03:49.100   487   487 D CompatConfig: Adding: com.android.server.compat.config.Change@4889f3d
03-02 23:03:49.101   487   487 D CompatConfig: Adding: com.android.server.compat.config.Change@4de9332
03-02 23:03:49.101   487   510 I SystemConfig: Reading permissions from /system/etc/permissions/com.android.location.provider.xml
03-02 23:03:49.101   487   487 D CompatConfig: Adding: com.android.server.compat.config.Change@e4a1883
03-02 23:03:49.101   487   487 D CompatConfig: Adding: com.android.server.compat.config.Change@1568a00
03-02 23:03:49.102   487   487 D CompatConfig: Adding: com.android.server.compat.config.Change@be4f239
03-02 23:03:49.102   487   510 I SystemConfig: Reading permissions from /system/etc/permissions/privapp-permissions-platform.xml
03-02 23:03:49.103   487   487 D CompatConfig: Adding: com.android.server.compat.config.Change@88bb9df
03-02 23:03:49.103   487   487 D CompatConfig: Adding: com.android.server.compat.config.Change@79a462c
03-02 23:03:49.103   487   487 D CompatConfig: Adding: com.android.server.compat.config.Change@1978f5
03-02 23:03:49.104   487   487 D CompatConfig: Adding: com.android.server.compat.config.Change@31568a
03-02 23:03:49.104   487   487 D CompatConfig: Adding: com.android.server.compat.config.Change@61c14fb
03-02 23:03:49.106   487   510 I SystemConfig: Reading permissions from /system/etc/permissions/android.test.mock.xml
03-02 23:03:49.107   487   487 D CompatConfig: Adding: com.android.server.compat.config.Change@6d5af71
03-02 23:03:49.107   487   487 D CompatConfig: Adding: com.android.server.compat.config.Change@48d05d7
03-02 23:03:49.107   487   510 I SystemConfig: Reading permissions from /system/etc/permissions/com.android.nfc_extras.xml
03-02 23:03:49.108   487   487 D CompatConfig: Adding: com.android.server.compat.config.Change@31d2ec4
03-02 23:03:49.110   487   487 D CompatConfig: Found a config file: /system/etc/compatconfig/documents-ui-compat-config.xml
03-02 23:03:49.110   487   510 I SystemConfig: Reading permissions from /system/etc/permissions/android.software.live_wallpaper.xml
03-02 23:03:49.111   487   487 D CompatConfig: Adding: com.android.server.compat.config.Change@eb22873
03-02 23:03:49.111   487   510 I SystemConfig: Reading permissions from /system/etc/permissions/platform.xml
03-02 23:03:49.111   487   487 D CompatConfig: Found a config file: /system/etc/compatconfig/libcore-platform-compat-config.xml
03-02 23:03:49.112   487   487 D CompatConfig: Adding: com.android.server.compat.config.Change@d6352e
03-02 23:03:49.112   487   487 D CompatConfig: Adding: com.android.server.compat.config.Change@efcd8cf
03-02 23:03:49.113   487   487 D CompatConfig: Adding: com.android.server.compat.config.Change@ad1925c
03-02 23:03:49.114   487   487 D CompatConfig: Adding: com.android.server.compat.config.Change@4fb8965
03-02 23:03:49.115   487   510 I SystemConfig: Reading permissions from /vendor/etc/permissions/android.hardware.bluetooth.xml
03-02 23:03:49.115   487   487 D CompatConfig: Found a config file: /system/system_ext/etc/compatconfig/settings-platform-compat-config.xml
03-02 23:03:49.115   487   487 D CompatConfig: Adding: com.android.server.compat.config.Change@c137848
03-02 23:03:49.116   487   510 I SystemConfig: Reading permissions from /vendor/etc/permissions/android.software.vulkan.deqp.level.xml
03-02 23:03:49.117   487   510 I SystemConfig: Reading permissions from /vendor/etc/permissions/android.hardware.fingerprint.xml
03-02 23:03:49.118   487   510 I SystemConfig: Reading permissions from /vendor/etc/permissions/android.hardware.bluetooth_le.xml
03-02 23:03:49.118   487   510 I SystemConfig: Reading permissions from /vendor/etc/permissions/android.hardware.wifi.passpoint.xml
03-02 23:03:49.119   487   510 I SystemConfig: Reading permissions from /vendor/etc/permissions/android.hardware.wifi.xml
03-02 23:03:49.120   487   510 I SystemConfig: Reading permissions from /vendor/etc/permissions/android.hardware.vulkan.version.xml
03-02 23:03:49.121   487   510 I SystemConfig: Reading permissions from /vendor/etc/permissions/android.hardware.vulkan.compute.xml
03-02 23:03:49.122   487   510 I SystemConfig: Reading permissions from /vendor/etc/permissions/android.hardware.camera.flash-autofocus.xml
03-02 23:03:49.123   487   510 I SystemConfig: Reading permissions from /vendor/etc/permissions/android.hardware.camera.full.xml
03-02 23:03:49.123   487   510 I SystemConfig: Reading permissions from /vendor/etc/permissions/android.hardware.camera.raw.xml
03-02 23:03:49.124   487   510 I SystemConfig: Reading permissions from /vendor/etc/permissions/android.hardware.camera.concurrent.xml
03-02 23:03:49.124   487   510 I SystemConfig: Reading permissions from /vendor/etc/permissions/android.hardware.camera.front.xml
03-02 23:03:49.126   487   487 I ApexManagerTiming: getActiveApexInfos_noCache
03-02 23:03:49.132   487   510 I SystemConfig: Reading permissions from /vendor/etc/permissions/android.hardware.touchscreen.multitouch.jazzhand.xml
03-02 23:03:49.132   487   487 D CompatConfig: No directory /apex/com.android.sdkext/etc/compatconfig, skipping
03-02 23:03:49.132   487   487 D CompatConfig: No directory /apex/com.android.i18n/etc/compatconfig, skipping
03-02 23:03:49.132   487   487 D CompatConfig: No directory /apex/com.android.wifi/etc/compatconfig, skipping
03-02 23:03:49.132   487   487 D CompatConfig: No directory /apex/com.android.adbd/etc/compatconfig, skipping
03-02 23:03:49.133   487   487 D CompatConfig: No directory /apex/com.android.art/etc/compatconfig, skipping
03-02 23:03:49.133   487   487 D CompatConfig: No directory /apex/com.android.apex.cts.shim/etc/compatconfig, skipping
03-02 23:03:49.133   487   487 D CompatConfig: No directory /apex/com.android.conscrypt/etc/compatconfig, skipping
03-02 23:03:49.133   487   487 D CompatConfig: No directory /apex/com.android.tethering/etc/compatconfig, skipping
03-02 23:03:49.133   487   487 D CompatConfig: No directory /apex/com.android.os.statsd/etc/compatconfig, skipping
03-02 23:03:49.133   487   510 I SystemConfig: Reading permissions from /vendor/etc/permissions/android.software.autofill.xml
03-02 23:03:49.133   487   487 D CompatConfig: No directory /apex/com.android.runtime/etc/compatconfig, skipping
03-02 23:03:49.133   487   487 D CompatConfig: No directory /apex/com.android.tzdata/etc/compatconfig, skipping
03-02 23:03:49.133   487   487 D CompatConfig: Found a config file: /apex/com.android.mediaprovider/etc/compatconfig/media-provider-platform-compat-config.xml
03-02 23:03:49.134   487   510 I SystemConfig: Reading permissions from /vendor/etc/permissions/handheld_core_hardware.xml
03-02 23:03:49.134   487   487 D CompatConfig: No directory /apex/com.android.vndk.v30/etc/compatconfig, skipping
03-02 23:03:49.134   487   487 D CompatConfig: No directory /apex/com.android.resolv/etc/compatconfig, skipping
03-02 23:03:49.134   487   487 D CompatConfig: No directory /apex/com.android.cellbroadcast/etc/compatconfig, skipping
03-02 23:03:49.135   487   510 I SystemConfig: Reading permissions from /vendor/etc/permissions/android.hardware.vulkan.level.xml
03-02 23:03:49.135   487   487 D CompatConfig: No directory /apex/com.android.ipsec/etc/compatconfig, skipping
03-02 23:03:49.135   487   487 D CompatConfig: No directory /apex/com.android.permission/etc/compatconfig, skipping
03-02 23:03:49.135   487   487 D CompatConfig: No directory /apex/com.android.media.swcodec/etc/compatconfig, skipping
03-02 23:03:49.135   487   487 D CompatConfig: No directory /apex/com.android.extservices/etc/compatconfig, skipping
03-02 23:03:49.135   487   487 D CompatConfig: No directory /apex/com.android.media/etc/compatconfig, skipping
03-02 23:03:49.135   487   487 D CompatConfig: No directory /apex/com.android.telephony/etc/compatconfig, skipping
03-02 23:03:49.135   487   487 D CompatConfig: No directory /apex/com.android.neuralnetworks/etc/compatconfig, skipping
03-02 23:03:49.136   487   510 I SystemConfig: Reading permissions from /vendor/etc/permissions/android.hardware.camera.ar.xml
03-02 23:03:49.136   487   487 I SystemServerTiming: StartFileIntegrityService
03-02 23:03:49.136   487   487 I SystemServiceManager: Starting com.android.server.security.FileIntegrityService
03-02 23:03:49.137   487   510 I SystemConfig: Reading permissions from /vendor/etc/permissions/android.hardware.wifi.direct.xml
03-02 23:03:49.138   487   510 I SystemConfig: Reading permissions from /product/etc/sysconfig/google_build.xml
03-02 23:03:49.139   487   510 I SystemConfig: Reading permissions from /product/etc/sysconfig/preinstalled-packages-platform-overlays.xml
03-02 23:03:49.140   487   510 I SystemConfig: Reading permissions from /product/etc/sysconfig/google.xml
03-02 23:03:49.141   487   510 I SystemConfig: Adding association: com.google.android.as <- com.android.bluetooth
03-02 23:03:49.141   487   510 I SystemConfig: Adding association: com.google.android.as <- com.android.providers.contacts
03-02 23:03:49.141   487   510 I SystemConfig: Adding association: com.google.android.as <- com.android.providers.media
03-02 23:03:49.141   487   510 I SystemConfig: Adding association: com.google.android.as <- com.android.providers.telephony
03-02 23:03:49.141   487   510 I SystemConfig: Adding association: com.google.android.as <- com.android.systemui
03-02 23:03:49.141   487   510 I SystemConfig: Adding association: com.google.android.as <- com.google.android.providers.media.module
03-02 23:03:49.141   487   510 I SystemConfig: Reading permissions from /product/etc/sysconfig/preinstalled-packages-platform-aosp-product.xml
03-02 23:03:49.143   487   510 I SystemConfig: Reading permissions from /product/etc/sysconfig/preinstalled-packages-platform-handheld-product.xml
03-02 23:03:49.144   487   510 I SystemConfig: Reading permissions from /product/etc/sysconfig/disable-zero-touch.xml
03-02 23:03:49.145   487   510 I SystemConfig: Reading permissions from /product/etc/sysconfig/google-hiddenapi-package-whitelist.xml
03-02 23:03:49.146   487   510 I SystemConfig: Reading permissions from /product/etc/sysconfig/wellbeing.xml
03-02 23:03:49.147   487   487 I SystemServerTiming: StartInstaller
03-02 23:03:49.147   487   487 I SystemServiceManager: Starting com.android.server.pm.Installer
03-02 23:03:49.150   487   487 I SystemServerTiming: DeviceIdentifiersPolicyService
03-02 23:03:49.150   487   487 I SystemServiceManager: Starting com.android.server.os.DeviceIdentifiersPolicyService
03-02 23:03:49.151   487   510 I SystemConfig: Reading permissions from /product/etc/permissions/android.software.verified_boot.xml
03-02 23:03:49.151   487   487 I SystemServerTiming: UriGrantsManagerService
03-02 23:03:49.151   487   487 I SystemServiceManager: Starting com.android.server.uri.UriGrantsManagerService$Lifecycle
03-02 23:03:49.151   487   510 I SystemConfig: Reading permissions from /product/etc/permissions/privapp-permissions-goldfish.xml
03-02 23:03:49.153   487   510 I SystemConfig: Reading permissions from /product/etc/permissions/com.android.contacts.xml
03-02 23:03:49.154   487   510 I SystemConfig: Reading permissions from /product/etc/permissions/privapp-permissions-google-p.xml
03-02 23:03:49.157   487   510 I SystemConfig: Reading permissions from /product/etc/permissions/android.hardware.telephony.euicc.xml
03-02 23:03:49.160   487   487 I SystemServerTiming: StartActivityManager
03-02 23:03:49.160   487   487 I SystemServiceManager: Starting com.android.server.wm.ActivityTaskManagerService$Lifecycle
03-02 23:03:49.160   487   510 I SystemConfig: Reading permissions from /product/etc/permissions/privapp-permissions-sdk-google.xml
03-02 23:03:49.161   487   510 I SystemConfig: Reading permissions from /product/etc/permissions/com.android.settings.intelligence.xml
03-02 23:03:49.162   487   510 I SystemConfig: Reading permissions from /product/etc/permissions/com.android.dialer.xml
03-02 23:03:49.163   487   510 I SystemConfig: Reading permissions from /product/etc/permissions/com.google.android.dialer.support.xml
03-02 23:03:49.164   487   510 I SystemConfig: Reading permissions from /product/etc/permissions/split-permissions-google.xml
03-02 23:03:49.165   487   510 W SystemConfig: No directory /system_ext/etc/sysconfig, skipping
03-02 23:03:49.166   487   510 I SystemConfig: Reading permissions from /system_ext/etc/permissions/com.android.carrierconfig.xml
03-02 23:03:49.167   487   510 I SystemConfig: Reading permissions from /system_ext/etc/permissions/androidx.window.sidecar.xml
03-02 23:03:49.168   487   510 I SystemConfig: Reading permissions from /system_ext/etc/permissions/privapp-permissions-google-se.xml
03-02 23:03:49.169   487   510 I SystemConfig: Reading permissions from /system_ext/etc/permissions/com.google.android.sdksetup.xml
03-02 23:03:49.171   487   510 I SystemConfig: Reading permissions from /system_ext/etc/permissions/com.android.systemui.xml
03-02 23:03:49.172   487   510 I SystemConfig: Reading permissions from /system_ext/etc/permissions/com.android.emulator.radio.config.xml
03-02 23:03:49.173   487   510 I SystemConfig: Reading permissions from /system_ext/etc/permissions/com.android.launcher3.xml
03-02 23:03:49.173   487   510 I SystemConfig: Reading permissions from /system_ext/etc/permissions/com.android.settings.xml
03-02 23:03:49.174   487   510 I SystemConfig: Reading permissions from /system_ext/etc/permissions/com.android.storagemanager.xml
03-02 23:03:49.177   487   510 I SystemConfig: Reading permissions from /apex/com.android.ipsec/etc/permissions/android.net.ipsec.ike.xml
03-02 23:03:49.190   487   487 I SystemServiceManager: Starting com.android.server.am.ActivityManagerService$Lifecycle
03-02 23:03:49.216   487   487 I ActivityManager: Memory class: 192
03-02 23:03:49.267   487   487 D BatteryStatsImpl: Reading daily items from /data/system/batterystats-daily.xml
03-02 23:03:49.287   487   518 I KernelCpuUidFreqTimeReader: mPerClusterTimesAvailable=false
03-02 23:03:49.292   487   518 E KernelCpuSpeedReader: Failed to read cpu-freq: /sys/devices/system/cpu/cpu1/cpufreq/stats/time_in_state: open failed: ENOENT (No such file or directory)
03-02 23:03:49.292   487   518 E KernelCpuSpeedReader: Failed to read cpu-freq: /sys/devices/system/cpu/cpu0/cpufreq/stats/time_in_state: open failed: ENOENT (No such file or directory)
03-02 23:03:49.316   487   518 W KernelMemoryBandwidthStats: No kernel memory bandwidth stats available
03-02 23:03:49.458   487   487 I IntentFirewall: Read new rules (A:0 B:0 S:0)
03-02 23:03:49.507   487   487 D AppOps  : AppOpsService published
03-02 23:03:49.513   487   487 I SystemServerTiming: StartDataLoaderManagerService
03-02 23:03:49.513   487   487 I SystemServiceManager: Starting com.android.server.pm.DataLoaderManagerService
03-02 23:03:49.513   487   487 I SystemServerTiming: StartIncrementalService
03-02 23:03:49.518   487   487 I SystemServerTiming: StartPowerManager
03-02 23:03:49.518   487   487 I SystemServiceManager: Starting com.android.server.power.PowerManagerService
03-02 23:03:49.542   487   487 I SystemServerTiming: StartThermalManager
03-02 23:03:49.542   487   487 I SystemServiceManager: Starting com.android.server.power.ThermalManagerService
03-02 23:03:49.546   487   487 I SystemServerTiming: InitPowerManagement
03-02 23:03:49.547   487   487 I SystemServerTiming: StartRecoverySystemService
03-02 23:03:49.548   487   487 I SystemServiceManager: Starting com.android.server.recoverysystem.RecoverySystemService$Lifecycle
03-02 23:03:49.564   487   487 I PackageWatchdog: Syncing state, reason: added new observer
03-02 23:03:49.564   487   487 I PackageWatchdog: Not pruning observers, elapsed time: 0ms
03-02 23:03:49.564   487   487 I PackageWatchdog: Cancelling state sync, nothing to sync
03-02 23:03:49.565   487   511 I PackageWatchdog: Saving observer state to file
03-02 23:03:49.565   487   487 I SystemServerTiming: StartLightsService
03-02 23:03:49.565   487   487 I SystemServiceManager: Starting com.android.server.lights.LightsService
03-02 23:03:49.586   487   487 I SystemServerTiming: StartSidekickService
03-02 23:03:49.586   487   487 I SystemServerTiming: StartDisplayManager
03-02 23:03:49.586   487   487 I SystemServiceManager: Starting com.android.server.display.DisplayManagerService
03-02 23:03:49.607   487   487 I SystemServerTiming: WaitForDisplay
03-02 23:03:49.607   487   487 I SystemServiceManager: Starting phase 100
03-02 23:03:49.607   487   487 I SystemServerTiming: OnBootPhase_100
03-02 23:03:49.608   487   487 I SystemServerTiming: OnBootPhase_100_com.android.server.security.FileIntegrityService
03-02 23:03:49.608   487   487 I SystemServerTiming: OnBootPhase_100_com.android.server.pm.Installer
03-02 23:03:49.608   487   487 I SystemServerTiming: OnBootPhase_100_com.android.server.os.DeviceIdentifiersPolicyService
03-02 23:03:49.608   487   487 I SystemServerTiming: OnBootPhase_100_com.android.server.uri.UriGrantsManagerService$Lifecycle
03-02 23:03:49.608   487   487 I SystemServerTiming: OnBootPhase_100_com.android.server.wm.ActivityTaskManagerService$Lifecycle
03-02 23:03:49.608   487   487 I SystemServerTiming: OnBootPhase_100_com.android.server.am.ActivityManagerService$Lifecycle
03-02 23:03:49.608   487   487 I SystemServerTiming: OnBootPhase_100_com.android.server.pm.DataLoaderManagerService
03-02 23:03:49.608   487   487 I SystemServerTiming: OnBootPhase_100_com.android.server.power.PowerManagerService
03-02 23:03:49.608   487   487 I SystemServerTiming: OnBootPhase_100_com.android.server.power.ThermalManagerService
03-02 23:03:49.608   487   487 I SystemServerTiming: OnBootPhase_100_com.android.server.recoverysystem.RecoverySystemService$Lifecycle
03-02 23:03:49.608   487   487 I SystemServerTiming: OnBootPhase_100_com.android.server.lights.LightsService
03-02 23:03:49.608   487   487 I SystemServerTiming: OnBootPhase_100_com.android.server.display.DisplayManagerService
03-02 23:03:49.614   487   506 I DisplayManagerService: Display device added: DisplayDeviceInfo{"Built-in Screen": uniqueId="local:8141603649153536", 1080 x 2280, modeId 1, defaultModeId 1, supportedModes [{id=1, width=1080, height=2280, fps=60.000004}], colorMode 0, supportedColorModes [0], HdrCapabilities HdrCapabilities{mSupportedHdrTypes=[], mMaxLuminance=500.0, mMaxAverageLuminance=500.0, mMinLuminance=0.0}, allmSupported false, gameContentTypeSupported false, density 440, 440.0 x 440.0 dpi, appVsyncOff 1000000, presDeadline 16666666, touch INTERNAL, rotation 0, type INTERNAL, address {port=0, model=0x1cecbed168ea}, deviceProductInfo DeviceProductInfo{name=EMU_display_0, manufacturerPnpId=GGL, productId=1, modelYear=null, manufactureDate=ManufactureDate{week=27, year=2006}, relativeAddress=null}, state UNKNOWN, FLAG_DEFAULT_DISPLAY, FLAG_ROTATES_WITH_CONTENT, FLAG_SECURE, FLAG_SUPPORTS_PROTECTED_BUFFERS}
03-02 23:03:49.615   487   506 I DisplayManagerService: Display device changed state: "Built-in Screen", ON
03-02 23:03:49.615   487   487 I SystemServerTiming: StartPackageManagerService
03-02 23:03:49.615   487   487 I Watchdog: Pausing HandlerChecker: main thread for reason: packagemanagermain. Pause count: 1
03-02 23:03:49.641   487   487 I PackageManagerTiming: create package manager
03-02 23:03:49.648   487   487 I PackageManagerTiming: createSubComponents
03-02 23:03:49.695   487   487 I PackageManagerTiming: addSharedUsers
03-02 23:03:49.696   487   487 I PackageManagerTiming: get system config
03-02 23:03:49.700   487   487 D PackageManager: Directories scanned as system partitions: [/system:0, /vendor:524288, /odm:4194304, /oem:262144, /product:1048576, /system_ext:2097152, /apex/com.android.sdkext:8388608, /apex/com.android.i18n:8388608, /apex/com.android.wifi:8388608, /apex/com.android.adbd:8388608, /apex/com.android.art:8388608, /apex/com.android.apex.cts.shim:8388608, /apex/com.android.conscrypt:8388608, /apex/com.android.tethering:8388608, /apex/com.android.os.statsd:8388608, /apex/com.android.runtime:8388608, /apex/com.android.tzdata:8388608, /apex/com.android.mediaprovider:8388608, /apex/com.android.vndk.v30:8388608, /apex/com.android.resolv:8388608, /apex/com.android.cellbroadcast:8388608, /apex/com.android.ipsec:8388608, /apex/com.android.permission:8388608, /apex/com.android.media.swcodec:8388608, /apex/com.android.extservices:8388608, /apex/com.android.media:8388608, /apex/com.android.telephony:8388608, /apex/com.android.neuralnetworks:8388608]
03-02 23:03:49.701   487   487 D SELinuxMMAC: Using policy file /system/etc/selinux/plat_mac_permissions.xml
03-02 23:03:49.702   487   487 D SELinuxMMAC: Using policy file /vendor/etc/selinux/vendor_mac_permissions.xml
03-02 23:03:49.703   487   487 I PackageManagerTiming: loadFallbacks
03-02 23:03:49.705   487   487 I PackageManagerTiming: read user settings
03-02 23:03:49.778   487   487 W PackageManager: Unknown element under <package>: uses-static-lib
03-02 23:03:49.786   487   487 W PackageManager: Unknown element under <package>: uses-static-lib
03-02 23:03:49.870   487   487 W PackageSettings: Missing permission state for shared user: android.uid.log
03-02 23:03:49.889   487   487 D PackageManager: Destroying unknown cache e0921fc1de923a11697c34d6a3d98ca132c2fb45
03-02 23:03:50.202   393   393 E iorapd  : Cannot get package manager service!
03-02 23:03:50.857   405   405 E storaged: getService package_native failed
03-02 23:03:50.883   405   535 I storaged: storaged: Start
03-02 23:03:51.202   393   393 W iorapd  : Reconnect to package manager service: 2 times
03-02 23:03:53.970   487   487 D CompatibilityChangeReporter: Compat change id reported: 143539591; UID -1; state: ENABLED
03-02 23:03:53.982   487   487 D CompatibilityChangeReporter: Compat change id reported: 135549675; UID 10002; state: ENABLED
03-02 23:03:53.989   487   487 D CompatibilityChangeReporter: Compat change id reported: 135549675; UID 10000; state: ENABLED
03-02 23:03:53.990   487   487 D CompatibilityChangeReporter: Compat change id reported: 135549675; UID 10004; state: ENABLED
03-02 23:03:53.994   487   487 D CompatibilityChangeReporter: Compat change id reported: 135549675; UID 10003; state: ENABLED
03-02 23:03:53.994   487   487 D CompatibilityChangeReporter: Compat change id reported: 135549675; UID 10005; state: ENABLED
03-02 23:03:53.995   487   487 D CompatibilityChangeReporter: Compat change id reported: 135549675; UID 10001; state: ENABLED
03-02 23:03:54.001   487   487 D CompatibilityChangeReporter: Compat change id reported: 135549675; UID 10006; state: ENABLED
03-02 23:03:54.002   487   487 D CompatibilityChangeReporter: Compat change id reported: 135549675; UID 10008; state: ENABLED
03-02 23:03:54.002   487   487 D CompatibilityChangeReporter: Compat change id reported: 135549675; UID 10007; state: ENABLED
03-02 23:03:54.003   487   487 D CompatibilityChangeReporter: Compat change id reported: 135549675; UID 10012; state: ENABLED
03-02 23:03:54.022   487   487 D CompatibilityChangeReporter: Compat change id reported: 135549675; UID 10009; state: ENABLED
03-02 23:03:54.024   487   487 D CompatibilityChangeReporter: Compat change id reported: 135549675; UID 10010; state: ENABLED
03-02 23:03:54.028   487   487 D CompatibilityChangeReporter: Compat change id reported: 135549675; UID 10015; state: ENABLED
03-02 23:03:54.029   487   487 D CompatibilityChangeReporter: Compat change id reported: 135549675; UID 10011; state: ENABLED
03-02 23:03:54.040   487   487 D CompatibilityChangeReporter: Compat change id reported: 135549675; UID 10013; state: ENABLED
03-02 23:03:54.046   487   487 D CompatibilityChangeReporter: Compat change id reported: 135549675; UID 10014; state: ENABLED
03-02 23:03:54.050   487   487 D CompatibilityChangeReporter: Compat change id reported: 135549675; UID 10016; state: ENABLED
03-02 23:03:54.052   487   487 D CompatibilityChangeReporter: Compat change id reported: 135549675; UID 10018; state: ENABLED
03-02 23:03:54.053   487   487 D CompatibilityChangeReporter: Compat change id reported: 135549675; UID 10023; state: ENABLED
03-02 23:03:54.054   487   487 D CompatibilityChangeReporter: Compat change id reported: 135549675; UID 10020; state: ENABLED
03-02 23:03:54.054   487   487 D CompatibilityChangeReporter: Compat change id reported: 135549675; UID 10017; state: ENABLED
03-02 23:03:54.055   487   487 D CompatibilityChangeReporter: Compat change id reported: 135549675; UID 10019; state: ENABLED
03-02 23:03:54.059   487   487 D CompatibilityChangeReporter: Compat change id reported: 135549675; UID 10026; state: ENABLED
03-02 23:03:54.067   487   487 D CompatibilityChangeReporter: Compat change id reported: 135549675; UID 10025; state: ENABLED
03-02 23:03:54.074   487   487 D CompatibilityChangeReporter: Compat change id reported: 135549675; UID 10024; state: ENABLED
03-02 23:03:54.074   487   487 D CompatibilityChangeReporter: Compat change id reported: 135549675; UID 10022; state: ENABLED
03-02 23:03:54.075   487   487 D CompatibilityChangeReporter: Compat change id reported: 135549675; UID 10021; state: ENABLED
03-02 23:03:54.077   487   487 D CompatibilityChangeReporter: Compat change id reported: 135549675; UID 10027; state: ENABLED
03-02 23:03:54.078   487   487 D CompatibilityChangeReporter: Compat change id reported: 135549675; UID 10030; state: ENABLED
03-02 23:03:54.087   487   487 D CompatibilityChangeReporter: Compat change id reported: 135549675; UID 10033; state: ENABLED
03-02 23:03:54.087   487   487 D CompatibilityChangeReporter: Compat change id reported: 135549675; UID 10028; state: ENABLED
03-02 23:03:54.088   487   487 D CompatibilityChangeReporter: Compat change id reported: 135549675; UID 10032; state: ENABLED
03-02 23:03:54.090   487   487 D CompatibilityChangeReporter: Compat change id reported: 135549675; UID 10031; state: ENABLED
03-02 23:03:54.091   487   487 D CompatibilityChangeReporter: Compat change id reported: 135549675; UID 10029; state: ENABLED
03-02 23:03:54.096   487   487 D CompatibilityChangeReporter: Compat change id reported: 135549675; UID 10034; state: ENABLED
03-02 23:03:54.098   487   487 D CompatibilityChangeReporter: Compat change id reported: 135549675; UID 10036; state: ENABLED
03-02 23:03:54.099   487   487 D CompatibilityChangeReporter: Compat change id reported: 135549675; UID 10038; state: ENABLED
03-02 23:03:54.102   487   487 D CompatibilityChangeReporter: Compat change id reported: 135549675; UID 10035; state: ENABLED
03-02 23:03:54.106   487   487 D CompatibilityChangeReporter: Compat change id reported: 135549675; UID 10039; state: ENABLED
03-02 23:03:54.107   487   487 D CompatibilityChangeReporter: Compat change id reported: 135549675; UID 10040; state: ENABLED
03-02 23:03:54.113   487   487 D CompatibilityChangeReporter: Compat change id reported: 135549675; UID 10037; state: ENABLED
03-02 23:03:54.114   487   487 D CompatibilityChangeReporter: Compat change id reported: 135549675; UID 10043; state: ENABLED
03-02 23:03:54.123   487   487 D CompatibilityChangeReporter: Compat change id reported: 135549675; UID 10044; state: ENABLED
03-02 23:03:54.125   487   487 D CompatibilityChangeReporter: Compat change id reported: 135549675; UID 10041; state: ENABLED
03-02 23:03:54.127   487   487 D CompatibilityChangeReporter: Compat change id reported: 135549675; UID 10042; state: ENABLED
03-02 23:03:54.129   487   487 D CompatibilityChangeReporter: Compat change id reported: 135549675; UID 10046; state: ENABLED
03-02 23:03:54.139   487   487 D CompatibilityChangeReporter: Compat change id reported: 135549675; UID 10049; state: ENABLED
03-02 23:03:54.140   487   487 D CompatibilityChangeReporter: Compat change id reported: 135549675; UID 10048; state: ENABLED
03-02 23:03:54.141   487   487 D CompatibilityChangeReporter: Compat change id reported: 135549675; UID 10051; state: ENABLED
03-02 23:03:54.145   487   487 D CompatibilityChangeReporter: Compat change id reported: 135549675; UID 10047; state: ENABLED
03-02 23:03:54.152   487   487 D CompatibilityChangeReporter: Compat change id reported: 135549675; UID 10045; state: ENABLED
03-02 23:03:54.156   487   487 D CompatibilityChangeReporter: Compat change id reported: 135549675; UID 10050; state: ENABLED
03-02 23:03:54.157   487   487 D CompatibilityChangeReporter: Compat change id reported: 135549675; UID 10054; state: ENABLED
03-02 23:03:54.158   487   487 D CompatibilityChangeReporter: Compat change id reported: 135549675; UID 10055; state: ENABLED
03-02 23:03:54.162   487   487 D CompatibilityChangeReporter: Compat change id reported: 135549675; UID 10052; state: ENABLED
03-02 23:03:54.168   487   487 D CompatibilityChangeReporter: Compat change id reported: 135549675; UID 10053; state: ENABLED
03-02 23:03:54.169   487   487 D CompatibilityChangeReporter: Compat change id reported: 135549675; UID 10056; state: ENABLED
03-02 23:03:54.170   487   487 D CompatibilityChangeReporter: Compat change id reported: 135549675; UID 10059; state: ENABLED
03-02 23:03:54.171   487   487 D CompatibilityChangeReporter: Compat change id reported: 135549675; UID 10057; state: ENABLED
03-02 23:03:54.171   487   487 D CompatibilityChangeReporter: Compat change id reported: 135549675; UID 10058; state: ENABLED
03-02 23:03:54.172   487   487 D CompatibilityChangeReporter: Compat change id reported: 135549675; UID 10060; state: ENABLED
03-02 23:03:54.180   487   487 W PackageManager: Failed to parse /system/framework/x86: Missing base APK in /system/framework/x86
03-02 23:03:54.180   487   487 W PackageManager: Failed to parse /system/framework/oat: Missing base APK in /system/framework/oat/x86
03-02 23:03:54.267   487   487 D CompatibilityChangeReporter: Compat change id reported: 135549675; UID 1000; state: ENABLED
03-02 23:03:54.286   487   487 D CompatibilityChangeReporter: Compat change id reported: 135549675; UID 10061; state: ENABLED
03-02 23:03:54.303   487   487 D CompatibilityChangeReporter: Compat change id reported: 135549675; UID 10062; state: ENABLED
